Component: ARM Compiler 5.06 update 7 (build 960) Tool: armlink [4d3601]

==============================================================================

Section Cross References

    startup_stm32f10x_hd.o(STACK) refers (Special) to heapauxi.o(.text) for __use_two_region_memory
    startup_stm32f10x_hd.o(HEAP) refers (Special) to heapauxi.o(.text) for __use_two_region_memory
    startup_stm32f10x_hd.o(RESET) refers (Special) to heapauxi.o(.text) for __use_two_region_memory
    startup_stm32f10x_hd.o(RESET) refers to startup_stm32f10x_hd.o(STACK) for __initial_sp
    startup_stm32f10x_hd.o(RESET) refers to startup_stm32f10x_hd.o(.text) for Reset_Handler
    startup_stm32f10x_hd.o(RESET) refers to stm32f10x_it.o(i.NMI_Handler) for NMI_Handler
    startup_stm32f10x_hd.o(RESET) refers to stm32f10x_it.o(i.HardFault_Handler) for HardFault_Handler
    startup_stm32f10x_hd.o(RESET) refers to stm32f10x_it.o(i.MemManage_Handler) for MemManage_Handler
    startup_stm32f10x_hd.o(RESET) refers to stm32f10x_it.o(i.BusFault_Handler) for BusFault_Handler
    startup_stm32f10x_hd.o(RESET) refers to stm32f10x_it.o(i.UsageFault_Handler) for UsageFault_Handler
    startup_stm32f10x_hd.o(RESET) refers to port.o(.emb_text) for SVC_Handler
    startup_stm32f10x_hd.o(RESET) refers to stm32f10x_it.o(i.DebugMon_Handler) for DebugMon_Handler
    startup_stm32f10x_hd.o(RESET) refers to delay.o(i.SysTick_Handler) for SysTick_Handler
    startup_stm32f10x_hd.o(RESET) refers to timer.o(i.TIM2_IRQHandler) for TIM2_IRQHandler
    startup_stm32f10x_hd.o(RESET) refers to tuya_wifi_usart.o(i.USART1_IRQHandler) for USART1_IRQHandler
    startup_stm32f10x_hd.o(RESET) refers to sensor_jw01.o(i.USART2_IRQHandler) for USART2_IRQHandler
    startup_stm32f10x_hd.o(RESET) refers to usart.o(i.USART3_IRQHandler) for USART3_IRQHandler
    startup_stm32f10x_hd.o(.text) refers (Special) to heapauxi.o(.text) for __use_two_region_memory
    startup_stm32f10x_hd.o(.text) refers to system_stm32f10x.o(i.SystemInit) for SystemInit
    startup_stm32f10x_hd.o(.text) refers to __main.o(!!!main) for __main
    startup_stm32f10x_hd.o(.text) refers to startup_stm32f10x_hd.o(HEAP) for Heap_Mem
    startup_stm32f10x_hd.o(.text) refers to startup_stm32f10x_hd.o(STACK) for Stack_Mem
    stm32f10x_gpio.o(i.GPIO_AFIODeInit) refers to stm32f10x_rcc.o(i.RCC_APB2PeriphResetCmd) for RCC_APB2PeriphResetCmd
    stm32f10x_gpio.o(i.GPIO_DeInit) refers to stm32f10x_rcc.o(i.RCC_APB2PeriphResetCmd) for RCC_APB2PeriphResetCmd
    stm32f10x_rcc.o(i.RCC_GetClocksFreq) refers to stm32f10x_rcc.o(.data) for .data
    stm32f10x_rcc.o(i.RCC_WaitForHSEStartUp) refers to stm32f10x_rcc.o(i.RCC_GetFlagStatus) for RCC_GetFlagStatus
    stm32f10x_usart.o(i.USART_DeInit) refers to stm32f10x_rcc.o(i.RCC_APB2PeriphResetCmd) for RCC_APB2PeriphResetCmd
    stm32f10x_usart.o(i.USART_DeInit) refers to stm32f10x_rcc.o(i.RCC_APB1PeriphResetCmd) for RCC_APB1PeriphResetCmd
    stm32f10x_usart.o(i.USART_Init) refers to stm32f10x_rcc.o(i.RCC_GetClocksFreq) for RCC_GetClocksFreq
    stm32f10x_tim.o(i.TIM_DeInit) refers to stm32f10x_rcc.o(i.RCC_APB2PeriphResetCmd) for RCC_APB2PeriphResetCmd
    stm32f10x_tim.o(i.TIM_DeInit) refers to stm32f10x_rcc.o(i.RCC_APB1PeriphResetCmd) for RCC_APB1PeriphResetCmd
    stm32f10x_tim.o(i.TIM_ETRClockMode1Config) refers to stm32f10x_tim.o(i.TIM_ETRConfig) for TIM_ETRConfig
    stm32f10x_tim.o(i.TIM_ETRClockMode2Config) refers to stm32f10x_tim.o(i.TIM_ETRConfig) for TIM_ETRConfig
    stm32f10x_tim.o(i.TIM_ICInit) refers to stm32f10x_tim.o(i.TI4_Config) for TI4_Config
    stm32f10x_tim.o(i.TIM_ICInit) refers to stm32f10x_tim.o(i.TIM_SetIC4Prescaler) for TIM_SetIC4Prescaler
    stm32f10x_tim.o(i.TIM_ICInit) refers to stm32f10x_tim.o(i.TI1_Config) for TI1_Config
    stm32f10x_tim.o(i.TIM_ICInit) refers to stm32f10x_tim.o(i.TIM_SetIC1Prescaler) for TIM_SetIC1Prescaler
    stm32f10x_tim.o(i.TIM_ICInit) refers to stm32f10x_tim.o(i.TI2_Config) for TI2_Config
    stm32f10x_tim.o(i.TIM_ICInit) refers to stm32f10x_tim.o(i.TIM_SetIC2Prescaler) for TIM_SetIC2Prescaler
    stm32f10x_tim.o(i.TIM_ICInit) refers to stm32f10x_tim.o(i.TI3_Config) for TI3_Config
    stm32f10x_tim.o(i.TIM_ICInit) refers to stm32f10x_tim.o(i.TIM_SetIC3Prescaler) for TIM_SetIC3Prescaler
    stm32f10x_tim.o(i.TIM_ITRxExternalClockConfig) refers to stm32f10x_tim.o(i.TIM_SelectInputTrigger) for TIM_SelectInputTrigger
    stm32f10x_tim.o(i.TIM_PWMIConfig) refers to stm32f10x_tim.o(i.TI2_Config) for TI2_Config
    stm32f10x_tim.o(i.TIM_PWMIConfig) refers to stm32f10x_tim.o(i.TIM_SetIC2Prescaler) for TIM_SetIC2Prescaler
    stm32f10x_tim.o(i.TIM_PWMIConfig) refers to stm32f10x_tim.o(i.TI1_Config) for TI1_Config
    stm32f10x_tim.o(i.TIM_PWMIConfig) refers to stm32f10x_tim.o(i.TIM_SetIC1Prescaler) for TIM_SetIC1Prescaler
    stm32f10x_tim.o(i.TIM_TIxExternalClockConfig) refers to stm32f10x_tim.o(i.TI1_Config) for TI1_Config
[...]
    uxPendedTicks                            0x20000048   Data           4  tasks.o(.data)
    xYieldPending                            0x2000004c   Data           4  tasks.o(.data)
    xNumOfOverflows                          0x20000050   Data           4  tasks.o(.data)
    uxTaskNumber                             0x20000054   Data           4  tasks.o(.data)
    xNextTaskUnblockTime                     0x20000058   Data           4  tasks.o(.data)
    xIdleTaskHandle                          0x2000005c   Data           4  tasks.o(.data)
    uxSchedulerSuspended                     0x20000060   Data           4  tasks.o(.data)
    pxDelayedTaskList                        0x20000064   Data           4  tasks.o(.data)
    pxOverflowDelayedTaskList                0x20000068   Data           4  tasks.o(.data)
    .data                                    0x2000006c   Section       20  timers.o(.data)
    xTimerQueue                              0x2000006c   Data           4  timers.o(.data)
    xTimerTaskHandle                         0x20000070   Data           4  timers.o(.data)
    xLastTime                                0x20000074   Data           4  timers.o(.data)
    pxCurrentTimerList                       0x20000078   Data           4  timers.o(.data)
    pxOverflowTimerList                      0x2000007c   Data           4  timers.o(.data)
    .data                                    0x20000080   Section       20  system_stm32f10x.o(.data)
    .data                                    0x20000094   Section       17  mode.o(.data)
    g_mode                                   0x20000094   Data           1  mode.o(.data)
    g_type                                   0x20000095   Data           1  mode.o(.data)
    cy_status                                0x20000096   Data           1  mode.o(.data)
    .data                                    0x200000a8   Section        8  timeheat.o(.data)
    .data                                    0x200000b0   Section        4  pirdetect.o(.data)
    .data                                    0x200000b4   Section        4  delay.o(.data)
    fac_us                                   0x200000b4   Data           1  delay.o(.data)
    fac_ms                                   0x200000b6   Data           2  delay.o(.data)
    .data                                    0x200000b8   Section        2  usart.o(.data)
    .data                                    0x200000bc   Section        4  timer.o(.data)
    .data                                    0x200000c0   Section        2  mcu_api.o(.data)
    rx_in                                    0x200000c0   Data           2  mcu_api.o(.data)
    .data                                    0x200000c4   Section       12  system.o(.data)
    mcu_reset_state                          0x200000c4   Data           1  system.o(.data)
    .data                                    0x200000d0   Section        1  system.o(.data)
    .data                                    0x200000d4   Section        8  key.o(.data)
    last_key                                 0x200000d4   Data           1  key.o(.data)
    reset_count                              0x200000d8   Data           4  key.o(.data)
    .data                                    0x200000dc   Section        5  buzzer.o(.data)
    .data                                    0x200000e4   Section        8  sensor_dht20.o(.data)
    Humidity                                 0x200000e4   Data           4  sensor_dht20.o(.data)
    Temperature                              0x200000e8   Data           4  sensor_dht20.o(.data)
    .data                                    0x200000ec   Section       14  sensor_jw01.o(.data)
    TVOC_H                                   0x200000ec   Data           1  sensor_jw01.o(.data)
    TVOC_L                                   0x200000ed   Data           1  sensor_jw01.o(.data)
    CH2O_H                                   0x200000ee   Data           1  sensor_jw01.o(.data)
    CH2O_L                                   0x200000ef   Data           1  sensor_jw01.o(.data)
    CO2_H                                    0x200000f0   Data           1  sensor_jw01.o(.data)
    CO2_L                                    0x200000f1   Data           1  sensor_jw01.o(.data)
    checkdata                                0x200000f2   Data           1  sensor_jw01.o(.data)
    TVOC_H_temp                              0x200000f3   Data           1  sensor_jw01.o(.data)
    TVOC_L_temp                              0x200000f4   Data           1  sensor_jw01.o(.data)
    CH2O_H_temp                              0x200000f5   Data           1  sensor_jw01.o(.data)
    CH2O_L_temp                              0x200000f6   Data           1  sensor_jw01.o(.data)
    CO2_H_temp                               0x200000f7   Data           1  sensor_jw01.o(.data)
    CO2_L_temp                               0x200000f8   Data           1  sensor_jw01.o(.data)
    checkdata_temp                           0x200000f9   Data           1  sensor_jw01.o(.data)
    .data                                    0x200000fc   Section       12  device.o(.data)
    g_light_on                               0x200000fc   Data           1  device.o(.data)
    g_heat_on                                0x200000fd   Data           1  device.o(.data)
    g_fan_on                                 0x200000fe   Data           1  device.o(.data)
    g_flz_on                                 0x200000ff   Data           1  device.o(.data)
    g_cy_on                                  0x20000100   Data           1  device.o(.data)
    g_xx_on                                  0x20000101   Data           1  device.o(.data)
    g_uv_on                                  0x20000102   Data           1  device.o(.data)
    g_device_initialized                     0x20000104   Data           4  device.o(.data)
    .bss                                     0x20000108   Section    17408  heap_4.o(.bss)
    ucHeap                                   0x20000108   Data       17408  heap_4.o(.bss)
    .bss                                     0x20004508   Section      200  tasks.o(.bss)
    pxReadyTasksLists                        0x20004508   Data         100  tasks.o(.bss)
    xDelayedTaskList1                        0x2000456c   Data          20  tasks.o(.bss)
    xDelayedTaskList2                        0x20004580   Data          20  tasks.o(.bss)
    xPendingReadyList                        0x20004594   Data          20  tasks.o(.bss)
    xTasksWaitingTermination                 0x200045a8   Data          20  tasks.o(.bss)
    xSuspendedTaskList                       0x200045bc   Data          20  tasks.o(.bss)
    .bss                                     0x200045d0   Section       40  timers.o(.bss)
    xActiveTimerList1                        0x200045d0   Data          20  timers.o(.bss)
    xActiveTimerList2                        0x200045e4   Data          20  timers.o(.bss)
    .bss                                     0x200045f8   Section      200  usart.o(.bss)
    .bss                                     0x200046c0   Section      109  system.o(.bss)
    .bss                                     0x20004730   Section      280  tuya_wifi_usart.o(.bss)
    UartRxbuf                                0x20004730   Data          12  tuya_wifi_usart.o(.bss)
    UartTxbuf                                0x2000473c   Data          12  tuya_wifi_usart.o(.bss)
    rx_buffer                                0x20004748   Data         128  tuya_wifi_usart.o(.bss)
    tx_buffer                                0x200047c8   Data         128  tuya_wifi_usart.o(.bss)
    .bss                                     0x20004848   Section      280  sensor_jw01.o(.bss)
    rx_buffer                                0x20004848   Data         128  sensor_jw01.o(.bss)
    tx_buffer                                0x200048c8   Data         128  sensor_jw01.o(.bss)
    UartRxbuf                                0x20004948   Data          12  sensor_jw01.o(.bss)
    UartTxbuf                                0x20004954   Data          12  sensor_jw01.o(.bss)
    .bss                                     0x20004960   Section       96  libspace.o(.bss)
    HEAP                                     0x200049c0   Section      512  startup_stm32f10x_hd.o(HEAP)
    Heap_Mem                                 0x200049c0   Data         512  startup_stm32f10x_hd.o(HEAP)
    STACK                                    0x20004bc0   Section     1024  startup_stm32f10x_hd.o(STACK)
    Stack_Mem                                0x20004bc0   Data        1024  startup_stm32f10x_hd.o(STACK)
    __initial_sp                             0x20004fc0   Data           0  startup_stm32f10x_hd.o(STACK)

    Global Symbols

    Symbol Name                              Value     Ov Type        Size  Object(Section)

    BuildAttributes$$THM_ISAv4$P$D$K$B$S$PE$A:L22UL41UL21$X:L11$S22US41US21$IEEE1$IW$USESV6$~STKCKD$USESV7$~SHL$OSPACE$ROPI$EBA8$UX$STANDARDLIB$REQ8$PRES8$EABIv2 0x00000000   Number         0  anon$$obj.o ABSOLUTE
    __ARM_use_no_argv                        0x00000000   Number         0  main.o ABSOLUTE
    __ARM_exceptions_init                     - Undefined Weak Reference
    __alloca_initialize                       - Undefined Weak Reference
    __arm_fini_                               - Undefined Weak Reference
    __arm_preinit_                            - Undefined Weak Reference
    __cpp_initialize__aeabi_                  - Undefined Weak Reference
    __cxa_finalize                            - Undefined Weak Reference
    __rt_locale                               - Undefined Weak Reference
    __sigvec_lookup                           - Undefined Weak Reference
    _atexit_init                              - Undefined Weak Reference
    _call_atexit_fns                          - Undefined Weak Reference
    _clock_init                               - Undefined Weak Reference
    _fp_trap_init                             - Undefined Weak Reference
    _fp_trap_shutdown                         - Undefined Weak Reference
    _get_lc_collate                           - Undefined Weak Reference
    _get_lc_ctype                             - Undefined Weak Reference
    _get_lc_monetary                          - Undefined Weak Reference
    _get_lc_numeric                           - Undefined Weak Reference
    _get_lc_time                              - Undefined Weak Reference
    _getenv_init                              - Undefined Weak Reference
    _handle_redirection                       - Undefined Weak Reference
    _init_alloc                               - Undefined Weak Reference
    _init_user_alloc                          - Undefined Weak Reference
    _initio                                   - Undefined Weak Reference
    _rand_init                                - Undefined Weak Reference
    _signal_finish                            - Undefined Weak Reference
    _signal_init                              - Undefined Weak Reference
    _terminate_alloc                          - Undefined Weak Reference
    _terminate_user_alloc                     - Undefined Weak Reference
    _terminateio                              - Undefined Weak Reference
    __Vectors_Size                           0x00000130   Number         0  startup_stm32f10x_hd.o ABSOLUTE
    __Vectors                                0x08000000   Data           4  startup_stm32f10x_hd.o(RESET)
    __Vectors_End                            0x08000130   Data           0  startup_stm32f10x_hd.o(RESET)
    __main                                   0x08000131   Thumb Code     8  __main.o(!!!main)
    __scatterload                            0x08000139   Thumb Code     0  __scatter.o(!!!scatter)
    __scatterload_rt2                        0x08000139   Thumb Code    44  __scatter.o(!!!scatter)
    __scatterload_rt2_thumb_only             0x08000139   Thumb Code     0  __scatter.o(!!!scatter)
    __scatterload_null                       0x08000147   Thumb Code     0  __scatter.o(!!!scatter)
    __scatterload_copy                       0x0800016d   Thumb Code    26  __scatter_copy.o(!!handler_copy)
    __scatterload_zeroinit                   0x08000189   Thumb Code    28  __scatter_zi.o(!!handler_zi)
    __rt_lib_init                            0x080001a5   Thumb Code     0  libinit.o(.ARM.Collect$$libinit$$00000000)
    __rt_lib_init_alloca_1                   0x080001a7   Thumb Code     0  libinit2.o(.ARM.Collect$$libinit$$0000002E)
    __rt_lib_init_argv_1                     0x080001a7   Thumb Code     0  libinit2.o(.ARM.Collect$$libinit$$0000002C)
    __rt_lib_init_atexit_1                   0x080001a7   Thumb Code     0  libinit2.o(.ARM.Collect$$libinit$$0000001B)
    __rt_lib_init_clock_1                    0x080001a7   Thumb Code     0  libinit2.o(.ARM.Collect$$libinit$$00000021)
    __rt_lib_init_cpp_1                      0x080001a7   Thumb Code     0  libinit2.o(.ARM.Collect$$libinit$$00000032)
    __rt_lib_init_exceptions_1               0x080001a7   Thumb Code     0  libinit2.o(.ARM.Collect$$libinit$$00000030)
    __rt_lib_init_fp_1                       0x080001a7   Thumb Code     0  libinit2.o(.ARM.Collect$$libinit$$00000002)
    __rt_lib_init_fp_trap_1                  0x080001a7   Thumb Code     0  libinit2.o(.ARM.Collect$$libinit$$0000001F)
    __rt_lib_init_getenv_1                   0x080001a7   Thumb Code     0  libinit2.o(.ARM.Collect$$libinit$$00000023)
    __rt_lib_init_heap_1                     0x080001a7   Thumb Code     0  libinit2.o(.ARM.Collect$$libinit$$0000000A)
    __rt_lib_init_lc_collate_1               0x080001a7   Thumb Code     0  libinit2.o(.ARM.Collect$$libinit$$00000011)
    __rt_lib_init_lc_ctype_1                 0x080001a7   Thumb Code     0  libinit2.o(.ARM.Collect$$libinit$$00000013)
    __rt_lib_init_lc_monetary_1              0x080001a7   Thumb Code     0  libinit2.o(.ARM.Collect$$libinit$$00000015)
    __rt_lib_init_lc_numeric_1               0x080001a7   Thumb Code     0  libinit2.o(.ARM.Collect$$libinit$$00000017)
    __rt_lib_init_lc_time_1                  0x080001a7   Thumb Code     0  libinit2.o(.ARM.Collect$$libinit$$00000019)
    __rt_lib_init_preinit_1                  0x080001a7   Thumb Code     0  libinit2.o(.ARM.Collect$$libinit$$00000004)
    __rt_lib_init_rand_1                     0x080001a7   Thumb Code     0  libinit2.o(.ARM.Collect$$libinit$$0000000E)
    __rt_lib_init_return                     0x080001a7   Thumb Code     0  libinit2.o(.ARM.Collect$$libinit$$00000033)
    __rt_lib_init_signal_1                   0x080001a7   Thumb Code     0  libinit2.o(.ARM.Collect$$libinit$$0000001D)
    __rt_lib_init_stdio_1                    0x080001a7   Thumb Code     0  libinit2.o(.ARM.Collect$$libinit$$00000025)
    __rt_lib_init_user_alloc_1               0x080001a7   Thumb Code     0  libinit2.o(.ARM.Collect$$libinit$$0000000C)
    __rt_lib_shutdown                        0x080001a9   Thumb Code     0  libshutdown.o(.ARM.Collect$$libshutdown$$00000000)
    __rt_lib_shutdown_cpp_1                  0x080001ab   Thumb Code     0  libshutdown2.o(.ARM.Collect$$libshutdown$$00000004)
    __rt_lib_shutdown_fini_1                 0x080001ab   Thumb Code     0  libshutdown2.o(.ARM.Collect$$libshutdown$$00000002)
    __rt_lib_shutdown_fp_trap_1              0x080001ab   Thumb Code     0  libshutdown2.o(.ARM.Collect$$libshutdown$$00000009)
    __rt_lib_shutdown_heap_1                 0x080001ab   Thumb Code     0  libshutdown2.o(.ARM.Collect$$libshutdown$$00000011)
    __rt_lib_shutdown_return                 0x080001ab   Thumb Code     0  libshutdown2.o(.ARM.Collect$$libshutdown$$00000012)
    __rt_lib_shutdown_signal_1               0x080001ab   Thumb Code     0  libshutdown2.o(.ARM.Collect$$libshutdown$$0000000C)
    __rt_lib_shutdown_stdio_1                0x080001ab   Thumb Code     0  libshutdown2.o(.ARM.Collect$$libshutdown$$00000006)
    __rt_lib_shutdown_user_alloc_1           0x080001ab   Thumb Code     0  libshutdown2.o(.ARM.Collect$$libshutdown$$0000000E)
    __rt_entry                               0x080001ad   Thumb Code     0  __rtentry.o(.ARM.Collect$$rtentry$$00000000)
    __rt_entry_presh_1                       0x080001ad   Thumb Code     0  __rtentry2.o(.ARM.Collect$$rtentry$$00000002)
    __rt_entry_sh                            0x080001ad   Thumb Code     0  __rtentry4.o(.ARM.Collect$$rtentry$$00000004)
    __rt_entry_li                            0x080001b3   Thumb Code     0  __rtentry2.o(.ARM.Collect$$rtentry$$0000000A)
    __rt_entry_postsh_1                      0x080001b3   Thumb Code     0  __rtentry2.o(.ARM.Collect$$rtentry$$00000009)
    __rt_entry_main                          0x080001b7   Thumb Code     0  __rtentry2.o(.ARM.Collect$$rtentry$$0000000D)
    __rt_entry_postli_1                      0x080001b7   Thumb Code     0  __rtentry2.o(.ARM.Collect$$rtentry$$0000000C)
    __rt_exit                                0x080001bf   Thumb Code     0  rtexit.o(.ARM.Collect$$rtexit$$00000000)
    __rt_exit_ls                             0x080001c1   Thumb Code     0  rtexit2.o(.ARM.Collect$$rtexit$$00000003)
    __rt_exit_prels_1                        0x080001c1   Thumb Code     0  rtexit2.o(.ARM.Collect$$rtexit$$00000002)
    __rt_exit_exit                           0x080001c5   Thumb Code     0  rtexit2.o(.ARM.Collect$$rtexit$$00000004)
    SVC_Handler                              0x080001cd   Thumb Code    32  port.o(.emb_text)
    __asm___6_port_c_39a90d8d__prvStartFirstTask 0x080001f1   Thumb Code    28  port.o(.emb_text)
    PendSV_Handler                           0x08000211   Thumb Code    72  port.o(.emb_text)
    vPortGetIPSR                             0x0800025d   Thumb Code     6  port.o(.emb_text)
    Reset_Handler                            0x08000265   Thumb Code     8  startup_stm32f10x_hd.o(.text)
    ADC1_2_IRQHandler                        0x0800027f   Thumb Code     0  startup_stm32f10x_hd.o(.text)
    ADC3_IRQHandler                          0x0800027f   Thumb Code     0  startup_stm32f10x_hd.o(.text)
    CAN1_RX1_IRQHandler                      0x0800027f   Thumb Code     0  startup_stm32f10x_hd.o(.text)
    CAN1_SCE_IRQHandler                      0x0800027f   Thumb Code     0  startup_stm32f10x_hd.o(.text)
    DMA1_Channel1_IRQHandler                 0x0800027f   Thumb Code     0  startup_stm32f10x_hd.o(.text)
    DMA1_Channel2_IRQHandler                 0x0800027f   Thumb Code     0  startup_stm32f10x_hd.o(.text)
    DMA1_Channel3_IRQHandler                 0x0800027f   Thumb Code     0  startup_stm32f10x_hd.o(.text)
    DMA1_Channel4_IRQHandler                 0x0800027f   Thumb Code     0  startup_stm32f10x_hd.o(.text)
    DMA1_Channel5_IRQHandler                 0x0800027f   Thumb Code     0  startup_stm32f10x_hd.o(.text)
    DMA1_Channel6_IRQHandler                 0x0800027f   Thumb Code     0  startup_stm32f10x_hd.o(.text)
    DMA1_Channel7_IRQHandler                 0x0800027f   Thumb Code     0  startup_stm32f10x_hd.o(.text)
    DMA2_Channel1_IRQHandler                 0x0800027f   Thumb Code     0  startup_stm32f10x_hd.o(.text)
    DMA2_Channel2_IRQHandler                 0x0800027f   Thumb Code     0  startup_stm32f10x_hd.o(.text)
    DMA2_Channel3_IRQHandler                 0x0800027f   Thumb Code     0  startup_stm32f10x_hd.o(.text)
    DMA2_Channel4_5_IRQHandler               0x0800027f   Thumb Code     0  startup_stm32f10x_hd.o(.text)
    EXTI0_IRQHandler                         0x0800027f   Thumb Code     0  startup_stm32f10x_hd.o(.text)
    EXTI15_10_IRQHandler                     0x0800027f   Thumb Code     0  startup_stm32f10x_hd.o(.text)
    EXTI1_IRQHandler                         0x0800027f   Thumb Code     0  startup_stm32f10x_hd.o(.text)
    EXTI2_IRQHandler                         0x0800027f   Thumb Code     0  startup_stm32f10x_hd.o(.text)
    EXTI3_IRQHandler                         0x0800027f   Thumb Code     0  startup_stm32f10x_hd.o(.text)
    EXTI4_IRQHandler                         0x0800027f   Thumb Code     0  startup_stm32f10x_hd.o(.text)
    EXTI9_5_IRQHandler                       0x0800027f   Thumb Code     0  startup_stm32f10x_hd.o(.text)
    FLASH_IRQHandler                         0x0800027f   Thumb Code     0  startup_stm32f10x_hd.o(.text)
    FSMC_IRQHandler                          0x0800027f   Thumb Code     0  startup_stm32f10x_hd.o(.text)
    I2C1_ER_IRQHandler                       0x0800027f   Thumb Code     0  startup_stm32f10x_hd.o(.text)
    I2C1_EV_IRQHandler                       0x0800027f   Thumb Code     0  startup_stm32f10x_hd.o(.text)
    I2C2_ER_IRQHandler                       0x0800027f   Thumb Code     0  startup_stm32f10x_hd.o(.text)
    I2C2_EV_IRQHandler                       0x0800027f   Thumb Code     0  startup_stm32f10x_hd.o(.text)
    PVD_IRQHandler                           0x0800027f   Thumb Code     0  startup_stm32f10x_hd.o(.text)
    RCC_IRQHandler                           0x0800027f   Thumb Code     0  startup_stm32f10x_hd.o(.text)
    RTCAlarm_IRQHandler                      0x0800027f   Thumb Code     0  startup_stm32f10x_hd.o(.text)
    RTC_IRQHandler                           0x0800027f   Thumb Code     0  startup_stm32f10x_hd.o(.text)
    SDIO_IRQHandler                          0x0800027f   Thumb Code     0  startup_stm32f10x_hd.o(.text)
    SPI1_IRQHandler                          0x0800027f   Thumb Code     0  startup_stm32f10x_hd.o(.text)
    SPI2_IRQHandler                          0x0800027f   Thumb Code     0  startup_stm32f10x_hd.o(.text)
    SPI3_IRQHandler                          0x0800027f   Thumb Code     0  startup_stm32f10x_hd.o(.text)
    TAMPER_IRQHandler                        0x0800027f   Thumb Code     0  startup_stm32f10x_hd.o(.text)
    TIM1_BRK_IRQHandler                      0x0800027f   Thumb Code     0  startup_stm32f10x_hd.o(.text)
    TIM1_CC_IRQHandler                       0x0800027f   Thumb Code     0  startup_stm32f10x_hd.o(.text)
    TIM1_TRG_COM_IRQHandler                  0x0800027f   Thumb Code     0  startup_stm32f10x_hd.o(.text)
    TIM1_UP_IRQHandler                       0x0800027f   Thumb Code     0  startup_stm32f10x_hd.o(.text)
    TIM3_IRQHandler                          0x0800027f   Thumb Code     0  startup_stm32f10x_hd.o(.text)
    TIM4_IRQHandler                          0x0800027f   Thumb Code     0  startup_stm32f10x_hd.o(.text)
    TIM5_IRQHandler                          0x0800027f   Thumb Code     0  startup_stm32f10x_hd.o(.text)
    TIM6_IRQHandler                          0x0800027f   Thumb Code     0  startup_stm32f10x_hd.o(.text)
    TIM7_IRQHandler                          0x0800027f   Thumb Code     0  startup_stm32f10x_hd.o(.text)
    TIM8_BRK_IRQHandler                      0x0800027f   Thumb Code     0  startup_stm32f10x_hd.o(.text)
    TIM8_CC_IRQHandler                       0x0800027f   Thumb Code     0  startup_stm32f10x_hd.o(.text)
    TIM8_TRG_COM_IRQHandler                  0x0800027f   Thumb Code     0  startup_stm32f10x_hd.o(.text)
    TIM8_UP_IRQHandler                       0x0800027f   Thumb Code     0  startup_stm32f10x_hd.o(.text)
    UART4_IRQHandler                         0x0800027f   Thumb Code     0  startup_stm32f10x_hd.o(.text)
    UART5_IRQHandler                         0x0800027f   Thumb Code     0  startup_stm32f10x_hd.o(.text)
    USBWakeUp_IRQHandler                     0x0800027f   Thumb Code     0  startup_stm32f10x_hd.o(.text)
    USB_HP_CAN1_TX_IRQHandler                0x0800027f   Thumb Code     0  startup_stm32f10x_hd.o(.text)
    USB_LP_CAN1_RX0_IRQHandler               0x0800027f   Thumb Code     0  startup_stm32f10x_hd.o(.text)
    WWDG_IRQHandler                          0x0800027f   Thumb Code     0  startup_stm32f10x_hd.o(.text)
    __user_initial_stackheap                 0x08000281   Thumb Code     0  startup_stm32f10x_hd.o(.text)
    __use_no_semihosting                     0x080002a5   Thumb Code     2  use_no_semi_2.o(.text)
    __aeabi_memcpy                           0x080002a7   Thumb Code     0  rt_memcpy_v6.o(.text)
    __rt_memcpy                              0x080002a7   Thumb Code   138  rt_memcpy_v6.o(.text)
    _memcpy_lastbytes                        0x0800030d   Thumb Code     0  rt_memcpy_v6.o(.text)
    __use_two_region_memory                  0x08000331   Thumb Code     2  heapauxi.o(.text)
    __rt_heap_escrow$2region                 0x08000333   Thumb Code     2  heapauxi.o(.text)
    __rt_heap_expand$2region                 0x08000335   Thumb Code     2  heapauxi.o(.text)
    __I$use$semihosting                      0x08000337   Thumb Code     0  use_no_semi.o(.text)
    __use_no_semihosting_swi                 0x08000337   Thumb Code     2  use_no_semi.o(.text)
    __aeabi_memcpy4                          0x08000339   Thumb Code     0  rt_memcpy_w.o(.text)
    __aeabi_memcpy8                          0x08000339   Thumb Code     0  rt_memcpy_w.o(.text)
    __rt_memcpy_w                            0x08000339   Thumb Code   100  rt_memcpy_w.o(.text)
    _memcpy_lastbytes_aligned                0x08000381   Thumb Code     0  rt_memcpy_w.o(.text)
    __user_setup_stackheap                   0x0800039d   Thumb Code    74  sys_stackheap_outer.o(.text)
    exit                                     0x080003e7   Thumb Code    18  exit.o(.text)
    __user_libspace                          0x080003f9   Thumb Code     8  libspace.o(.text)
    __user_perproc_libspace                  0x080003f9   Thumb Code     0  libspace.o(.text)
    __user_perthread_libspace                0x080003f9   Thumb Code     0  libspace.o(.text)
    AHT20_Read_CTdata_crc                    0x08000465   Thumb Code   260  sensor_dht20.o(i.AHT20_Read_CTdata_crc)
    AHT20_Read_Status                        0x08000569   Thumb Code    34  sensor_dht20.o(i.AHT20_Read_Status)
    AHT20_SendAC                             0x0800058b   Thumb Code    54  sensor_dht20.o(i.AHT20_SendAC)
    AHT20_Start_Init                         0x080005c1   Thumb Code    24  sensor_dht20.o(i.AHT20_Start_Init)
    ALL_turn_off                             0x08000649   Thumb Code    42  device.o(i.ALL_turn_off)
    AutoRun                                  0x08000673   Thumb Code   168  autorun.o(i.AutoRun)
    AutoRunFunction                          0x0800071b   Thumb Code    16  main.o(i.AutoRunFunction)
    BusFault_Handler                         0x0800072b   Thumb Code     2  stm32f10x_it.o(i.BusFault_Handler)
    Buzzer_Output                            0x0800072d   Thumb Code    94  buzzer.o(i.Buzzer_Output)
    Buzzer_Start                             0x08000799   Thumb Code    18  buzzer.o(i.Buzzer_Start)
    CY_turn                                  0x080007b1   Thumb Code    40  device.o(i.CY_turn)
    Calc_CRC8                                0x080007e1   Thumb Code    52  sensor_dht20.o(i.Calc_CRC8)
    DHT20_I2C_Config                         0x08000815   Thumb Code    44  dht20_i2c.o(i.DHT20_I2C_Config)
    DHT20_get_humidity                       0x08000845   Thumb Code     6  sensor_dht20.o(i.DHT20_get_humidity)
    DHT20_get_temperature                    0x08000851   Thumb Code     6  sensor_dht20.o(i.DHT20_get_temperature)
    DHT20_update                             0x0800085d   Thumb Code    48  sensor_dht20.o(i.DHT20_update)
    DebugMon_Handler                         0x08000891   Thumb Code     2  stm32f10x_it.o(i.DebugMon_Handler)
    Device_GPIO_Config                       0x08000895   Thumb Code   116  device_gpio.o(i.Device_GPIO_Config)
    Device_Init                              0x08000911   Thumb Code   102  device.o(i.Device_Init)
    FAN_turn                                 0x08000985   Thumb Code    40  device.o(i.FAN_turn)
    FLZ_turn                                 0x080009b5   Thumb Code    40  device.o(i.FLZ_turn)
    GPIO_AF_PP                               0x080009e5   Thumb Code    26  config.o(i.GPIO_AF_PP)
    GPIO_In_FLOATING                         0x080009ff   Thumb Code    26  config.o(i.GPIO_In_FLOATING)
    GPIO_In_PU                               0x08000a19   Thumb Code    26  config.o(i.GPIO_In_PU)
    GPIO_Init                                0x08000a33   Thumb Code   166  stm32f10x_gpio.o(i.GPIO_Init)
    GPIO_Out_PP                              0x08000ad9   Thumb Code    26  config.o(i.GPIO_Out_PP)
    GPIO_ReadInputDataBit                    0x08000af3   Thumb Code    14  stm32f10x_gpio.o(i.GPIO_ReadInputDataBit)
    GPIO_ResetBits                           0x08000b01   Thumb Code     4  stm32f10x_gpio.o(i.GPIO_ResetBits)
    GPIO_SetBits                             0x08000b05   Thumb Code     4  stm32f10x_gpio.o(i.GPIO_SetBits)
    GPIO_WriteBit                            0x08000b09   Thumb Code    12  stm32f10x_gpio.o(i.GPIO_WriteBit)
    HEAT_turn                                0x08000b15   Thumb Code    74  device.o(i.HEAT_turn)
    HardFault_Handler                        0x08000b69   Thumb Code     2  stm32f10x_it.o(i.HardFault_Handler)
    JH_Reset_REG                             0x08000bf1   Thumb Code   164  sensor_dht20.o(i.JH_Reset_REG)
    JW01_HW_Poweron                          0x08000c95   Thumb Code    32  jw01_usart.o(i.JW01_HW_Poweron)
    JW01_USART_Config                        0x08000cb9   Thumb Code    76  jw01_usart.o(i.JW01_USART_Config)
    JW01_USART_Enable_Rx                     0x08000d0d   Thumb Code    12  jw01_usart.o(i.JW01_USART_Enable_Rx)
    JW01_get_CH2O                            0x08000d1d   Thumb Code    14  sensor_jw01.o(i.JW01_get_CH2O)
    JW01_get_CO2                             0x08000d31   Thumb Code    14  sensor_jw01.o(i.JW01_get_CO2)
    JW01_get_TVOC                            0x08000d45   Thumb Code    14  sensor_jw01.o(i.JW01_get_TVOC)
    JW01_update                              0x08000da9   Thumb Code   114  sensor_jw01.o(i.JW01_update)
    Key_GPIO_Config                          0x08000e21   Thumb Code    18  key_gpio.o(i.Key_GPIO_Config)
    Key_GPIO_Get_Key                         0x08000e39   Thumb Code    20  key_gpio.o(i.Key_GPIO_Get_Key)
    Key_Init                                 0x08000e51   Thumb Code     4  key.o(i.Key_Init)
    Key_Scan                                 0x08000e55   Thumb Code    32  key.o(i.Key_Scan)
    Key_Task                                 0x08000e79   Thumb Code    72  key.o(i.Key_Task)
    MainFunction                             0x08000ec9   Thumb Code    20  main.o(i.MainFunction)
    MemManage_Handler                        0x08000edd   Thumb Code     2  stm32f10x_it.o(i.MemManage_Handler)
    Mode_Task                                0x08000edf   Thumb Code    70  mode_task.o(i.Mode_Task)
    NMI_Handler                              0x08000f25   Thumb Code     2  stm32f10x_it.o(i.NMI_Handler)
    NVIC_Enable                              0x08000f27   Thumb Code    42  config.o(i.NVIC_Enable)
    NVIC_Init                                0x08000f51   Thumb Code    96  misc.o(i.NVIC_Init)
    NVIC_PriorityGroupConfig                 0x08000fb5   Thumb Code    10  misc.o(i.NVIC_PriorityGroupConfig)
    PirDetect                                0x08000fc9   Thumb Code   142  pirdetect.o(i.PirDetect)
    PirDetectFunction                        0x08001061   Thumb Code    16  main.o(i.PirDetectFunction)
    RCC_APB1PeriphClockCmd                   0x08001071   Thumb Code    22  stm32f10x_rcc.o(i.RCC_APB1PeriphClockCmd)
    RCC_APB2PeriphClockCmd                   0x0800108d   Thumb Code    22  stm32f10x_rcc.o(i.RCC_APB2PeriphClockCmd)
    RCC_GPIOA_Enable                         0x080010a9   Thumb Code     8  config.o(i.RCC_GPIOA_Enable)
    RCC_GPIOB_Enable                         0x080010b1   Thumb Code     8  config.o(i.RCC_GPIOB_Enable)
    RCC_GPIOC_Enable                         0x080010b9   Thumb Code     8  config.o(i.RCC_GPIOC_Enable)
    RCC_GetClocksFreq                        0x080010c1   Thumb Code   154  stm32f10x_rcc.o(i.RCC_GetClocksFreq)
    SDA_Input                                0x080011c5   Thumb Code     8  dht20_i2c.o(i.SDA_Input)
    SDA_Output                               0x080011d1   Thumb Code     8  dht20_i2c.o(i.SDA_Output)
    Sensor_DHT20_Init                        0x08001289   Thumb Code   142  sensor_dht20.o(i.Sensor_DHT20_Init)
    Sensor_JW01_Init                         0x08001319   Thumb Code    40  sensor_jw01.o(i.Sensor_JW01_Init)
    SysTick_CLKSourceConfig                  0x080013f9   Thumb Code    28  misc.o(i.SysTick_CLKSourceConfig)
    SysTick_Handler                          0x08001415   Thumb Code    20  delay.o(i.SysTick_Handler)
    SystemInit                               0x08001429   Thumb Code    64  system_stm32f10x.o(i.SystemInit)
    TIM2_IRQHandler                          0x08001479   Thumb Code    76  timer.o(i.TIM2_IRQHandler)
    TIM_ClearITPendingBit                    0x080014cd   Thumb Code     6  stm32f10x_tim.o(i.TIM_ClearITPendingBit)
    TIM_GetITStatus                          0x080014d3   Thumb Code    24  stm32f10x_tim.o(i.TIM_GetITStatus)
    TimeHeat                                 0x080014ed   Thumb Code   130  timeheat.o(i.TimeHeat)
    USART1_IRQHandler                        0x08001579   Thumb Code   108  tuya_wifi_usart.o(i.USART1_IRQHandler)
    USART2_IRQHandler                        0x080015ed   Thumb Code   116  sensor_jw01.o(i.USART2_IRQHandler)
    USART3_IRQHandler                        0x08001669   Thumb Code    92  usart.o(i.USART3_IRQHandler)
    USART_ClearFlag                          0x080016d1   Thumb Code     8  stm32f10x_usart.o(i.USART_ClearFlag)
    USART_ClearITPendingBit                  0x080016d9   Thumb Code    16  stm32f10x_usart.o(i.USART_ClearITPendingBit)
    USART_Cmd                                0x080016e9   Thumb Code    24  stm32f10x_usart.o(i.USART_Cmd)
    USART_Enable                             0x08001701   Thumb Code    24  config.o(i.USART_Enable)
    USART_GetITStatus                        0x08001719   Thumb Code    64  stm32f10x_usart.o(i.USART_GetITStatus)
    USART_ITConfig                           0x08001759   Thumb Code    54  stm32f10x_usart.o(i.USART_ITConfig)
    USART_Init                               0x08001791   Thumb Code   182  stm32f10x_usart.o(i.USART_Init)
    USART_ReceiveData                        0x0800184d   Thumb Code     8  stm32f10x_usart.o(i.USART_ReceiveData)
    USART_SendData                           0x08001855   Thumb Code     8  stm32f10x_usart.o(i.USART_SendData)
    USART_Setup                              0x0800185d   Thumb Code    36  config.o(i.USART_Setup)
    UV_turn                                  0x08001881   Thumb Code    40  device.o(i.UV_turn)
    UsageFault_Handler                       0x08001915   Thumb Code     2  stm32f10x_it.o(i.UsageFault_Handler)
    WIFI_HW_Poweron                          0x08001919   Thumb Code    36  wifi_usart.o(i.WIFI_HW_Poweron)
    WIFI_Init                                0x08001941   Thumb Code    40  tuya_wifi_usart.o(i.WIFI_Init)
    WIFI_USART_Config                        0x0800196d   Thumb Code    78  wifi_usart.o(i.WIFI_USART_Config)
    WIFI_USART_Enable_Rx                     0x080019c9   Thumb Code    12  wifi_usart.o(i.WIFI_USART_Enable_Rx)
    WIFI_USART_Put_Char                      0x080019d9   Thumb Code    26  tuya_wifi_usart.o(i.WIFI_USART_Put_Char)
    XX_turn                                  0x080019fd   Thumb Code    40  device.o(i.XX_turn)
    _sys_exit                                0x08001a2d   Thumb Code     2  usart.o(i._sys_exit)
    all_data_update                          0x08001a2f   Thumb Code    78  protocol.o(i.all_data_update)
    byte_to_int                              0x08001a7d   Thumb Code    22  mcu_api.o(i.byte_to_int)
    data_handle                              0x08001a99   Thumb Code   142  system.o(i.data_handle)
    delay_init                               0x08001b71   Thumb Code    60  delay.o(i.delay_init)
    delay_ms                                 0x08001bb9   Thumb Code    52  delay.o(i.delay_ms)
    delay_us                                 0x08001bf1   Thumb Code    50  delay.o(i.delay_us)
    delay_xms                                0x08001c29   Thumb Code    26  delay.o(i.delay_xms)
    dp_download_handle                       0x08001cc5   Thumb Code    94  protocol.o(i.dp_download_handle)
    enter_chunjing_mode                      0x08001e11   Thumb Code    28  mode.o(i.enter_chunjing_mode)
    enter_honggan_mode                       0x08001e31   Thumb Code    48  mode.o(i.enter_honggan_mode)
    enter_jinghua_mode                       0x08001e65   Thumb Code    48  mode.o(i.enter_jinghua_mode)
    enter_shajun_mode                        0x08001e99   Thumb Code    48  mode.o(i.enter_shajun_mode)
    enter_xiangxun_mode                      0x08001ecd   Thumb Code    48  mode.o(i.enter_xiangxun_mode)
    enter_zidong_mode                        0x08001f01   Thumb Code    46  mode.o(i.enter_zidong_mode)
    get_check_sum                            0x08001f35   Thumb Code    28  system.o(i.get_check_sum)
    get_cy_status                            0x08001f51   Thumb Code     6  mode.o(i.get_cy_status)
    get_download_cmd_total                   0x08001f85   Thumb Code     4  protocol.o(i.get_download_cmd_total)
    get_work_mode                            0x08001f95   Thumb Code     6  mode.o(i.get_work_mode)
    get_work_type                            0x08001fa1   Thumb Code     6  mode.o(i.get_work_type)
    main                                     0x08002029   Thumb Code   274  main.o(i.main)
    mcu_dp_bool_update                       0x0800219d   Thumb Code    76  mcu_api.o(i.mcu_dp_bool_update)
    mcu_dp_enum_update                       0x080021ed   Thumb Code    64  mcu_api.o(i.mcu_dp_enum_update)
    mcu_dp_value_update                      0x08002231   Thumb Code    86  mcu_api.o(i.mcu_dp_value_update)
    mcu_get_dp_download_bool                 0x0800228d   Thumb Code     4  mcu_api.o(i.mcu_get_dp_download_bool)
    mcu_get_dp_download_enum                 0x08002291   Thumb Code     4  mcu_api.o(i.mcu_get_dp_download_enum)
    mcu_get_dp_download_value                0x08002295   Thumb Code     4  mcu_api.o(i.mcu_get_dp_download_value)
    mcu_set_wifi_mode                        0x08002299   Thumb Code    28  mcu_api.o(i.mcu_set_wifi_mode)
    my_memcpy                                0x080022b9   Thumb Code    70  mcu_api.o(i.my_memcpy)
    my_strlen                                0x080022ff   Thumb Code    22  mcu_api.o(i.my_strlen)
    pvPortMalloc                             0x08002b0d   Thumb Code   148  heap_4.o(i.pvPortMalloc)
    pxPortInitialiseStack                    0x08002ba5   Thumb Code    24  port.o(i.pxPortInitialiseStack)
    run_chunjing_mode                        0x08002bc1   Thumb Code    18  mode.o(i.run_chunjing_mode)
    run_honggan_mode                         0x08002bd9   Thumb Code    84  mode.o(i.run_honggan_mode)
    run_jinghua_mode                         0x08002c3d   Thumb Code   116  mode.o(i.run_jinghua_mode)
    run_shajun_mode                          0x08002cb9   Thumb Code    78  mode.o(i.run_shajun_mode)
    run_xiangxun_mode                        0x08002d11   Thumb Code    78  mode.o(i.run_xiangxun_mode)
    run_zidong_mode                          0x08002d69   Thumb Code    18  mode.o(i.run_zidong_mode)
    set_cy_status                            0x08002d81   Thumb Code     6  mode.o(i.set_cy_status)
    set_wifi_uart_buffer                     0x08002d8d   Thumb Code    24  system.o(i.set_wifi_uart_buffer)
    set_wifi_uart_byte                       0x08002da9   Thumb Code    12  system.o(i.set_wifi_uart_byte)
    set_work_type                            0x08002dc5   Thumb Code     6  mode.o(i.set_work_type)
    take_byte_rxbuff                         0x08002ddd   Thumb Code    30  system.o(i.take_byte_rxbuff)
    uart3_init                               0x08002e05   Thumb Code   160  usart.o(i.uart3_init)
    uart_receive_input                       0x08002ead   Thumb Code    48  mcu_api.o(i.uart_receive_input)
    uart_transmit_output                     0x08002ee9   Thumb Code     4  protocol.o(i.uart_transmit_output)
    uxListRemove                             0x08002eed   Thumb Code    36  list.o(i.uxListRemove)
    vListInitialise                          0x08002f15   Thumb Code    22  list.o(i.vListInitialise)
    vListInitialiseItem                      0x08002f2b   Thumb Code     6  list.o(i.vListInitialiseItem)
    vListInsert                              0x08002f31   Thumb Code    48  list.o(i.vListInsert)
    vListInsertEnd                           0x08002f61   Thumb Code    24  list.o(i.vListInsertEnd)
    vPortEnterCritical                       0x08002f8d   Thumb Code    24  port.o(i.vPortEnterCritical)
    vPortExitCritical                        0x08002fa9   Thumb Code    18  port.o(i.vPortExitCritical)
    vPortFree                                0x08002fc1   Thumb Code    58  heap_4.o(i.vPortFree)
    vPortSetupTimerInterrupt                 0x08003001   Thumb Code    14  port.o(i.vPortSetupTimerInterrupt)
    vQueueWaitForMessageRestricted           0x08003015   Thumb Code    70  queue.o(i.vQueueWaitForMessageRestricted)
    vTaskDelay                               0x0800305d   Thumb Code    48  tasks.o(i.vTaskDelay)
    vTaskMissedYield                         0x08003091   Thumb Code     8  tasks.o(i.vTaskMissedYield)
    vTaskPlaceOnEventList                    0x0800309d   Thumb Code    26  tasks.o(i.vTaskPlaceOnEventList)
    vTaskPlaceOnEventListRestricted          0x080030bd   Thumb Code    34  tasks.o(i.vTaskPlaceOnEventListRestricted)
    vTaskSetTimeOutState                     0x080030e5   Thumb Code    12  tasks.o(i.vTaskSetTimeOutState)
    vTaskStartScheduler                      0x080030f5   Thumb Code    74  tasks.o(i.vTaskStartScheduler)
    vTaskSuspendAll                          0x08003151   Thumb Code    10  tasks.o(i.vTaskSuspendAll)
    vTaskSwitchContext                       0x08003161   Thumb Code    64  tasks.o(i.vTaskSwitchContext)
    wifi_protocol_init                       0x080031ad   Thumb Code    24  mcu_api.o(i.wifi_protocol_init)
    wifi_uart_service                        0x080031d9   Thumb Code   180  mcu_api.o(i.wifi_uart_service)
    wifi_uart_write_frame                    0x080032b5   Thumb Code    54  system.o(i.wifi_uart_write_frame)
    with_data_rxbuff                         0x080032f1   Thumb Code    18  system.o(i.with_data_rxbuff)
    xPortStartScheduler                      0x08003309   Thumb Code    38  port.o(i.xPortStartScheduler)
    xPortSysTickHandler                      0x08003339   Thumb Code    38  port.o(i.xPortSysTickHandler)
    xQueueGenericCreate                      0x08003365   Thumb Code    50  queue.o(i.xQueueGenericCreate)
    xQueueGenericReceive                     0x08003399   Thumb Code   280  queue.o(i.xQueueGenericReceive)
    xQueueGenericReset                       0x080034b5   Thumb Code   114  queue.o(i.xQueueGenericReset)
    xQueueGenericSend                        0x0800352d   Thumb Code   244  queue.o(i.xQueueGenericSend)
    xQueueGenericSendFromISR                 0x08003625   Thumb Code   102  queue.o(i.xQueueGenericSendFromISR)
    xTaskCheckForTimeOut                     0x0800368d   Thumb Code    74  tasks.o(i.xTaskCheckForTimeOut)
    xTaskCreate                              0x080036dd   Thumb Code    96  tasks.o(i.xTaskCreate)
    xTaskGetSchedulerState                   0x0800373d   Thumb Code    24  tasks.o(i.xTaskGetSchedulerState)
    xTaskGetTickCount                        0x08003759   Thumb Code     6  tasks.o(i.xTaskGetTickCount)
    xTaskIncrementTick                       0x08003765   Thumb Code   174  tasks.o(i.xTaskIncrementTick)
    xTaskRemoveFromEventList                 0x0800381d   Thumb Code    94  tasks.o(i.xTaskRemoveFromEventList)
    xTaskResumeAll                           0x08003885   Thumb Code   168  tasks.o(i.xTaskResumeAll)
    xTimerCreate                             0x08003939   Thumb Code    46  timers.o(i.xTimerCreate)
    xTimerCreateTimerTask                    0x08003969   Thumb Code    42  timers.o(i.xTimerCreateTimerTask)
    xTimerGenericCommand                     0x080039a5   Thumb Code    78  timers.o(i.xTimerGenericCommand)
    jinghua_minutes                          0x08003a08   Data           3  mode.o(.constdata)
    xiangxun_minutes                         0x08003a0b   Data           3  mode.o(.constdata)
    shajun_minutes                           0x08003a0e   Data           3  mode.o(.constdata)
    honggan_minutes                          0x08003a11   Data           3  mode.o(.constdata)
    download_cmd                             0x08003a14   Data          44  protocol.o(.constdata)
    Sound_Di                                 0x08003a40   Data           5  buzzer.o(.constdata)
    Sound_Di_Di                              0x08003a45   Data           5  buzzer.o(.constdata)
    Sound_Di_Di_Di                           0x08003a4a   Data           5  buzzer.o(.constdata)
    Sound_Di_Di_Di_Di_Di                     0x08003a4f   Data           5  buzzer.o(.constdata)
    Sound_Di_2s                              0x08003a54   Data           3  buzzer.o(.constdata)
    Sound_Di_5s                              0x08003a57   Data           3  buzzer.o(.constdata)
    SoundMenu                                0x08003a5c   Data          24  buzzer.o(.constdata)
    Region$$Table$$Base                      0x08003a74   Number         0  anon$$obj.o(Region$$Table)
    Region$$Table$$Limit                     0x08003a94   Number         0  anon$$obj.o(Region$$Table)
    pxCurrentTCB                             0x20000030   Data           4  tasks.o(.data)
    SystemCoreClock                          0x20000080   Data           4  system_stm32f10x.o(.data)
    AHBPrescTable                            0x20000084   Data          16  system_stm32f10x.o(.data)
    jinghua_on_time                          0x20000097   Data           1  mode.o(.data)
    jinghua_off_time                         0x20000098   Data           1  mode.o(.data)
    jinghua_index                            0x20000099   Data           1  mode.o(.data)
    xiangxun_on_time                         0x2000009a   Data           1  mode.o(.data)
    xiangxun_off_time                        0x2000009b   Data           1  mode.o(.data)
    xiangxun_index                           0x2000009c   Data           1  mode.o(.data)
    shajun_on_time                           0x2000009d   Data           1  mode.o(.data)
    shajun_off_time                          0x2000009e   Data           1  mode.o(.data)
    shajun_index                             0x2000009f   Data           1  mode.o(.data)
    honggan_on_time                          0x200000a0   Data           1  mode.o(.data)
    honggan_off_time                         0x200000a1   Data           1  mode.o(.data)
    honggan_index                            0x200000a2   Data           1  mode.o(.data)
    zidong_off_time                          0x200000a3   Data           1  mode.o(.data)
    chunjing_off_time                        0x200000a4   Data           1  mode.o(.data)
    heat_flag                                0x200000a8   Data           4  timeheat.o(.data)
    heat_time                                0x200000ac   Data           4  timeheat.o(.data)
    pir_window                               0x200000b0   Data           4  pirdetect.o(.data)
    USART_RX_STA                             0x200000b8   Data           2  usart.o(.data)
    buz_time                                 0x200000bc   Data           4  timer.o(.data)
    reset_wifi_flag                          0x200000c5   Data           1  system.o(.data)
    set_wifimode_flag                        0x200000c6   Data           1  system.o(.data)
    wifi_work_state                          0x200000c7   Data           1  system.o(.data)
    rx_buf_in                                0x200000c8   Data           4  system.o(.data)
    rx_buf_out                               0x200000cc   Data           4  system.o(.data)
    stop_update_flag                         0x200000d0   Data           1  system.o(.data)
    B_Sound_Enable                           0x200000dc   Data           1  buzzer.o(.data)
    on_time                                  0x200000dd   Data           1  buzzer.o(.data)
    off_time                                 0x200000de   Data           1  buzzer.o(.data)
    Index                                    0x200000df   Data           1  buzzer.o(.data)
    Sound_Page                               0x200000e0   Data           1  buzzer.o(.data)
    USART_RX_BUF                             0x200045f8   Data         200  usart.o(.bss)
    wifi_data_process_buf                    0x200046c0   Data          31  system.o(.bss)
    wifi_uart_rx_buf                         0x200046df   Data          23  system.o(.bss)
    wifi_uart_tx_buf                         0x200046f6   Data          55  system.o(.bss)
    __libspace_start                         0x20004960   Data          96  libspace.o(.bss)
    __temporary_stack_top$libspace           0x200049c0   Data           0  libspace.o(.bss)



==============================================================================

Memory Map of the image

  Image Entry point : 0x08000265

  Load Region LR_1 (Base: 0x08000000, Size: 0x00003b9c, Max: 0xffffffff, ABSOLUTE)

    Execution Region ER_RO (Exec base: 0x08000000, Load base: 0x08000000, Size: 0x00003a94, Max: 0xffffffff, ABSOLUTE)

    Exec Addr    Load Addr    Size         Type   Attr      Idx    E Section Name        Object

    0x08000000   0x08000000   0x00000130   Data   RO           19    RESET               startup_stm32f10x_hd.o
    0x08000130   0x08000130   0x00000008   Code   RO         3517  * !!!main             c_w.l(__main.o)
    0x08000138   0x08000138   0x00000034   Code   RO         3676    !!!scatter          c_w.l(__scatter.o)
    0x0800016c   0x0800016c   0x0000001a   Code   RO         3678    !!handler_copy      c_w.l(__scatter_copy.o)
    0x08000186   0x08000186   0x00000002   PAD
    0x08000188   0x08000188   0x0000001c   Code   RO         3680    !!handler_zi        c_w.l(__scatter_zi.o)
    0x080001a4   0x080001a4   0x00000002   Code   RO         3548    .ARM.Collect$$libinit$$00000000  c_w.l(libinit.o)
    0x080001a6   0x080001a6   0x00000000   Code   RO         3555    .ARM.Collect$$libinit$$00000002  c_w.l(libinit2.o)
    0x080001a6   0x080001a6   0x00000000   Code   RO         3557    .ARM.Collect$$libinit$$00000004  c_w.l(libinit2.o)
    0x080001a6   0x080001a6   0x00000000   Code   RO         3560    .ARM.Collect$$libinit$$0000000A  c_w.l(libinit2.o)
    0x080001a6   0x080001a6   0x00000000   Code   RO         3562    .ARM.Collect$$libinit$$0000000C  c_w.l(libinit2.o)
    0x080001a6   0x080001a6   0x00000000   Code   RO         3564    .ARM.Collect$$libinit$$0000000E  c_w.l(libinit2.o)
    0x080001a6   0x080001a6   0x00000000   Code   RO         3567    .ARM.Collect$$libinit$$00000011  c_w.l(libinit2.o)
    0x080001a6   0x080001a6   0x00000000   Code   RO         3569    .ARM.Collect$$libinit$$00000013  c_w.l(libinit2.o)
    0x080001a6   0x080001a6   0x00000000   Code   RO         3571    .ARM.Collect$$libinit$$00000015  c_w.l(libinit2.o)
    0x080001a6   0x080001a6   0x00000000   Code   RO         3573    .ARM.Collect$$libinit$$00000017  c_w.l(libinit2.o)
    0x080001a6   0x080001a6   0x00000000   Code   RO         3575    .ARM.Collect$$libinit$$00000019  c_w.l(libinit2.o)
    0x080001a6   0x080001a6   0x00000000   Code   RO         3577    .ARM.Collect$$libinit$$0000001B  c_w.l(libinit2.o)
    0x080001a6   0x080001a6   0x00000000   Code   RO         3579    .ARM.Collect$$libinit$$0000001D  c_w.l(libinit2.o)
    0x080001a6   0x080001a6   0x00000000   Code   RO         3581    .ARM.Collect$$libinit$$0000001F  c_w.l(libinit2.o)
    0x080001a6   0x080001a6   0x00000000   Code   RO         3583    .ARM.Collect$$libinit$$00000021  c_w.l(libinit2.o)
    0x080001a6   0x080001a6   0x00000000   Code   RO         3585    .ARM.Collect$$libinit$$00000023  c_w.l(libinit2.o)
    0x080001a6   0x080001a6   0x00000000   Code   RO         3587    .ARM.Collect$$libinit$$00000025  c_w.l(libinit2.o)
    0x080001a6   0x080001a6   0x00000000   Code   RO         3591    .ARM.Collect$$libinit$$0000002C  c_w.l(libinit2.o)
    0x080001a6   0x080001a6   0x00000000   Code   RO         3593    .ARM.Collect$$libinit$$0000002E  c_w.l(libinit2.o)
    0x080001a6   0x080001a6   0x00000000   Code   RO         3595    .ARM.Collect$$libinit$$00000030  c_w.l(libinit2.o)
    0x080001a6   0x080001a6   0x00000000   Code   RO         3597    .ARM.Collect$$libinit$$00000032  c_w.l(libinit2.o)
    0x080001a6   0x080001a6   0x00000002   Code   RO         3598    .ARM.Collect$$libinit$$00000033  c_w.l(libinit2.o)
    0x080001a8   0x080001a8   0x00000002   Code   RO         3616    .ARM.Collect$$libshutdown$$00000000  c_w.l(libshutdown.o)
    0x080001aa   0x080001aa   0x00000000   Code   RO         3626    .ARM.Collect$$libshutdown$$00000002  c_w.l(libshutdown2.o)
    0x080001aa   0x080001aa   0x00000000   Code   RO         3628    .ARM.Collect$$libshutdown$$00000004  c_w.l(libshutdown2.o)
    0x080001aa   0x080001aa   0x00000000   Code   RO         3630    .ARM.Collect$$libshutdown$$00000006  c_w.l(libshutdown2.o)
    0x080001aa   0x080001aa   0x00000000   Code   RO         3633    .ARM.Collect$$libshutdown$$00000009  c_w.l(libshutdown2.o)
    0x080001aa   0x080001aa   0x00000000   Code   RO         3636    .ARM.Collect$$libshutdown$$0000000C  c_w.l(libshutdown2.o)
    0x080001aa   0x080001aa   0x00000000   Code   RO         3638    .ARM.Collect$$libshutdown$$0000000E  c_w.l(libshutdown2.o)
    0x080001aa   0x080001aa   0x00000000   Code   RO         3641    .ARM.Collect$$libshutdown$$00000011  c_w.l(libshutdown2.o)
    0x080001aa   0x080001aa   0x00000002   Code   RO         3642    .ARM.Collect$$libshutdown$$00000012  c_w.l(libshutdown2.o)
    0x080001ac   0x080001ac   0x00000000   Code   RO         3521    .ARM.Collect$$rtentry$$00000000  c_w.l(__rtentry.o)
    0x080001ac   0x080001ac   0x00000000   Code   RO         3525    .ARM.Collect$$rtentry$$00000002  c_w.l(__rtentry2.o)
    0x080001ac   0x080001ac   0x00000006   Code   RO         3537    .ARM.Collect$$rtentry$$00000004  c_w.l(__rtentry4.o)
    0x080001b2   0x080001b2   0x00000000   Code   RO         3527    .ARM.Collect$$rtentry$$00000009  c_w.l(__rtentry2.o)
    0x080001b2   0x080001b2   0x00000004   Code   RO         3528    .ARM.Collect$$rtentry$$0000000A  c_w.l(__rtentry2.o)
    0x080001b6   0x080001b6   0x00000000   Code   RO         3530    .ARM.Collect$$rtentry$$0000000C  c_w.l(__rtentry2.o)
    0x080001b6   0x080001b6   0x00000008   Code   RO         3531    .ARM.Collect$$rtentry$$0000000D  c_w.l(__rtentry2.o)
    0x080001be   0x080001be   0x00000002   Code   RO         3552    .ARM.Collect$$rtexit$$00000000  c_w.l(rtexit.o)
    0x080001c0   0x080001c0   0x00000000   Code   RO         3600    .ARM.Collect$$rtexit$$00000002  c_w.l(rtexit2.o)
    0x080001c0   0x080001c0   0x00000004   Code   RO         3601    .ARM.Collect$$rtexit$$00000003  c_w.l(rtexit2.o)
    0x080001c4   0x080001c4   0x00000006   Code   RO         3602    .ARM.Collect$$rtexit$$00000004  c_w.l(rtexit2.o)
    0x080001ca   0x080001ca   0x00000002   PAD
    0x080001cc   0x080001cc   0x00000096   Code   RO         1267    .emb_text           port.o
    0x08000262   0x08000262   0x00000002   PAD
    0x08000264   0x08000264   0x00000040   Code   RO           20  * .text               startup_stm32f10x_hd.o
    0x080002a4   0x080002a4   0x00000002   Code   RO         3511    .text               c_w.l(use_no_semi_2.o)
    0x080002a6   0x080002a6   0x0000008a   Code   RO         3513    .text               c_w.l(rt_memcpy_v6.o)
    0x08000330   0x08000330   0x00000006   Code   RO         3515    .text               c_w.l(heapauxi.o)
    0x08000336   0x08000336   0x00000002   Code   RO         3519    .text               c_w.l(use_no_semi.o)
    0x08000338   0x08000338   0x00000064   Code   RO         3522    .text               c_w.l(rt_memcpy_w.o)
    0x0800039c   0x0800039c   0x0000004a   Code   RO         3539    .text               c_w.l(sys_stackheap_outer.o)
    0x080003e6   0x080003e6   0x00000012   Code   RO         3541    .text               c_w.l(exit.o)
    0x080003f8   0x080003f8   0x00000008   Code   RO         3549    .text               c_w.l(libspace.o)
    0x08000400   0x08000400   0x00000064   Code   RO         3220    i.AHT20_RD_Byte     sensor_dht20.o
    0x08000464   0x08000464   0x00000104   Code   RO         3222    i.AHT20_Read_CTdata_crc  sensor_dht20.o
    0x08000568   0x08000568   0x00000022   Code   RO         3224    i.AHT20_Read_Status  sensor_dht20.o
    0x0800058a   0x0800058a   0x00000036   Code   RO         3225    i.AHT20_SendAC      sensor_dht20.o
    0x080005c0   0x080005c0   0x00000018   Code   RO         3226    i.AHT20_Start_Init  sensor_dht20.o
    0x080005d8   0x080005d8   0x00000070   Code   RO         3227    i.AHT20_WR_Byte     sensor_dht20.o
    0x08000648   0x08000648   0x0000002a   Code   RO         3411    i.ALL_turn_off      device.o
    0x08000672   0x08000672   0x000000a8   Code   RO         2416    i.AutoRun           autorun.o
    0x0800071a   0x0800071a   0x00000010   Code   RO         2009    i.AutoRunFunction   main.o
    0x0800072a   0x0800072a   0x00000002   Code   RO         2128    i.BusFault_Handler  stm32f10x_it.o
    0x0800072c   0x0800072c   0x0000006c   Code   RO         3192    i.Buzzer_Output     buzzer.o
    0x08000798   0x08000798   0x00000018   Code   RO         3193    i.Buzzer_Start      buzzer.o
    0x080007b0   0x080007b0   0x00000030   Code   RO         3413    i.CY_turn           device.o
    0x080007e0   0x080007e0   0x00000034   Code   RO         3228    i.Calc_CRC8         sensor_dht20.o
    0x08000814   0x08000814   0x00000030   Code   RO         3116    i.DHT20_I2C_Config  dht20_i2c.o
    0x08000844   0x08000844   0x0000000c   Code   RO         3229    i.DHT20_get_humidity  sensor_dht20.o
    0x08000850   0x08000850   0x0000000c   Code   RO         3230    i.DHT20_get_temperature  sensor_dht20.o
    0x0800085c   0x0800085c   0x00000034   Code   RO         3231    i.DHT20_update      sensor_dht20.o
    0x08000890   0x08000890   0x00000002   Code   RO         2129    i.DebugMon_Handler  stm32f10x_it.o
    0x08000892   0x08000892   0x00000002   PAD
    0x08000894   0x08000894   0x0000007c   Code   RO         3104    i.Device_GPIO_Config  device_gpio.o
    0x08000910   0x08000910   0x00000074   Code   RO         3414    i.Device_Init       device.o
    0x08000984   0x08000984   0x00000030   Code   RO         3416    i.FAN_turn          device.o
    0x080009b4   0x080009b4   0x00000030   Code   RO         3418    i.FLZ_turn          device.o
    0x080009e4   0x080009e4   0x0000001a   Code   RO         2976    i.GPIO_AF_PP        config.o
    0x080009fe   0x080009fe   0x0000001a   Code   RO         2977    i.GPIO_In_FLOATING  config.o
    0x08000a18   0x08000a18   0x0000001a   Code   RO         2979    i.GPIO_In_PU        config.o
    0x08000a32   0x08000a32   0x000000a6   Code   RO          149    i.GPIO_Init         stm32f10x_gpio.o
    0x08000ad8   0x08000ad8   0x0000001a   Code   RO         2981    i.GPIO_Out_PP       config.o
    0x08000af2   0x08000af2   0x0000000e   Code   RO          153    i.GPIO_ReadInputDataBit  stm32f10x_gpio.o
    0x08000b00   0x08000b00   0x00000004   Code   RO          156    i.GPIO_ResetBits    stm32f10x_gpio.o
    0x08000b04   0x08000b04   0x00000004   Code   RO          157    i.GPIO_SetBits      stm32f10x_gpio.o
    0x08000b08   0x08000b08   0x0000000c   Code   RO          160    i.GPIO_WriteBit     stm32f10x_gpio.o
    0x08000b14   0x08000b14   0x00000054   Code   RO         3420    i.HEAT_turn         device.o
    0x08000b68   0x08000b68   0x00000002   Code   RO         2130    i.HardFault_Handler  stm32f10x_it.o
    0x08000b6a   0x08000b6a   0x00000002   PAD
    0x08000b6c   0x08000b6c   0x00000048   Code   RO         3232    i.I2C_Start         sensor_dht20.o
    0x08000bb4   0x08000bb4   0x0000003c   Code   RO         3233    i.I2C_Stop          sensor_dht20.o
    0x08000bf0   0x08000bf0   0x000000a4   Code   RO         3234    i.JH_Reset_REG      sensor_dht20.o
    0x08000c94   0x08000c94   0x00000024   Code   RO         3143    i.JW01_HW_Poweron   jw01_usart.o
    0x08000cb8   0x08000cb8   0x00000054   Code   RO         3144    i.JW01_USART_Config  jw01_usart.o
    0x08000d0c   0x08000d0c   0x00000010   Code   RO         3145    i.JW01_USART_Enable_Rx  jw01_usart.o
    0x08000d1c   0x08000d1c   0x00000014   Code   RO         3336    i.JW01_get_CH2O     sensor_jw01.o
    0x08000d30   0x08000d30   0x00000014   Code   RO         3337    i.JW01_get_CO2      sensor_jw01.o
    0x08000d44   0x08000d44   0x00000014   Code   RO         3338    i.JW01_get_TVOC     sensor_jw01.o
    0x08000d58   0x08000d58   0x0000001c   Code   RO         3339    i.JW01_read_byte    sensor_jw01.o
    0x08000d74   0x08000d74   0x00000034   Code   RO         3340    i.JW01_start_sampling  sensor_jw01.o
    0x08000da8   0x08000da8   0x00000078   Code   RO         3341    i.JW01_update       sensor_jw01.o
    0x08000e20   0x08000e20   0x00000018   Code   RO         3083    i.Key_GPIO_Config   key_gpio.o
    0x08000e38   0x08000e38   0x00000018   Code   RO         3084    i.Key_GPIO_Get_Key  key_gpio.o
    0x08000e50   0x08000e50   0x00000004   Code   RO         3167    i.Key_Init          key.o
    0x08000e54   0x08000e54   0x00000024   Code   RO         3168    i.Key_Scan          key.o
    0x08000e78   0x08000e78   0x00000050   Code   RO         3169    i.Key_Task          key.o
    0x08000ec8   0x08000ec8   0x00000014   Code   RO         2010    i.MainFunction      main.o
    0x08000edc   0x08000edc   0x00000002   Code   RO         2131    i.MemManage_Handler  stm32f10x_it.o
    0x08000ede   0x08000ede   0x00000046   Code   RO         2404    i.Mode_Task         mode_task.o
    0x08000f24   0x08000f24   0x00000002   Code   RO         2132    i.NMI_Handler       stm32f10x_it.o
    0x08000f26   0x08000f26   0x0000002a   Code   RO         2982    i.NVIC_Enable       config.o
    0x08000f50   0x08000f50   0x00000064   Code   RO           24    i.NVIC_Init         misc.o
    0x08000fb4   0x08000fb4   0x00000014   Code   RO           25    i.NVIC_PriorityGroupConfig  misc.o
    0x08000fc8   0x08000fc8   0x00000098   Code   RO         2443    i.PirDetect         pirdetect.o
    0x08001060   0x08001060   0x00000010   Code   RO         2011    i.PirDetectFunction  main.o
    0x08001070   0x08001070   0x0000001c   Code   RO          259    i.RCC_APB1PeriphClockCmd  stm32f10x_rcc.o
    0x0800108c   0x0800108c   0x0000001c   Code   RO          261    i.RCC_APB2PeriphClockCmd  stm32f10x_rcc.o
    0x080010a8   0x080010a8   0x00000008   Code   RO         2983    i.RCC_GPIOA_Enable  config.o
    0x080010b0   0x080010b0   0x00000008   Code   RO         2984    i.RCC_GPIOB_Enable  config.o
    0x080010b8   0x080010b8   0x00000008   Code   RO         2985    i.RCC_GPIOC_Enable  config.o
    0x080010c0   0x080010c0   0x000000ac   Code   RO          269    i.RCC_GetClocksFreq  stm32f10x_rcc.o
    0x0800116c   0x0800116c   0x00000058   Code   RO         3235    i.Receive_ACK       sensor_dht20.o
    0x080011c4   0x080011c4   0x0000000c   Code   RO         3117    i.SDA_Input         dht20_i2c.o
    0x080011d0   0x080011d0   0x0000000c   Code   RO         3118    i.SDA_Output        dht20_i2c.o
    0x080011dc   0x080011dc   0x00000054   Code   RO         3236    i.Send_ACK          sensor_dht20.o
    0x08001230   0x08001230   0x00000058   Code   RO         3237    i.Send_NOT_ACK      sensor_dht20.o
    0x08001288   0x08001288   0x0000008e   Code   RO         3238    i.Sensor_DHT20_Init  sensor_dht20.o
    0x08001316   0x08001316   0x00000002   PAD
    0x08001318   0x08001318   0x0000002c   Code   RO         3342    i.Sensor_JW01_Init  sensor_jw01.o
    0x08001344   0x08001344   0x00000004   Code   RO         2199    i.SetSysClock       system_stm32f10x.o
    0x08001348   0x08001348   0x000000b0   Code   RO         2200    i.SetSysClockTo72   system_stm32f10x.o
    0x080013f8   0x080013f8   0x0000001c   Code   RO           28    i.SysTick_CLKSourceConfig  misc.o
    0x08001414   0x08001414   0x00000014   Code   RO         2458    i.SysTick_Handler   delay.o
    0x08001428   0x08001428   0x00000050   Code   RO         2202    i.SystemInit        system_stm32f10x.o
    0x08001478   0x08001478   0x00000054   Code   RO         2569    i.TIM2_IRQHandler   timer.o
    0x080014cc   0x080014cc   0x00000006   Code   RO          648    i.TIM_ClearITPendingBit  stm32f10x_tim.o
    0x080014d2   0x080014d2   0x00000018   Code   RO          674    i.TIM_GetITStatus   stm32f10x_tim.o
    0x080014ea   0x080014ea   0x00000002   PAD
    0x080014ec   0x080014ec   0x0000008c   Code   RO         2428    i.TimeHeat          timeheat.o
    0x08001578   0x08001578   0x00000074   Code   RO         2934    i.USART1_IRQHandler  tuya_wifi_usart.o
    0x080015ec   0x080015ec   0x0000007c   Code   RO         3343    i.USART2_IRQHandler  sensor_jw01.o
    0x08001668   0x08001668   0x00000068   Code   RO         2524    i.USART3_IRQHandler  usart.o
    0x080016d0   0x080016d0   0x00000008   Code   RO          457    i.USART_ClearFlag   stm32f10x_usart.o
    0x080016d8   0x080016d8   0x00000010   Code   RO          458    i.USART_ClearITPendingBit  stm32f10x_usart.o
    0x080016e8   0x080016e8   0x00000018   Code   RO          461    i.USART_Cmd         stm32f10x_usart.o
    0x08001700   0x08001700   0x00000018   Code   RO         2986    i.USART_Enable      config.o
    0x08001718   0x08001718   0x00000040   Code   RO          465    i.USART_GetITStatus  stm32f10x_usart.o
    0x08001758   0x08001758   0x00000036   Code   RO          467    i.USART_ITConfig    stm32f10x_usart.o
    0x0800178e   0x0800178e   0x00000002   PAD
    0x08001790   0x08001790   0x000000bc   Code   RO          468    i.USART_Init        stm32f10x_usart.o
    0x0800184c   0x0800184c   0x00000008   Code   RO          475    i.USART_ReceiveData  stm32f10x_usart.o
    0x08001854   0x08001854   0x00000008   Code   RO          478    i.USART_SendData    stm32f10x_usart.o
    0x0800185c   0x0800185c   0x00000024   Code   RO         2987    i.USART_Setup       config.o
    0x08001880   0x08001880   0x00000030   Code   RO         3423    i.UV_turn           device.o
    0x080018b0   0x080018b0   0x0000000c   Code   RO         2935    i.UartBuf_Cnt       tuya_wifi_usart.o
    0x080018bc   0x080018bc   0x0000000c   Code   RO         3344    i.UartBuf_Cnt       sensor_jw01.o
    0x080018c8   0x080018c8   0x00000014   Code   RO         2936    i.UartBuf_RD        tuya_wifi_usart.o
    0x080018dc   0x080018dc   0x00000014   Code   RO         3345    i.UartBuf_RD        sensor_jw01.o
    0x080018f0   0x080018f0   0x00000012   Code   RO         2937    i.UartBuf_WD        tuya_wifi_usart.o
    0x08001902   0x08001902   0x00000012   Code   RO         3346    i.UartBuf_WD        sensor_jw01.o
    0x08001914   0x08001914   0x00000002   Code   RO         2133    i.UsageFault_Handler  stm32f10x_it.o
    0x08001916   0x08001916   0x00000002   PAD
    0x08001918   0x08001918   0x00000028   Code   RO         3059    i.WIFI_HW_Poweron   wifi_usart.o
    0x08001940   0x08001940   0x0000002c   Code   RO         2938    i.WIFI_Init         tuya_wifi_usart.o
    0x0800196c   0x0800196c   0x0000005c   Code   RO         3060    i.WIFI_USART_Config  wifi_usart.o
    0x080019c8   0x080019c8   0x00000010   Code   RO         3061    i.WIFI_USART_Enable_Rx  wifi_usart.o
    0x080019d8   0x080019d8   0x00000024   Code   RO         2939    i.WIFI_USART_Put_Char  tuya_wifi_usart.o
    0x080019fc   0x080019fc   0x00000030   Code   RO         3425    i.XX_turn           device.o
    0x08001a2c   0x08001a2c   0x00000002   Code   RO         2525    i._sys_exit         usart.o
    0x08001a2e   0x08001a2e   0x0000004e   Code   RO         2759    i.all_data_update   protocol.o
    0x08001a7c   0x08001a7c   0x00000016   Code   RO         2593    i.byte_to_int       mcu_api.o
    0x08001a92   0x08001a92   0x00000004   Code   RO         2233    i.chunjing_off      mode.o
    0x08001a96   0x08001a96   0x00000002   PAD
    0x08001a98   0x08001a98   0x00000098   Code   RO         2847    i.data_handle       system.o
    0x08001b30   0x08001b30   0x00000040   Code   RO         2848    i.data_point_handle  system.o
    0x08001b70   0x08001b70   0x00000048   Code   RO         2459    i.delay_init        delay.o
    0x08001bb8   0x08001bb8   0x00000038   Code   RO         2460    i.delay_ms          delay.o
    0x08001bf0   0x08001bf0   0x00000038   Code   RO         2461    i.delay_us          delay.o
    0x08001c28   0x08001c28   0x0000001a   Code   RO         2462    i.delay_xms         delay.o
    0x08001c42   0x08001c42   0x0000001a   Code   RO         2760    i.dp_download_alarm_beep_handle  protocol.o
    0x08001c5c   0x08001c5c   0x0000001a   Code   RO         2761    i.dp_download_auto_handle  protocol.o
    0x08001c76   0x08001c76   0x0000001a   Code   RO         2762    i.dp_download_countdown_handle  protocol.o
    0x08001c90   0x08001c90   0x0000001a   Code   RO         2763    i.dp_download_drying_handle  protocol.o
    0x08001caa   0x08001caa   0x0000001a   Code   RO         2764    i.dp_download_fragrance_handle  protocol.o
    0x08001cc4   0x08001cc4   0x0000005e   Code   RO         2765    i.dp_download_handle  protocol.o
    0x08001d22   0x08001d22   0x0000006a   Code   RO         2766    i.dp_download_mode_handle  protocol.o
    0x08001d8c   0x08001d8c   0x0000001a   Code   RO         2767    i.dp_download_pause_handle  protocol.o
    0x08001da6   0x08001da6   0x0000001a   Code   RO         2768    i.dp_download_start_handle  protocol.o
    0x08001dc0   0x08001dc0   0x0000001a   Code   RO         2769    i.dp_download_switch_handle  protocol.o
    0x08001dda   0x08001dda   0x0000001a   Code   RO         2770    i.dp_download_temp_target_handle  protocol.o
    0x08001df4   0x08001df4   0x0000001a   Code   RO         2771    i.dp_download_uv_handle  protocol.o
    0x08001e0e   0x08001e0e   0x00000002   PAD
    0x08001e10   0x08001e10   0x00000020   Code   RO         2234    i.enter_chunjing_mode  mode.o
    0x08001e30   0x08001e30   0x00000034   Code   RO         2235    i.enter_honggan_mode  mode.o
    0x08001e64   0x08001e64   0x00000034   Code   RO         2236    i.enter_jinghua_mode  mode.o
    0x08001e98   0x08001e98   0x00000034   Code   RO         2237    i.enter_shajun_mode  mode.o
    0x08001ecc   0x08001ecc   0x00000034   Code   RO         2238    i.enter_xiangxun_mode  mode.o
    0x08001f00   0x08001f00   0x00000034   Code   RO         2239    i.enter_zidong_mode  mode.o
    0x08001f34   0x08001f34   0x0000001c   Code   RO         2849    i.get_check_sum     system.o
    0x08001f50   0x08001f50   0x0000000c   Code   RO         2240    i.get_cy_status     mode.o
    0x08001f5c   0x08001f5c   0x00000028   Code   RO         2850    i.get_dowmload_dpid_index  system.o
    0x08001f84   0x08001f84   0x00000004   Code   RO         2772    i.get_download_cmd_total  protocol.o
    0x08001f88   0x08001f88   0x0000000a   Code   RO         2851    i.get_mcu_wifi_mode  system.o
    0x08001f92   0x08001f92   0x00000002   PAD
    0x08001f94   0x08001f94   0x0000000c   Code   RO         2241    i.get_work_mode     mode.o
    0x08001fa0   0x08001fa0   0x0000000c   Code   RO         2242    i.get_work_type     mode.o
    0x08001fac   0x08001fac   0x00000034   Code   RO         2852    i.heat_beat_check   system.o
    0x08001fe0   0x08001fe0   0x00000012   Code   RO         2243    i.honggan_off       mode.o
    0x08001ff2   0x08001ff2   0x00000012   Code   RO         2244    i.honggan_on        mode.o
    0x08002004   0x08002004   0x00000012   Code   RO         2245    i.jinghua_off       mode.o
    0x08002016   0x08002016   0x00000012   Code   RO         2246    i.jinghua_on        mode.o
    0x08002028   0x08002028   0x00000174   Code   RO         2012    i.main              main.o
    0x0800219c   0x0800219c   0x00000050   Code   RO         2596    i.mcu_dp_bool_update  mcu_api.o
    0x080021ec   0x080021ec   0x00000044   Code   RO         2597    i.mcu_dp_enum_update  mcu_api.o
    0x08002230   0x08002230   0x0000005c   Code   RO         2601    i.mcu_dp_value_update  mcu_api.o
    0x0800228c   0x0800228c   0x00000004   Code   RO         2602    i.mcu_get_dp_download_bool  mcu_api.o
    0x08002290   0x08002290   0x00000004   Code   RO         2603    i.mcu_get_dp_download_enum  mcu_api.o
    0x08002294   0x08002294   0x00000004   Code   RO         2604    i.mcu_get_dp_download_value  mcu_api.o
    0x08002298   0x08002298   0x00000020   Code   RO         2609    i.mcu_set_wifi_mode  mcu_api.o
    0x080022b8   0x080022b8   0x00000046   Code   RO         2610    i.my_memcpy         mcu_api.o
    0x080022fe   0x080022fe   0x00000016   Code   RO         2614    i.my_strlen         mcu_api.o
    0x08002314   0x08002314   0x000000cc   Code   RO         2853    i.product_info_update  system.o
    0x080023e0   0x080023e0   0x00000070   Code   RO         1605    i.prvAddCurrentTaskToDelayedList  tasks.o
    0x08002450   0x08002450   0x00000088   Code   RO         1606    i.prvAddNewTaskToReadyList  tasks.o
    0x080024d8   0x080024d8   0x00000040   Code   RO         1891    i.prvCheckForValidListAndQueue  timers.o
    0x08002518   0x08002518   0x00000054   Code   RO         1607    i.prvCheckTasksWaitingTermination  tasks.o
    0x0800256c   0x0800256c   0x00000028   Code   RO         1472    i.prvCopyDataFromQueue  queue.o
    0x08002594   0x08002594   0x0000005c   Code   RO         1473    i.prvCopyDataToQueue  queue.o
    0x080025f0   0x080025f0   0x00000014   Code   RO         1608    i.prvDeleteTCB      tasks.o
    0x08002604   0x08002604   0x00000024   Code   RO         1892    i.prvGetNextExpireTime  timers.o
    0x08002628   0x08002628   0x0000004c   Code   RO         1185    i.prvHeapInit       heap_4.o
    0x08002674   0x08002674   0x00000028   Code   RO         1609    i.prvIdleTask       tasks.o
    0x0800269c   0x0800269c   0x00000018   Code   RO         1474    i.prvInitialiseNewQueue  queue.o
    0x080026b4   0x080026b4   0x00000074   Code   RO         1610    i.prvInitialiseNewTask  tasks.o
    0x08002728   0x08002728   0x00000034   Code   RO         1893    i.prvInitialiseNewTimer  timers.o
    0x0800275c   0x0800275c   0x00000058   Code   RO         1611    i.prvInitialiseTaskLists  tasks.o
    0x080027b4   0x080027b4   0x00000054   Code   RO         1186    i.prvInsertBlockIntoFreeList  heap_4.o
    0x08002808   0x08002808   0x00000040   Code   RO         1894    i.prvInsertTimerInActiveList  timers.o
    0x08002848   0x08002848   0x0000001a   Code   RO         1475    i.prvIsQueueEmpty   queue.o
    0x08002862   0x08002862   0x0000001e   Code   RO         1476    i.prvIsQueueFull    queue.o
    0x08002880   0x08002880   0x0000004c   Code   RO         1895    i.prvProcessExpiredTimer  timers.o
    0x080028cc   0x080028cc   0x00000098   Code   RO         1896    i.prvProcessReceivedCommands  timers.o
    0x08002964   0x08002964   0x0000006c   Code   RO         1897    i.prvProcessTimerOrBlockTask  timers.o
    0x080029d0   0x080029d0   0x00000024   Code   RO         1612    i.prvResetNextTaskUnblockTime  tasks.o
    0x080029f4   0x080029f4   0x0000002c   Code   RO         1898    i.prvSampleTimeNow  timers.o
    0x08002a20   0x08002a20   0x0000005c   Code   RO         1899    i.prvSwitchTimerLists  timers.o
    0x08002a7c   0x08002a7c   0x00000010   Code   RO         1268    i.prvTaskExitError  port.o
    0x08002a8c   0x08002a8c   0x00000014   Code   RO         1900    i.prvTimerTask      timers.o
    0x08002aa0   0x08002aa0   0x0000006a   Code   RO         1477    i.prvUnlockQueue    queue.o
    0x08002b0a   0x08002b0a   0x00000002   PAD
    0x08002b0c   0x08002b0c   0x00000098   Code   RO         1187    i.pvPortMalloc      heap_4.o
    0x08002ba4   0x08002ba4   0x0000001c   Code   RO         1269    i.pxPortInitialiseStack  port.o
    0x08002bc0   0x08002bc0   0x00000018   Code   RO         2247    i.run_chunjing_mode  mode.o
    0x08002bd8   0x08002bd8   0x00000064   Code   RO         2248    i.run_honggan_mode  mode.o
    0x08002c3c   0x08002c3c   0x0000007c   Code   RO         2249    i.run_jinghua_mode  mode.o
    0x08002cb8   0x08002cb8   0x00000058   Code   RO         2250    i.run_shajun_mode   mode.o
    0x08002d10   0x08002d10   0x00000058   Code   RO         2251    i.run_xiangxun_mode  mode.o
    0x08002d68   0x08002d68   0x00000018   Code   RO         2252    i.run_zidong_mode   mode.o
    0x08002d80   0x08002d80   0x0000000c   Code   RO         2253    i.set_cy_status     mode.o
    0x08002d8c   0x08002d8c   0x0000001c   Code   RO         2854    i.set_wifi_uart_buffer  system.o
    0x08002da8   0x08002da8   0x00000010   Code   RO         2855    i.set_wifi_uart_byte  system.o
    0x08002db8   0x08002db8   0x0000000c   Code   RO         2254    i.set_work_mode     mode.o
    0x08002dc4   0x08002dc4   0x0000000c   Code   RO         2255    i.set_work_type     mode.o
    0x08002dd0   0x08002dd0   0x00000006   Code   RO         2256    i.shajun_off        mode.o
    0x08002dd6   0x08002dd6   0x00000006   Code   RO         2257    i.shajun_on         mode.o
    0x08002ddc   0x08002ddc   0x00000028   Code   RO         2856    i.take_byte_rxbuff  system.o
    0x08002e04   0x08002e04   0x000000a8   Code   RO         2527    i.uart3_init        usart.o
    0x08002eac   0x08002eac   0x0000003c   Code   RO         2616    i.uart_receive_input  mcu_api.o
    0x08002ee8   0x08002ee8   0x00000004   Code   RO         2773    i.uart_transmit_output  protocol.o
    0x08002eec   0x08002eec   0x00000024   Code   RO         1436    i.uxListRemove      list.o
    0x08002f10   0x08002f10   0x00000004   Code   RO         2013    i.vHeatTimeFunc     main.o
    0x08002f14   0x08002f14   0x00000016   Code   RO         1437    i.vListInitialise   list.o
    0x08002f2a   0x08002f2a   0x00000006   Code   RO         1438    i.vListInitialiseItem  list.o
    0x08002f30   0x08002f30   0x00000030   Code   RO         1439    i.vListInsert       list.o
    0x08002f60   0x08002f60   0x00000018   Code   RO         1440    i.vListInsertEnd    list.o
    0x08002f78   0x08002f78   0x00000004   Code   RO         2014    i.vModeTaskFunc     main.o
    0x08002f7c   0x08002f7c   0x0000000e   Code   RO         2015    i.vMonitorUpdateTimerFunc  main.o
    0x08002f8a   0x08002f8a   0x00000002   PAD
    0x08002f8c   0x08002f8c   0x0000001c   Code   RO         1271    i.vPortEnterCritical  port.o
    0x08002fa8   0x08002fa8   0x00000018   Code   RO         1272    i.vPortExitCritical  port.o
    0x08002fc0   0x08002fc0   0x00000040   Code   RO         1188    i.vPortFree         heap_4.o
    0x08003000   0x08003000   0x00000014   Code   RO         1273    i.vPortSetupTimerInterrupt  port.o
    0x08003014   0x08003014   0x00000046   Code   RO         1482    i.vQueueWaitForMessageRestricted  queue.o
    0x0800305a   0x0800305a   0x00000002   PAD
    0x0800305c   0x0800305c   0x00000034   Code   RO         1619    i.vTaskDelay        tasks.o
    0x08003090   0x08003090   0x0000000c   Code   RO         1623    i.vTaskMissedYield  tasks.o
    0x0800309c   0x0800309c   0x00000020   Code   RO         1625    i.vTaskPlaceOnEventList  tasks.o
    0x080030bc   0x080030bc   0x00000028   Code   RO         1626    i.vTaskPlaceOnEventListRestricted  tasks.o
    0x080030e4   0x080030e4   0x00000010   Code   RO         1630    i.vTaskSetTimeOutState  tasks.o
    0x080030f4   0x080030f4   0x0000005c   Code   RO         1631    i.vTaskStartScheduler  tasks.o
    0x08003150   0x08003150   0x00000010   Code   RO         1633    i.vTaskSuspendAll   tasks.o
    0x08003160   0x08003160   0x00000048   Code   RO         1634    i.vTaskSwitchContext  tasks.o
    0x080031a8   0x080031a8   0x00000004   Code   RO         2016    i.vUpdateFunc       main.o
    0x080031ac   0x080031ac   0x0000002c   Code   RO         2617    i.wifi_protocol_init  mcu_api.o
    0x080031d8   0x080031d8   0x000000bc   Code   RO         2618    i.wifi_uart_service  mcu_api.o
    0x08003294   0x08003294   0x00000020   Code   RO         2857    i.wifi_uart_write_data  system.o
    0x080032b4   0x080032b4   0x0000003c   Code   RO         2858    i.wifi_uart_write_frame  system.o
    0x080032f0   0x080032f0   0x00000018   Code   RO         2859    i.with_data_rxbuff  system.o
    0x08003308   0x08003308   0x00000030   Code   RO         1274    i.xPortStartScheduler  port.o
    0x08003338   0x08003338   0x0000002c   Code   RO         1275    i.xPortSysTickHandler  port.o
    0x08003364   0x08003364   0x00000032   Code   RO         1483    i.xQueueGenericCreate  queue.o
    0x08003396   0x08003396   0x00000002   PAD
    0x08003398   0x08003398   0x0000011c   Code   RO         1484    i.xQueueGenericReceive  queue.o
    0x080034b4   0x080034b4   0x00000078   Code   RO         1485    i.xQueueGenericReset  queue.o
    0x0800352c   0x0800352c   0x000000f8   Code   RO         1486    i.xQueueGenericSend  queue.o
    0x08003624   0x08003624   0x00000066   Code   RO         1487    i.xQueueGenericSendFromISR  queue.o
    0x0800368a   0x0800368a   0x00000002   PAD
    0x0800368c   0x0800368c   0x00000050   Code   RO         1635    i.xTaskCheckForTimeOut  tasks.o
    0x080036dc   0x080036dc   0x00000060   Code   RO         1636    i.xTaskCreate       tasks.o
    0x0800373c   0x0800373c   0x0000001c   Code   RO         1639    i.xTaskGetSchedulerState  tasks.o
    0x08003758   0x08003758   0x0000000c   Code   RO         1640    i.xTaskGetTickCount  tasks.o
    0x08003764   0x08003764   0x000000b8   Code   RO         1642    i.xTaskIncrementTick  tasks.o
    0x0800381c   0x0800381c   0x00000068   Code   RO         1645    i.xTaskRemoveFromEventList  tasks.o
    0x08003884   0x08003884   0x000000b4   Code   RO         1647    i.xTaskResumeAll    tasks.o
    0x08003938   0x08003938   0x0000002e   Code   RO         1903    i.xTimerCreate      timers.o
    0x08003966   0x08003966   0x00000002   PAD
    0x08003968   0x08003968   0x0000003c   Code   RO         1904    i.xTimerCreateTimerTask  timers.o
    0x080039a4   0x080039a4   0x00000054   Code   RO         1905    i.xTimerGenericCommand  timers.o
    0x080039f8   0x080039f8   0x00000006   Code   RO         2258    i.xiangxun_off      mode.o
    0x080039fe   0x080039fe   0x00000006   Code   RO         2259    i.xiangxun_on       mode.o
    0x08003a04   0x08003a04   0x00000004   Code   RO         2260    i.zidong_off        mode.o
    0x08003a08   0x08003a08   0x0000000c   Data   RO         2261    .constdata          mode.o
    0x08003a14   0x08003a14   0x0000002c   Data   RO         2774    .constdata          protocol.o
    0x08003a40   0x08003a40   0x00000005   Data   RO         3194    .constdata          buzzer.o
    0x08003a45   0x08003a45   0x00000005   Data   RO         3195    .constdata          buzzer.o
    0x08003a4a   0x08003a4a   0x00000005   Data   RO         3196    .constdata          buzzer.o
    0x08003a4f   0x08003a4f   0x00000005   Data   RO         3197    .constdata          buzzer.o
    0x08003a54   0x08003a54   0x00000003   Data   RO         3198    .constdata          buzzer.o
    0x08003a57   0x08003a57   0x00000003   Data   RO         3199    .constdata          buzzer.o
    0x08003a5a   0x08003a5a   0x00000002   PAD
    0x08003a5c   0x08003a5c   0x00000018   Data   RO         3200    .constdata          buzzer.o
    0x08003a74   0x08003a74   0x00000020   Data   RO         3674    Region$$Table       anon$$obj.o


    Execution Region ER_RW (Exec base: 0x20000000, Load base: 0x08003a94, Size: 0x00000108, Max: 0xffffffff, ABSOLUTE)

    Exec Addr    Load Addr    Size         Type   Attr      Idx    E Section Name        Object

    0x20000000   0x08003a94   0x00000014   Data   RW          289    .data               stm32f10x_rcc.o
    0x20000014   0x08003aa8   0x00000018   Data   RW         1193    .data               heap_4.o
    0x2000002c   0x08003ac0   0x00000004   Data   RW         1276    .data               port.o
    0x20000030   0x08003ac4   0x0000003c   Data   RW         1650    .data               tasks.o
    0x2000006c   0x08003b00   0x00000014   Data   RW         1911    .data               timers.o
    0x20000080   0x08003b14   0x00000014   Data   RW         2203    .data               system_stm32f10x.o
    0x20000094   0x08003b28   0x00000011   Data   RW         2262    .data               mode.o
    0x200000a5   0x08003b39   0x00000003   PAD
    0x200000a8   0x08003b3c   0x00000008   Data   RW         2429    .data               timeheat.o
    0x200000b0   0x08003b44   0x00000004   Data   RW         2444    .data               pirdetect.o
    0x200000b4   0x08003b48   0x00000004   Data   RW         2463    .data               delay.o
    0x200000b8   0x08003b4c   0x00000002   Data   RW         2529    .data               usart.o
    0x200000ba   0x08003b4e   0x00000002   PAD
    0x200000bc   0x08003b50   0x00000004   Data   RW         2571    .data               timer.o
    0x200000c0   0x08003b54   0x00000002   Data   RW         2619    .data               mcu_api.o
    0x200000c2   0x08003b56   0x00000002   PAD
    0x200000c4   0x08003b58   0x0000000c   Data   RW         2861    .data               system.o
    0x200000d0   0x08003b64   0x00000001   Data   RW         2862    .data               system.o
    0x200000d1   0x08003b65   0x00000003   PAD
    0x200000d4   0x08003b68   0x00000008   Data   RW         3170    .data               key.o
    0x200000dc   0x08003b70   0x00000005   Data   RW         3201    .data               buzzer.o
    0x200000e1   0x08003b75   0x00000003   PAD
    0x200000e4   0x08003b78   0x00000008   Data   RW         3239    .data               sensor_dht20.o
    0x200000ec   0x08003b80   0x0000000e   Data   RW         3348    .data               sensor_jw01.o
    0x200000fa   0x08003b8e   0x00000002   PAD
    0x200000fc   0x08003b90   0x0000000c   Data   RW         3426    .data               device.o


    Execution Region ER_ZI (Exec base: 0x20000108, Load base: 0x08003b9c, Size: 0x00004eb8, Max: 0xffffffff, ABSOLUTE)

    Exec Addr    Load Addr    Size         Type   Attr      Idx    E Section Name        Object

    0x20000108        -       0x00004400   Zero   RW         1192    .bss                heap_4.o
    0x20004508        -       0x000000c8   Zero   RW         1649    .bss                tasks.o
    0x200045d0        -       0x00000028   Zero   RW         1910    .bss                timers.o
    0x200045f8        -       0x000000c8   Zero   RW         2528    .bss                usart.o
    0x200046c0        -       0x0000006d   Zero   RW         2860    .bss                system.o
    0x2000472d   0x08003b9c   0x00000003   PAD
    0x20004730        -       0x00000118   Zero   RW         2940    .bss                tuya_wifi_usart.o
    0x20004848        -       0x00000118   Zero   RW         3347    .bss                sensor_jw01.o
    0x20004960        -       0x00000060   Zero   RW         3550    .bss                c_w.l(libspace.o)
    0x200049c0        -       0x00000200   Zero   RW           18    HEAP                startup_stm32f10x_hd.o
    0x20004bc0        -       0x00000400   Zero   RW           17    STACK               startup_stm32f10x_hd.o


==============================================================================

Image component sizes


      Code (inc. data)   RO Data    RW Data    ZI Data      Debug   Object Name

       168          0          0          0          0        570   autorun.o
       132         20         50          5          0       2129   buzzer.o
       230          0          0          0          0       5479   config.o
         0          0          0          0          0       4556   core_cm3.o
       230         22          0          4          0       2781   delay.o
       482         64          0         12          0       4261   device.o
       124          8          0          0          0        541   device_gpio.o
        72         12          0          0          0       1328   dht20_i2c.o
         0          0          0          0          0      10232   event_groups.o
       376         24          0         24      17408      15255   heap_4.o
       136         16          0          0          0       1441   jw01_usart.o
       120         12          0          8          0       1633   key.o
        48         10          0          0          0        989   key_gpio.o
       136          0          0          0          0       2998   list.o
       450         98          0          0          0       6640   main.o
       690         58          0          2          0       8186   mcu_api.o
       148         14          0          0          0     248869   misc.o
       916        118         12         17          0      14026   mode.o
        70          6          0          0          0        688   mode_task.o
       152         10          0          4          0        761   pirdetect.o
       358         48          0          4          0       8736   port.o
       546         12         44          0          0      10094   protocol.o
      1192         14          0          0          0      13746   queue.o
      1410         52          0          8          0      10509   sensor_dht20.o
       478         44          0         14        280       6672   sensor_jw01.o
        64         26        304          0       1536        784   startup_stm32f10x_hd.o
       200          0          0          0          0       4248   stm32f10x_gpio.o
        12          0          0          0          0       2377   stm32f10x_it.o
       228         30          0         20          0       4542   stm32f10x_rcc.o
        30          0          0          0          0       1742   stm32f10x_tim.o
       370          6          0          0          0       6891   stm32f10x_usart.o
       750        130          0         13        109       9862   system.o
       260         26          0         20          0       1969   system_stm32f10x.o
      1648        160          0         60        200      25944   tasks.o
       140         10          0          8          0        837   timeheat.o
        84          8          0          4          0        757   timer.o
       898         86          0         20         40      10038   timers.o
       246         22          0          0        280       3746   tuya_wifi_usart.o
       274         20          0          2        200       3609   usart.o
       148         22          0          0          0       1445   wifi_usart.o

    ----------------------------------------------------------------------
     14048       1208        444        264      20056     461911   Object Totals
         0          0         32          0          0          0   (incl. Generated)
        32          0          2         15          3          0   (incl. Padding)

    ----------------------------------------------------------------------

      Code (inc. data)   RO Data    RW Data    ZI Data      Debug   Library Member Name

         8          0          0          0          0         68   __main.o
         0          0          0          0          0          0   __rtentry.o
        12          0          0          0          0          0   __rtentry2.o
         6          0          0          0          0          0   __rtentry4.o
        52          8          0          0          0          0   __scatter.o
        26          0          0          0          0          0   __scatter_copy.o
        28          0          0          0          0          0   __scatter_zi.o
        18          0          0          0          0         80   exit.o
         6          0          0          0          0        152   heapauxi.o
         2          0          0          0          0          0   libinit.o
         2          0          0          0          0          0   libinit2.o
         2          0          0          0          0          0   libshutdown.o
         2          0          0          0          0          0   libshutdown2.o
         8          4          0          0         96         68   libspace.o
       138          0          0          0          0         68   rt_memcpy_v6.o
       100          0          0          0          0         80   rt_memcpy_w.o
         2          0          0          0          0          0   rtexit.o
        10          0          0          0          0          0   rtexit2.o
        74          0          0          0          0         80   sys_stackheap_outer.o
         2          0          0          0          0         68   use_no_semi.o
         2          0          0          0          0         68   use_no_semi_2.o

    ----------------------------------------------------------------------
       504         12          0          0         96        732   Library Totals
         4          0          0          0          0          0   (incl. Padding)

    ----------------------------------------------------------------------

      Code (inc. data)   RO Data    RW Data    ZI Data      Debug   Library Name

       500         12          0          0         96        732   c_w.l

    ----------------------------------------------------------------------
       504         12          0          0         96        732   Library Totals

    ----------------------------------------------------------------------

==============================================================================


      Code (inc. data)   RO Data    RW Data    ZI Data      Debug   

     14552       1220        444        264      20152     449431   Grand Totals
     14552       1220        444        264      20152     449431   ELF Image Totals
     14552       1220        444        264          0          0   ROM Totals

==============================================================================

    Total RO  Size (Code + RO Data)                14996 (  14.64kB)
    Total RW  Size (RW Data + ZI Data)             20416 (  19.94kB)
    Total ROM Size (Code + RO Data + RW Data)      15260 (  14.90kB)

==============================================================================

