Component: ARM Compiler 5.06 update 7 (build 960) Tool: armlink [4d3601]

==============================================================================

Section Cross References

    startup_stm32f10x_hd.o(STACK) refers (Special) to heapauxi.o(.text) for __use_two_region_memory
    startup_stm32f10x_hd.o(HEAP) refers (Special) to heapauxi.o(.text) for __use_two_region_memory
    startup_stm32f10x_hd.o(RESET) refers (Special) to heapauxi.o(.text) for __use_two_region_memory
    startup_stm32f10x_hd.o(RESET) refers to startup_stm32f10x_hd.o(STACK) for __initial_sp
    startup_stm32f10x_hd.o(RESET) refers to startup_stm32f10x_hd.o(.text) for Reset_Handler
    startup_stm32f10x_hd.o(RESET) refers to stm32f10x_it.o(i.NMI_Handler) for NMI_Handler
    startup_stm32f10x_hd.o(RESET) refers to stm32f10x_it.o(i.HardFault_Handler) for HardFault_Handler
    startup_stm32f10x_hd.o(RESET) refers to stm32f10x_it.o(i.MemManage_Handler) for MemManage_Handler
    startup_stm32f10x_hd.o(RESET) refers to stm32f10x_it.o(i.BusFault_Handler) for BusFault_Handler
    startup_stm32f10x_hd.o(RESET) refers to stm32f10x_it.o(i.UsageFault_Handler) for UsageFault_Handler
    startup_stm32f10x_hd.o(RESET) refers to port.o(.emb_text) for SVC_Handler
    startup_stm32f10x_hd.o(RESET) refers to stm32f10x_it.o(i.DebugMon_Handler) for DebugMon_Handler
    startup_stm32f10x_hd.o(RESET) refers to delay.o(i.SysTick_Handler) for SysTick_Handler
    startup_stm32f10x_hd.o(RESET) refers to tuya_wifi_usart.o(i.USART1_IRQHandler) for USART1_IRQHandler
    startup_stm32f10x_hd.o(RESET) refers to sensor_jw01.o(i.USART2_IRQHandler) for USART2_IRQHandler
    startup_stm32f10x_hd.o(RESET) refers to usart.o(i.USART3_IRQHandler) for USART3_IRQHandler
    startup_stm32f10x_hd.o(.text) refers (Special) to heapauxi.o(.text) for __use_two_region_memory
    startup_stm32f10x_hd.o(.text) refers to system_stm32f10x.o(i.SystemInit) for SystemInit
    startup_stm32f10x_hd.o(.text) refers to __main.o(!!!main) for __main
    startup_stm32f10x_hd.o(.text) refers to startup_stm32f10x_hd.o(HEAP) for Heap_Mem
    startup_stm32f10x_hd.o(.text) refers to startup_stm32f10x_hd.o(STACK) for Stack_Mem
    stm32f10x_gpio.o(i.GPIO_AFIODeInit) refers to stm32f10x_rcc.o(i.RCC_APB2PeriphResetCmd) for RCC_APB2PeriphResetCmd
    stm32f10x_gpio.o(i.GPIO_DeInit) refers to stm32f10x_rcc.o(i.RCC_APB2PeriphResetCmd) for RCC_APB2PeriphResetCmd
    stm32f10x_rcc.o(i.RCC_GetClocksFreq) refers to stm32f10x_rcc.o(.data) for .data
    stm32f10x_rcc.o(i.RCC_WaitForHSEStartUp) refers to stm32f10x_rcc.o(i.RCC_GetFlagStatus) for RCC_GetFlagStatus
    stm32f10x_usart.o(i.USART_DeInit) refers to stm32f10x_rcc.o(i.RCC_APB2PeriphResetCmd) for RCC_APB2PeriphResetCmd
    stm32f10x_usart.o(i.USART_DeInit) refers to stm32f10x_rcc.o(i.RCC_APB1PeriphResetCmd) for RCC_APB1PeriphResetCmd
    stm32f10x_usart.o(i.USART_Init) refers to stm32f10x_rcc.o(i.RCC_GetClocksFreq) for RCC_GetClocksFreq
    heap_4.o(i.prvHeapInit) refers to heap_4.o(.bss) for .bss
    heap_4.o(i.prvHeapInit) refers to heap_4.o(.data) for .data
    heap_4.o(i.prvInsertBlockIntoFreeList) refers to heap_4.o(.data) for .data
    heap_4.o(i.pvPortMalloc) refers to tasks.o(i.vTaskSuspendAll) for vTaskSuspendAll
    heap_4.o(i.pvPortMalloc) refers to heap_4.o(i.prvHeapInit) for prvHeapInit
    heap_4.o(i.pvPortMalloc) refers to heap_4.o(i.prvInsertBlockIntoFreeList) for prvInsertBlockIntoFreeList
    heap_4.o(i.pvPortMalloc) refers to tasks.o(i.xTaskResumeAll) for xTaskResumeAll
    heap_4.o(i.pvPortMalloc) refers to heap_4.o(.data) for .data
    heap_4.o(i.vPortFree) refers to tasks.o(i.vTaskSuspendAll) for vTaskSuspendAll
    heap_4.o(i.vPortFree) refers to heap_4.o(i.prvInsertBlockIntoFreeList) for prvInsertBlockIntoFreeList
    heap_4.o(i.vPortFree) refers to tasks.o(i.xTaskResumeAll) for xTaskResumeAll
    heap_4.o(i.vPortFree) refers to heap_4.o(.data) for .data
    heap_4.o(i.xPortGetFreeHeapSize) refers to heap_4.o(.data) for .data
    heap_4.o(i.xPortGetMinimumEverFreeHeapSize) refers to heap_4.o(.data) for .data
    port.o(.emb_text) refers to tasks.o(i.vTaskSwitchContext) for vTaskSwitchContext
    port.o(.emb_text) refers to tasks.o(.data) for pxCurrentTCB
    port.o(i.pxPortInitialiseStack) refers to port.o(i.prvTaskExitError) for prvTaskExitError
    port.o(i.vPortEnterCritical) refers to port.o(.data) for .data
    port.o(i.vPortExitCritical) refers to port.o(.data) for .data
    port.o(i.xPortStartScheduler) refers to port.o(i.vPortSetupTimerInterrupt) for vPortSetupTimerInterrupt
    port.o(i.xPortStartScheduler) refers to port.o(.emb_text) for __asm___6_port_c_39a90d8d__prvStartFirstTask
    port.o(i.xPortStartScheduler) refers to port.o(.data) for .data
    port.o(i.xPortSysTickHandler) refers to tasks.o(i.xTaskIncrementTick) for xTaskIncrementTick
    event_groups.o(i.vEventGroupClearBitsCallback) refers to event_groups.o(i.xEventGroupClearBits) for xEventGroupClearBits
[...]
    i.prvResetNextTaskUnblockTime            0x08002460   Section        0  tasks.o(i.prvResetNextTaskUnblockTime)
    prvResetNextTaskUnblockTime              0x08002461   Thumb Code    30  tasks.o(i.prvResetNextTaskUnblockTime)
    i.prvSampleTimeNow                       0x08002484   Section        0  timers.o(i.prvSampleTimeNow)
    prvSampleTimeNow                         0x08002485   Thumb Code    38  timers.o(i.prvSampleTimeNow)
    i.prvSwitchTimerLists                    0x080024b0   Section        0  timers.o(i.prvSwitchTimerLists)
    prvSwitchTimerLists                      0x080024b1   Thumb Code    86  timers.o(i.prvSwitchTimerLists)
    i.prvTaskExitError                       0x0800250c   Section        0  port.o(i.prvTaskExitError)
    prvTaskExitError                         0x0800250d   Thumb Code    16  port.o(i.prvTaskExitError)
    i.prvTimerTask                           0x0800251c   Section        0  timers.o(i.prvTimerTask)
    prvTimerTask                             0x0800251d   Thumb Code    20  timers.o(i.prvTimerTask)
    i.prvUnlockQueue                         0x08002530   Section        0  queue.o(i.prvUnlockQueue)
    prvUnlockQueue                           0x08002531   Thumb Code   106  queue.o(i.prvUnlockQueue)
    i.pvPortMalloc                           0x0800259c   Section        0  heap_4.o(i.pvPortMalloc)
    i.pxPortInitialiseStack                  0x08002634   Section        0  port.o(i.pxPortInitialiseStack)
    i.set_wifi_uart_buffer                   0x08002650   Section        0  system.o(i.set_wifi_uart_buffer)
    i.set_wifi_uart_byte                     0x0800266c   Section        0  system.o(i.set_wifi_uart_byte)
    i.take_byte_rxbuff                       0x0800267c   Section        0  system.o(i.take_byte_rxbuff)
    i.uart3_init                             0x080026a4   Section        0  usart.o(i.uart3_init)
    i.uart_receive_input                     0x0800274c   Section        0  mcu_api.o(i.uart_receive_input)
    i.uart_transmit_output                   0x08002788   Section        0  protocol.o(i.uart_transmit_output)
    i.uxListRemove                           0x0800278c   Section        0  list.o(i.uxListRemove)
    i.vListInitialise                        0x080027b0   Section        0  list.o(i.vListInitialise)
    i.vListInitialiseItem                    0x080027c6   Section        0  list.o(i.vListInitialiseItem)
    i.vListInsert                            0x080027cc   Section        0  list.o(i.vListInsert)
    i.vListInsertEnd                         0x080027fc   Section        0  list.o(i.vListInsertEnd)
    i.vMonitorUpdateTimerFunc                0x08002814   Section        0  main.o(i.vMonitorUpdateTimerFunc)
    vMonitorUpdateTimerFunc                  0x08002815   Thumb Code    28  main.o(i.vMonitorUpdateTimerFunc)
    i.vPortEnterCritical                     0x08002850   Section        0  port.o(i.vPortEnterCritical)
    i.vPortExitCritical                      0x0800286c   Section        0  port.o(i.vPortExitCritical)
    i.vPortFree                              0x08002884   Section        0  heap_4.o(i.vPortFree)
    i.vPortSetupTimerInterrupt               0x080028c4   Section        0  port.o(i.vPortSetupTimerInterrupt)
    i.vQueueWaitForMessageRestricted         0x080028d8   Section        0  queue.o(i.vQueueWaitForMessageRestricted)
    i.vTaskDelay                             0x08002920   Section        0  tasks.o(i.vTaskDelay)
    i.vTaskMissedYield                       0x08002954   Section        0  tasks.o(i.vTaskMissedYield)
    i.vTaskPlaceOnEventList                  0x08002960   Section        0  tasks.o(i.vTaskPlaceOnEventList)
    i.vTaskPlaceOnEventListRestricted        0x08002980   Section        0  tasks.o(i.vTaskPlaceOnEventListRestricted)
    i.vTaskSetTimeOutState                   0x080029a8   Section        0  tasks.o(i.vTaskSetTimeOutState)
    i.vTaskStartScheduler                    0x080029b8   Section        0  tasks.o(i.vTaskStartScheduler)
    i.vTaskSuspendAll                        0x08002a14   Section        0  tasks.o(i.vTaskSuspendAll)
    i.vTaskSwitchContext                     0x08002a24   Section        0  tasks.o(i.vTaskSwitchContext)
    i.vUpdateFunc                            0x08002a6c   Section        0  main.o(i.vUpdateFunc)
    vUpdateFunc                              0x08002a6d   Thumb Code    24  main.o(i.vUpdateFunc)
    i.wifi_protocol_init                     0x08002aa0   Section        0  mcu_api.o(i.wifi_protocol_init)
    i.wifi_uart_service                      0x08002acc   Section        0  mcu_api.o(i.wifi_uart_service)
    i.wifi_uart_write_data                   0x08002b88   Section        0  system.o(i.wifi_uart_write_data)
    wifi_uart_write_data                     0x08002b89   Thumb Code    32  system.o(i.wifi_uart_write_data)
    i.wifi_uart_write_frame                  0x08002ba8   Section        0  system.o(i.wifi_uart_write_frame)
    i.with_data_rxbuff                       0x08002be4   Section        0  system.o(i.with_data_rxbuff)
    i.xPortStartScheduler                    0x08002bfc   Section        0  port.o(i.xPortStartScheduler)
    i.xPortSysTickHandler                    0x08002c2c   Section        0  port.o(i.xPortSysTickHandler)
    i.xQueueGenericCreate                    0x08002c58   Section        0  queue.o(i.xQueueGenericCreate)
    i.xQueueGenericReceive                   0x08002c8c   Section        0  queue.o(i.xQueueGenericReceive)
    i.xQueueGenericReset                     0x08002da8   Section        0  queue.o(i.xQueueGenericReset)
    i.xQueueGenericSend                      0x08002e20   Section        0  queue.o(i.xQueueGenericSend)
    i.xQueueGenericSendFromISR               0x08002f18   Section        0  queue.o(i.xQueueGenericSendFromISR)
    i.xTaskCheckForTimeOut                   0x08002f80   Section        0  tasks.o(i.xTaskCheckForTimeOut)
    i.xTaskCreate                            0x08002fd0   Section        0  tasks.o(i.xTaskCreate)
    i.xTaskGetSchedulerState                 0x08003030   Section        0  tasks.o(i.xTaskGetSchedulerState)
    i.xTaskGetTickCount                      0x0800304c   Section        0  tasks.o(i.xTaskGetTickCount)
    i.xTaskIncrementTick                     0x08003058   Section        0  tasks.o(i.xTaskIncrementTick)
    i.xTaskRemoveFromEventList               0x08003110   Section        0  tasks.o(i.xTaskRemoveFromEventList)
    i.xTaskResumeAll                         0x08003178   Section        0  tasks.o(i.xTaskResumeAll)
    i.xTimerCreate                           0x0800322c   Section        0  timers.o(i.xTimerCreate)
    i.xTimerCreateTimerTask                  0x0800325c   Section        0  timers.o(i.xTimerCreateTimerTask)
    i.xTimerGenericCommand                   0x08003298   Section        0  timers.o(i.xTimerGenericCommand)
    .constdata                               0x080032ec   Section       44  protocol.o(.constdata)
    .constdata                               0x08003318   Section        5  buzzer.o(.constdata)
    .constdata                               0x0800331d   Section        5  buzzer.o(.constdata)
    .constdata                               0x08003322   Section        5  buzzer.o(.constdata)
    .constdata                               0x08003327   Section        5  buzzer.o(.constdata)
    .constdata                               0x0800332c   Section        3  buzzer.o(.constdata)
    .constdata                               0x0800332f   Section        3  buzzer.o(.constdata)
    .constdata                               0x08003334   Section       24  buzzer.o(.constdata)
    .data                                    0x20000000   Section       20  stm32f10x_rcc.o(.data)
    ADCPrescTable                            0x20000000   Data           4  stm32f10x_rcc.o(.data)
    APBAHBPrescTable                         0x20000004   Data          16  stm32f10x_rcc.o(.data)
    .data                                    0x20000014   Section       24  heap_4.o(.data)
    pxEnd                                    0x20000014   Data           4  heap_4.o(.data)
    xFreeBytesRemaining                      0x20000018   Data           4  heap_4.o(.data)
    xMinimumEverFreeBytesRemaining           0x2000001c   Data           4  heap_4.o(.data)
    xBlockAllocatedBit                       0x20000020   Data           4  heap_4.o(.data)
    xStart                                   0x20000024   Data           8  heap_4.o(.data)
    .data                                    0x2000002c   Section        4  port.o(.data)
    uxCriticalNesting                        0x2000002c   Data           4  port.o(.data)
    .data                                    0x20000030   Section       60  tasks.o(.data)
    uxDeletedTasksWaitingCleanUp             0x20000034   Data           4  tasks.o(.data)
    uxCurrentNumberOfTasks                   0x20000038   Data           4  tasks.o(.data)
    xTickCount                               0x2000003c   Data           4  tasks.o(.data)
    uxTopReadyPriority                       0x20000040   Data           4  tasks.o(.data)
    xSchedulerRunning                        0x20000044   Data           4  tasks.o(.data)
    uxPendedTicks                            0x20000048   Data           4  tasks.o(.data)
    xYieldPending                            0x2000004c   Data           4  tasks.o(.data)
    xNumOfOverflows                          0x20000050   Data           4  tasks.o(.data)
    uxTaskNumber                             0x20000054   Data           4  tasks.o(.data)
    xNextTaskUnblockTime                     0x20000058   Data           4  tasks.o(.data)
    xIdleTaskHandle                          0x2000005c   Data           4  tasks.o(.data)
    uxSchedulerSuspended                     0x20000060   Data           4  tasks.o(.data)
    pxDelayedTaskList                        0x20000064   Data           4  tasks.o(.data)
    pxOverflowDelayedTaskList                0x20000068   Data           4  tasks.o(.data)
    .data                                    0x2000006c   Section       20  timers.o(.data)
    xTimerQueue                              0x2000006c   Data           4  timers.o(.data)
    xTimerTaskHandle                         0x20000070   Data           4  timers.o(.data)
    xLastTime                                0x20000074   Data           4  timers.o(.data)
    pxCurrentTimerList                       0x20000078   Data           4  timers.o(.data)
    pxOverflowTimerList                      0x2000007c   Data           4  timers.o(.data)
    .data                                    0x20000080   Section        8  main.o(.data)
    cnt                                      0x20000080   Data           4  main.o(.data)
    cnt                                      0x20000084   Data           4  main.o(.data)
    .data                                    0x20000088   Section       20  system_stm32f10x.o(.data)
    .data                                    0x2000009c   Section        4  delay.o(.data)
    fac_us                                   0x2000009c   Data           1  delay.o(.data)
    fac_ms                                   0x2000009e   Data           2  delay.o(.data)
    .data                                    0x200000a0   Section        2  usart.o(.data)
    .data                                    0x200000a4   Section        4  usart.o(.data)
    .data                                    0x200000a8   Section        2  mcu_api.o(.data)
    rx_in                                    0x200000a8   Data           2  mcu_api.o(.data)
    .data                                    0x200000ac   Section       12  system.o(.data)
    mcu_reset_state                          0x200000ac   Data           1  system.o(.data)
    .data                                    0x200000b8   Section        1  system.o(.data)
    .data                                    0x200000bc   Section        8  key.o(.data)
    last_key                                 0x200000bc   Data           1  key.o(.data)
    reset_count                              0x200000c0   Data           4  key.o(.data)
    .data                                    0x200000c4   Section        5  buzzer.o(.data)
    .data                                    0x200000cc   Section        8  sensor_dht20.o(.data)
    Humidity                                 0x200000cc   Data           4  sensor_dht20.o(.data)
    Temperature                              0x200000d0   Data           4  sensor_dht20.o(.data)
    .data                                    0x200000d4   Section       14  sensor_jw01.o(.data)
    TVOC_H                                   0x200000d4   Data           1  sensor_jw01.o(.data)
    TVOC_L                                   0x200000d5   Data           1  sensor_jw01.o(.data)
    CH2O_H                                   0x200000d6   Data           1  sensor_jw01.o(.data)
    CH2O_L                                   0x200000d7   Data           1  sensor_jw01.o(.data)
    CO2_H                                    0x200000d8   Data           1  sensor_jw01.o(.data)
    CO2_L                                    0x200000d9   Data           1  sensor_jw01.o(.data)
    checkdata                                0x200000da   Data           1  sensor_jw01.o(.data)
    TVOC_H_temp                              0x200000db   Data           1  sensor_jw01.o(.data)
    TVOC_L_temp                              0x200000dc   Data           1  sensor_jw01.o(.data)
    CH2O_H_temp                              0x200000dd   Data           1  sensor_jw01.o(.data)
    CH2O_L_temp                              0x200000de   Data           1  sensor_jw01.o(.data)
    CO2_H_temp                               0x200000df   Data           1  sensor_jw01.o(.data)
    CO2_L_temp                               0x200000e0   Data           1  sensor_jw01.o(.data)
    checkdata_temp                           0x200000e1   Data           1  sensor_jw01.o(.data)
    .bss                                     0x200000e4   Section    17408  heap_4.o(.bss)
    ucHeap                                   0x200000e4   Data       17408  heap_4.o(.bss)
    .bss                                     0x200044e4   Section      200  tasks.o(.bss)
    pxReadyTasksLists                        0x200044e4   Data         100  tasks.o(.bss)
    xDelayedTaskList1                        0x20004548   Data          20  tasks.o(.bss)
    xDelayedTaskList2                        0x2000455c   Data          20  tasks.o(.bss)
    xPendingReadyList                        0x20004570   Data          20  tasks.o(.bss)
    xTasksWaitingTermination                 0x20004584   Data          20  tasks.o(.bss)
    xSuspendedTaskList                       0x20004598   Data          20  tasks.o(.bss)
    .bss                                     0x200045ac   Section       40  timers.o(.bss)
    xActiveTimerList1                        0x200045ac   Data          20  timers.o(.bss)
    xActiveTimerList2                        0x200045c0   Data          20  timers.o(.bss)
    .bss                                     0x200045d4   Section      200  usart.o(.bss)
    .bss                                     0x2000469c   Section      109  system.o(.bss)
    .bss                                     0x2000470c   Section      280  tuya_wifi_usart.o(.bss)
    UartRxbuf                                0x2000470c   Data          12  tuya_wifi_usart.o(.bss)
    UartTxbuf                                0x20004718   Data          12  tuya_wifi_usart.o(.bss)
    rx_buffer                                0x20004724   Data         128  tuya_wifi_usart.o(.bss)
    tx_buffer                                0x200047a4   Data         128  tuya_wifi_usart.o(.bss)
    .bss                                     0x20004824   Section      280  sensor_jw01.o(.bss)
    rx_buffer                                0x20004824   Data         128  sensor_jw01.o(.bss)
    tx_buffer                                0x200048a4   Data         128  sensor_jw01.o(.bss)
    UartRxbuf                                0x20004924   Data          12  sensor_jw01.o(.bss)
    UartTxbuf                                0x20004930   Data          12  sensor_jw01.o(.bss)
    .bss                                     0x2000493c   Section       96  libspace.o(.bss)
    HEAP                                     0x200049a0   Section      512  startup_stm32f10x_hd.o(HEAP)
    Heap_Mem                                 0x200049a0   Data         512  startup_stm32f10x_hd.o(HEAP)
    STACK                                    0x20004ba0   Section     1024  startup_stm32f10x_hd.o(STACK)
    Stack_Mem                                0x20004ba0   Data        1024  startup_stm32f10x_hd.o(STACK)
    __initial_sp                             0x20004fa0   Data           0  startup_stm32f10x_hd.o(STACK)

    Global Symbols

    Symbol Name                              Value     Ov Type        Size  Object(Section)

    BuildAttributes$$THM_ISAv4$P$D$K$B$S$PE$A:L22UL41UL21$X:L11$S22US41US21$IEEE1$IW$USESV6$~STKCKD$USESV7$~SHL$OSPACE$ROPI$EBA8$UX$STANDARDLIB$REQ8$PRES8$EABIv2 0x00000000   Number         0  anon$$obj.o ABSOLUTE
    __ARM_use_no_argv                        0x00000000   Number         0  main.o ABSOLUTE
    __ARM_exceptions_init                     - Undefined Weak Reference
    __alloca_initialize                       - Undefined Weak Reference
    __arm_fini_                               - Undefined Weak Reference
    __arm_preinit_                            - Undefined Weak Reference
    __cpp_initialize__aeabi_                  - Undefined Weak Reference
    __cxa_finalize                            - Undefined Weak Reference
    __rt_locale                               - Undefined Weak Reference
    __sigvec_lookup                           - Undefined Weak Reference
    _atexit_init                              - Undefined Weak Reference
    _call_atexit_fns                          - Undefined Weak Reference
    _clock_init                               - Undefined Weak Reference
    _fp_trap_init                             - Undefined Weak Reference
    _fp_trap_shutdown                         - Undefined Weak Reference
    _get_lc_collate                           - Undefined Weak Reference
    _get_lc_ctype                             - Undefined Weak Reference
    _get_lc_monetary                          - Undefined Weak Reference
    _get_lc_numeric                           - Undefined Weak Reference
    _get_lc_time                              - Undefined Weak Reference
    _getenv_init                              - Undefined Weak Reference
    _handle_redirection                       - Undefined Weak Reference
    _init_alloc                               - Undefined Weak Reference
    _init_user_alloc                          - Undefined Weak Reference
    _initio                                   - Undefined Weak Reference
    _mutex_acquire                            - Undefined Weak Reference
    _mutex_release                            - Undefined Weak Reference
    _printf_post_padding                      - Undefined Weak Reference
    _printf_pre_padding                       - Undefined Weak Reference
    _printf_truncate_signed                   - Undefined Weak Reference
    _printf_truncate_unsigned                 - Undefined Weak Reference
    _rand_init                                - Undefined Weak Reference
    _signal_finish                            - Undefined Weak Reference
    _signal_init                              - Undefined Weak Reference
    _terminate_alloc                          - Undefined Weak Reference
    _terminate_user_alloc                     - Undefined Weak Reference
    _terminateio                              - Undefined Weak Reference
    __Vectors_Size                           0x00000130   Number         0  startup_stm32f10x_hd.o ABSOLUTE
    __Vectors                                0x08000000   Data           4  startup_stm32f10x_hd.o(RESET)
    __Vectors_End                            0x08000130   Data           0  startup_stm32f10x_hd.o(RESET)
    __main                                   0x08000131   Thumb Code     8  __main.o(!!!main)
    __scatterload                            0x08000139   Thumb Code     0  __scatter.o(!!!scatter)
    __scatterload_rt2                        0x08000139   Thumb Code    44  __scatter.o(!!!scatter)
    __scatterload_rt2_thumb_only             0x08000139   Thumb Code     0  __scatter.o(!!!scatter)
    __scatterload_null                       0x08000147   Thumb Code     0  __scatter.o(!!!scatter)
    __scatterload_copy                       0x0800016d   Thumb Code    26  __scatter_copy.o(!!handler_copy)
    __scatterload_zeroinit                   0x08000189   Thumb Code    28  __scatter_zi.o(!!handler_zi)
    _printf_d                                0x080001a5   Thumb Code     0  _printf_d.o(.ARM.Collect$$_printf_percent$$00000009)
    _printf_percent                          0x080001a5   Thumb Code     0  _printf_percent.o(.ARM.Collect$$_printf_percent$$00000000)
    _printf_percent_end                      0x080001ab   Thumb Code     0  _printf_percent_end.o(.ARM.Collect$$_printf_percent$$00000017)
    __rt_lib_init                            0x080001af   Thumb Code     0  libinit.o(.ARM.Collect$$libinit$$00000000)
    __rt_lib_init_alloca_1                   0x080001b1   Thumb Code     0  libinit2.o(.ARM.Collect$$libinit$$0000002E)
    __rt_lib_init_argv_1                     0x080001b1   Thumb Code     0  libinit2.o(.ARM.Collect$$libinit$$0000002C)
    __rt_lib_init_atexit_1                   0x080001b1   Thumb Code     0  libinit2.o(.ARM.Collect$$libinit$$0000001B)
    __rt_lib_init_clock_1                    0x080001b1   Thumb Code     0  libinit2.o(.ARM.Collect$$libinit$$00000021)
    __rt_lib_init_cpp_1                      0x080001b1   Thumb Code     0  libinit2.o(.ARM.Collect$$libinit$$00000032)
    __rt_lib_init_exceptions_1               0x080001b1   Thumb Code     0  libinit2.o(.ARM.Collect$$libinit$$00000030)
    __rt_lib_init_fp_1                       0x080001b1   Thumb Code     0  libinit2.o(.ARM.Collect$$libinit$$00000002)
    __rt_lib_init_fp_trap_1                  0x080001b1   Thumb Code     0  libinit2.o(.ARM.Collect$$libinit$$0000001F)
    __rt_lib_init_getenv_1                   0x080001b1   Thumb Code     0  libinit2.o(.ARM.Collect$$libinit$$00000023)
    __rt_lib_init_heap_1                     0x080001b1   Thumb Code     0  libinit2.o(.ARM.Collect$$libinit$$0000000A)
    __rt_lib_init_lc_collate_1               0x080001b1   Thumb Code     0  libinit2.o(.ARM.Collect$$libinit$$00000011)
    __rt_lib_init_lc_ctype_1                 0x080001b1   Thumb Code     0  libinit2.o(.ARM.Collect$$libinit$$00000013)
    __rt_lib_init_lc_monetary_1              0x080001b1   Thumb Code     0  libinit2.o(.ARM.Collect$$libinit$$00000015)
    __rt_lib_init_lc_numeric_1               0x080001b1   Thumb Code     0  libinit2.o(.ARM.Collect$$libinit$$00000017)
    __rt_lib_init_lc_time_1                  0x080001b1   Thumb Code     0  libinit2.o(.ARM.Collect$$libinit$$00000019)
    __rt_lib_init_preinit_1                  0x080001b1   Thumb Code     0  libinit2.o(.ARM.Collect$$libinit$$00000004)
    __rt_lib_init_rand_1                     0x080001b1   Thumb Code     0  libinit2.o(.ARM.Collect$$libinit$$0000000E)
    __rt_lib_init_return                     0x080001b1   Thumb Code     0  libinit2.o(.ARM.Collect$$libinit$$00000033)
    __rt_lib_init_signal_1                   0x080001b1   Thumb Code     0  libinit2.o(.ARM.Collect$$libinit$$0000001D)
    __rt_lib_init_stdio_1                    0x080001b1   Thumb Code     0  libinit2.o(.ARM.Collect$$libinit$$00000025)
    __rt_lib_init_user_alloc_1               0x080001b1   Thumb Code     0  libinit2.o(.ARM.Collect$$libinit$$0000000C)
    __rt_lib_shutdown                        0x080001b3   Thumb Code     0  libshutdown.o(.ARM.Collect$$libshutdown$$00000000)
    __rt_lib_shutdown_cpp_1                  0x080001b5   Thumb Code     0  libshutdown2.o(.ARM.Collect$$libshutdown$$00000004)
    __rt_lib_shutdown_fini_1                 0x080001b5   Thumb Code     0  libshutdown2.o(.ARM.Collect$$libshutdown$$00000002)
    __rt_lib_shutdown_fp_trap_1              0x080001b5   Thumb Code     0  libshutdown2.o(.ARM.Collect$$libshutdown$$00000009)
    __rt_lib_shutdown_heap_1                 0x080001b5   Thumb Code     0  libshutdown2.o(.ARM.Collect$$libshutdown$$00000011)
    __rt_lib_shutdown_return                 0x080001b5   Thumb Code     0  libshutdown2.o(.ARM.Collect$$libshutdown$$00000012)
    __rt_lib_shutdown_signal_1               0x080001b5   Thumb Code     0  libshutdown2.o(.ARM.Collect$$libshutdown$$0000000C)
    __rt_lib_shutdown_stdio_1                0x080001b5   Thumb Code     0  libshutdown2.o(.ARM.Collect$$libshutdown$$00000006)
    __rt_lib_shutdown_user_alloc_1           0x080001b5   Thumb Code     0  libshutdown2.o(.ARM.Collect$$libshutdown$$0000000E)
    __rt_entry                               0x080001b7   Thumb Code     0  __rtentry.o(.ARM.Collect$$rtentry$$00000000)
    __rt_entry_presh_1                       0x080001b7   Thumb Code     0  __rtentry2.o(.ARM.Collect$$rtentry$$00000002)
    __rt_entry_sh                            0x080001b7   Thumb Code     0  __rtentry4.o(.ARM.Collect$$rtentry$$00000004)
    __rt_entry_li                            0x080001bd   Thumb Code     0  __rtentry2.o(.ARM.Collect$$rtentry$$0000000A)
    __rt_entry_postsh_1                      0x080001bd   Thumb Code     0  __rtentry2.o(.ARM.Collect$$rtentry$$00000009)
    __rt_entry_main                          0x080001c1   Thumb Code     0  __rtentry2.o(.ARM.Collect$$rtentry$$0000000D)
    __rt_entry_postli_1                      0x080001c1   Thumb Code     0  __rtentry2.o(.ARM.Collect$$rtentry$$0000000C)
    __rt_exit                                0x080001c9   Thumb Code     0  rtexit.o(.ARM.Collect$$rtexit$$00000000)
    __rt_exit_ls                             0x080001cb   Thumb Code     0  rtexit2.o(.ARM.Collect$$rtexit$$00000003)
    __rt_exit_prels_1                        0x080001cb   Thumb Code     0  rtexit2.o(.ARM.Collect$$rtexit$$00000002)
    __rt_exit_exit                           0x080001cf   Thumb Code     0  rtexit2.o(.ARM.Collect$$rtexit$$00000004)
    SVC_Handler                              0x080001d5   Thumb Code    32  port.o(.emb_text)
    __asm___6_port_c_39a90d8d__prvStartFirstTask 0x080001f9   Thumb Code    28  port.o(.emb_text)
    PendSV_Handler                           0x08000219   Thumb Code    72  port.o(.emb_text)
    vPortGetIPSR                             0x08000265   Thumb Code     6  port.o(.emb_text)
    Reset_Handler                            0x0800026d   Thumb Code     8  startup_stm32f10x_hd.o(.text)
    ADC1_2_IRQHandler                        0x08000287   Thumb Code     0  startup_stm32f10x_hd.o(.text)
    ADC3_IRQHandler                          0x08000287   Thumb Code     0  startup_stm32f10x_hd.o(.text)
    CAN1_RX1_IRQHandler                      0x08000287   Thumb Code     0  startup_stm32f10x_hd.o(.text)
    CAN1_SCE_IRQHandler                      0x08000287   Thumb Code     0  startup_stm32f10x_hd.o(.text)
    DMA1_Channel1_IRQHandler                 0x08000287   Thumb Code     0  startup_stm32f10x_hd.o(.text)
    DMA1_Channel2_IRQHandler                 0x08000287   Thumb Code     0  startup_stm32f10x_hd.o(.text)
    DMA1_Channel3_IRQHandler                 0x08000287   Thumb Code     0  startup_stm32f10x_hd.o(.text)
    DMA1_Channel4_IRQHandler                 0x08000287   Thumb Code     0  startup_stm32f10x_hd.o(.text)
    DMA1_Channel5_IRQHandler                 0x08000287   Thumb Code     0  startup_stm32f10x_hd.o(.text)
    DMA1_Channel6_IRQHandler                 0x08000287   Thumb Code     0  startup_stm32f10x_hd.o(.text)
    DMA1_Channel7_IRQHandler                 0x08000287   Thumb Code     0  startup_stm32f10x_hd.o(.text)
    DMA2_Channel1_IRQHandler                 0x08000287   Thumb Code     0  startup_stm32f10x_hd.o(.text)
    DMA2_Channel2_IRQHandler                 0x08000287   Thumb Code     0  startup_stm32f10x_hd.o(.text)
    DMA2_Channel3_IRQHandler                 0x08000287   Thumb Code     0  startup_stm32f10x_hd.o(.text)
    DMA2_Channel4_5_IRQHandler               0x08000287   Thumb Code     0  startup_stm32f10x_hd.o(.text)
    EXTI0_IRQHandler                         0x08000287   Thumb Code     0  startup_stm32f10x_hd.o(.text)
    EXTI15_10_IRQHandler                     0x08000287   Thumb Code     0  startup_stm32f10x_hd.o(.text)
    EXTI1_IRQHandler                         0x08000287   Thumb Code     0  startup_stm32f10x_hd.o(.text)
    EXTI2_IRQHandler                         0x08000287   Thumb Code     0  startup_stm32f10x_hd.o(.text)
    EXTI3_IRQHandler                         0x08000287   Thumb Code     0  startup_stm32f10x_hd.o(.text)
    EXTI4_IRQHandler                         0x08000287   Thumb Code     0  startup_stm32f10x_hd.o(.text)
    EXTI9_5_IRQHandler                       0x08000287   Thumb Code     0  startup_stm32f10x_hd.o(.text)
    FLASH_IRQHandler                         0x08000287   Thumb Code     0  startup_stm32f10x_hd.o(.text)
    FSMC_IRQHandler                          0x08000287   Thumb Code     0  startup_stm32f10x_hd.o(.text)
    I2C1_ER_IRQHandler                       0x08000287   Thumb Code     0  startup_stm32f10x_hd.o(.text)
    I2C1_EV_IRQHandler                       0x08000287   Thumb Code     0  startup_stm32f10x_hd.o(.text)
    I2C2_ER_IRQHandler                       0x08000287   Thumb Code     0  startup_stm32f10x_hd.o(.text)
    I2C2_EV_IRQHandler                       0x08000287   Thumb Code     0  startup_stm32f10x_hd.o(.text)
    PVD_IRQHandler                           0x08000287   Thumb Code     0  startup_stm32f10x_hd.o(.text)
    RCC_IRQHandler                           0x08000287   Thumb Code     0  startup_stm32f10x_hd.o(.text)
    RTCAlarm_IRQHandler                      0x08000287   Thumb Code     0  startup_stm32f10x_hd.o(.text)
    RTC_IRQHandler                           0x08000287   Thumb Code     0  startup_stm32f10x_hd.o(.text)
    SDIO_IRQHandler                          0x08000287   Thumb Code     0  startup_stm32f10x_hd.o(.text)
    SPI1_IRQHandler                          0x08000287   Thumb Code     0  startup_stm32f10x_hd.o(.text)
    SPI2_IRQHandler                          0x08000287   Thumb Code     0  startup_stm32f10x_hd.o(.text)
    SPI3_IRQHandler                          0x08000287   Thumb Code     0  startup_stm32f10x_hd.o(.text)
    TAMPER_IRQHandler                        0x08000287   Thumb Code     0  startup_stm32f10x_hd.o(.text)
    TIM1_BRK_IRQHandler                      0x08000287   Thumb Code     0  startup_stm32f10x_hd.o(.text)
    TIM1_CC_IRQHandler                       0x08000287   Thumb Code     0  startup_stm32f10x_hd.o(.text)
    TIM1_TRG_COM_IRQHandler                  0x08000287   Thumb Code     0  startup_stm32f10x_hd.o(.text)
    TIM1_UP_IRQHandler                       0x08000287   Thumb Code     0  startup_stm32f10x_hd.o(.text)
    TIM2_IRQHandler                          0x08000287   Thumb Code     0  startup_stm32f10x_hd.o(.text)
    TIM3_IRQHandler                          0x08000287   Thumb Code     0  startup_stm32f10x_hd.o(.text)
    TIM4_IRQHandler                          0x08000287   Thumb Code     0  startup_stm32f10x_hd.o(.text)
    TIM5_IRQHandler                          0x08000287   Thumb Code     0  startup_stm32f10x_hd.o(.text)
    TIM6_IRQHandler                          0x08000287   Thumb Code     0  startup_stm32f10x_hd.o(.text)
    TIM7_IRQHandler                          0x08000287   Thumb Code     0  startup_stm32f10x_hd.o(.text)
    TIM8_BRK_IRQHandler                      0x08000287   Thumb Code     0  startup_stm32f10x_hd.o(.text)
    TIM8_CC_IRQHandler                       0x08000287   Thumb Code     0  startup_stm32f10x_hd.o(.text)
    TIM8_TRG_COM_IRQHandler                  0x08000287   Thumb Code     0  startup_stm32f10x_hd.o(.text)
    TIM8_UP_IRQHandler                       0x08000287   Thumb Code     0  startup_stm32f10x_hd.o(.text)
    UART4_IRQHandler                         0x08000287   Thumb Code     0  startup_stm32f10x_hd.o(.text)
    UART5_IRQHandler                         0x08000287   Thumb Code     0  startup_stm32f10x_hd.o(.text)
    USBWakeUp_IRQHandler                     0x08000287   Thumb Code     0  startup_stm32f10x_hd.o(.text)
    USB_HP_CAN1_TX_IRQHandler                0x08000287   Thumb Code     0  startup_stm32f10x_hd.o(.text)
    USB_LP_CAN1_RX0_IRQHandler               0x08000287   Thumb Code     0  startup_stm32f10x_hd.o(.text)
    WWDG_IRQHandler                          0x08000287   Thumb Code     0  startup_stm32f10x_hd.o(.text)
    __user_initial_stackheap                 0x08000289   Thumb Code     0  startup_stm32f10x_hd.o(.text)
    __use_no_semihosting                     0x080002ad   Thumb Code     2  use_no_semi_2.o(.text)
    __2printf                                0x080002b1   Thumb Code    20  noretval__2printf.o(.text)
    __printf                                 0x080002c9   Thumb Code   104  __printf.o(.text)
    _printf_int_dec                          0x08000331   Thumb Code   104  _printf_dec.o(.text)
    __aeabi_memcpy                           0x080003a9   Thumb Code     0  rt_memcpy_v6.o(.text)
    __rt_memcpy                              0x080003a9   Thumb Code   138  rt_memcpy_v6.o(.text)
    _memcpy_lastbytes                        0x0800040f   Thumb Code     0  rt_memcpy_v6.o(.text)
    __use_two_region_memory                  0x08000433   Thumb Code     2  heapauxi.o(.text)
    __rt_heap_escrow$2region                 0x08000435   Thumb Code     2  heapauxi.o(.text)
    __rt_heap_expand$2region                 0x08000437   Thumb Code     2  heapauxi.o(.text)
    __I$use$semihosting                      0x08000439   Thumb Code     0  use_no_semi.o(.text)
    __use_no_semihosting_swi                 0x08000439   Thumb Code     2  use_no_semi.o(.text)
    _printf_int_common                       0x0800043b   Thumb Code   178  _printf_intcommon.o(.text)
    _printf_char_file                        0x080004ed   Thumb Code    32  _printf_char_file.o(.text)
    __aeabi_memcpy4                          0x08000511   Thumb Code     0  rt_memcpy_w.o(.text)
    __aeabi_memcpy8                          0x08000511   Thumb Code     0  rt_memcpy_w.o(.text)
    __rt_memcpy_w                            0x08000511   Thumb Code   100  rt_memcpy_w.o(.text)
    _memcpy_lastbytes_aligned                0x08000559   Thumb Code     0  rt_memcpy_w.o(.text)
    _printf_char_common                      0x0800057f   Thumb Code    32  _printf_char_common.o(.text)
    ferror                                   0x080005a5   Thumb Code     8  ferror.o(.text)
    __user_setup_stackheap                   0x080005ad   Thumb Code    74  sys_stackheap_outer.o(.text)
    exit                                     0x080005f7   Thumb Code    18  exit.o(.text)
    __user_libspace                          0x08000609   Thumb Code     8  libspace.o(.text)
    __user_perproc_libspace                  0x08000609   Thumb Code     0  libspace.o(.text)
    __user_perthread_libspace                0x08000609   Thumb Code     0  libspace.o(.text)
    AHT20_Read_CTdata_crc                    0x08000675   Thumb Code   260  sensor_dht20.o(i.AHT20_Read_CTdata_crc)
    AHT20_Read_Status                        0x08000779   Thumb Code    34  sensor_dht20.o(i.AHT20_Read_Status)
    AHT20_SendAC                             0x0800079b   Thumb Code    54  sensor_dht20.o(i.AHT20_SendAC)
    AHT20_Start_Init                         0x080007d1   Thumb Code    24  sensor_dht20.o(i.AHT20_Start_Init)
    BusFault_Handler                         0x08000859   Thumb Code     2  stm32f10x_it.o(i.BusFault_Handler)
    Buzzer_Output                            0x0800085d   Thumb Code    94  buzzer.o(i.Buzzer_Output)
    Calc_CRC8                                0x080008c9   Thumb Code    52  sensor_dht20.o(i.Calc_CRC8)
    DHT20_I2C_Config                         0x080008fd   Thumb Code    44  dht20_i2c.o(i.DHT20_I2C_Config)
    DHT20_get_humidity                       0x0800092d   Thumb Code     6  sensor_dht20.o(i.DHT20_get_humidity)
    DHT20_get_temperature                    0x08000939   Thumb Code     6  sensor_dht20.o(i.DHT20_get_temperature)
    DHT20_update                             0x08000945   Thumb Code    48  sensor_dht20.o(i.DHT20_update)
    DebugMon_Handler                         0x08000979   Thumb Code     2  stm32f10x_it.o(i.DebugMon_Handler)
    Device_GPIO_Config                       0x0800097d   Thumb Code   116  device_gpio.o(i.Device_GPIO_Config)
    GPIO_AF_PP                               0x080009f9   Thumb Code    26  config.o(i.GPIO_AF_PP)
    GPIO_In_FLOATING                         0x08000a13   Thumb Code    26  config.o(i.GPIO_In_FLOATING)
    GPIO_In_PU                               0x08000a2d   Thumb Code    26  config.o(i.GPIO_In_PU)
    GPIO_Init                                0x08000a47   Thumb Code   166  stm32f10x_gpio.o(i.GPIO_Init)
    GPIO_Out_PP                              0x08000aed   Thumb Code    26  config.o(i.GPIO_Out_PP)
    GPIO_ReadInputDataBit                    0x08000b07   Thumb Code    14  stm32f10x_gpio.o(i.GPIO_ReadInputDataBit)
    GPIO_ResetBits                           0x08000b15   Thumb Code     4  stm32f10x_gpio.o(i.GPIO_ResetBits)
    GPIO_SetBits                             0x08000b19   Thumb Code     4  stm32f10x_gpio.o(i.GPIO_SetBits)
    GPIO_WriteBit                            0x08000b1d   Thumb Code    12  stm32f10x_gpio.o(i.GPIO_WriteBit)
    HardFault_Handler                        0x08000b29   Thumb Code     2  stm32f10x_it.o(i.HardFault_Handler)
    JH_Reset_REG                             0x08000bb1   Thumb Code   164  sensor_dht20.o(i.JH_Reset_REG)
    JW01_HW_Poweron                          0x08000c55   Thumb Code    32  jw01_usart.o(i.JW01_HW_Poweron)
    JW01_USART_Config                        0x08000c79   Thumb Code    76  jw01_usart.o(i.JW01_USART_Config)
    JW01_USART_Enable_Rx                     0x08000ccd   Thumb Code    12  jw01_usart.o(i.JW01_USART_Enable_Rx)
    JW01_update                              0x08000d2d   Thumb Code   114  sensor_jw01.o(i.JW01_update)
    Key_GPIO_Config                          0x08000da5   Thumb Code    18  key_gpio.o(i.Key_GPIO_Config)
    Key_GPIO_Get_Key                         0x08000dbd   Thumb Code    20  key_gpio.o(i.Key_GPIO_Get_Key)
    Key_Init                                 0x08000dd5   Thumb Code     4  key.o(i.Key_Init)
    Key_Scan                                 0x08000dd9   Thumb Code    32  key.o(i.Key_Scan)
    Key_Task                                 0x08000dfd   Thumb Code    72  key.o(i.Key_Task)
    MainFunction                             0x08000e4d   Thumb Code    20  main.o(i.MainFunction)
    MemManage_Handler                        0x08000e61   Thumb Code     2  stm32f10x_it.o(i.MemManage_Handler)
    NMI_Handler                              0x08000e63   Thumb Code     2  stm32f10x_it.o(i.NMI_Handler)
    NVIC_Enable                              0x08000e65   Thumb Code    42  config.o(i.NVIC_Enable)
    NVIC_Init                                0x08000e91   Thumb Code    96  misc.o(i.NVIC_Init)
    NVIC_PriorityGroupConfig                 0x08000ef5   Thumb Code    10  misc.o(i.NVIC_PriorityGroupConfig)
    RCC_APB1PeriphClockCmd                   0x08000f09   Thumb Code    22  stm32f10x_rcc.o(i.RCC_APB1PeriphClockCmd)
    RCC_APB2PeriphClockCmd                   0x08000f25   Thumb Code    22  stm32f10x_rcc.o(i.RCC_APB2PeriphClockCmd)
    RCC_GPIOA_Enable                         0x08000f41   Thumb Code     8  config.o(i.RCC_GPIOA_Enable)
    RCC_GPIOB_Enable                         0x08000f49   Thumb Code     8  config.o(i.RCC_GPIOB_Enable)
    RCC_GPIOC_Enable                         0x08000f51   Thumb Code     8  config.o(i.RCC_GPIOC_Enable)
    RCC_GetClocksFreq                        0x08000f59   Thumb Code   154  stm32f10x_rcc.o(i.RCC_GetClocksFreq)
    SDA_Input                                0x0800105d   Thumb Code     8  dht20_i2c.o(i.SDA_Input)
    SDA_Output                               0x08001069   Thumb Code     8  dht20_i2c.o(i.SDA_Output)
    Sensor_DHT20_Init                        0x08001121   Thumb Code   142  sensor_dht20.o(i.Sensor_DHT20_Init)
    Sensor_JW01_Init                         0x080011b1   Thumb Code    40  sensor_jw01.o(i.Sensor_JW01_Init)
    SysTick_CLKSourceConfig                  0x08001291   Thumb Code    28  misc.o(i.SysTick_CLKSourceConfig)
    SysTick_Handler                          0x080012ad   Thumb Code    20  delay.o(i.SysTick_Handler)
    SystemInit                               0x080012c1   Thumb Code    64  system_stm32f10x.o(i.SystemInit)
    USART1_IRQHandler                        0x08001311   Thumb Code   108  tuya_wifi_usart.o(i.USART1_IRQHandler)
    USART2_IRQHandler                        0x08001385   Thumb Code   116  sensor_jw01.o(i.USART2_IRQHandler)
    USART3_IRQHandler                        0x08001401   Thumb Code    92  usart.o(i.USART3_IRQHandler)
    USART_ClearFlag                          0x08001469   Thumb Code     8  stm32f10x_usart.o(i.USART_ClearFlag)
    USART_ClearITPendingBit                  0x08001471   Thumb Code    16  stm32f10x_usart.o(i.USART_ClearITPendingBit)
    USART_Cmd                                0x08001481   Thumb Code    24  stm32f10x_usart.o(i.USART_Cmd)
    USART_Enable                             0x08001499   Thumb Code    24  config.o(i.USART_Enable)
    USART_GetITStatus                        0x080014b1   Thumb Code    64  stm32f10x_usart.o(i.USART_GetITStatus)
    USART_ITConfig                           0x080014f1   Thumb Code    54  stm32f10x_usart.o(i.USART_ITConfig)
    USART_Init                               0x08001529   Thumb Code   182  stm32f10x_usart.o(i.USART_Init)
    USART_ReceiveData                        0x080015e5   Thumb Code     8  stm32f10x_usart.o(i.USART_ReceiveData)
    USART_SendData                           0x080015ed   Thumb Code     8  stm32f10x_usart.o(i.USART_SendData)
    USART_Setup                              0x080015f5   Thumb Code    36  config.o(i.USART_Setup)
    UsageFault_Handler                       0x0800167d   Thumb Code     2  stm32f10x_it.o(i.UsageFault_Handler)
    WIFI_HW_Poweron                          0x08001681   Thumb Code    36  wifi_usart.o(i.WIFI_HW_Poweron)
    WIFI_Init                                0x080016a9   Thumb Code    40  tuya_wifi_usart.o(i.WIFI_Init)
    WIFI_USART_Config                        0x080016d5   Thumb Code    78  wifi_usart.o(i.WIFI_USART_Config)
    WIFI_USART_Enable_Rx                     0x08001731   Thumb Code    12  wifi_usart.o(i.WIFI_USART_Enable_Rx)
    WIFI_USART_Put_Char                      0x08001741   Thumb Code    26  tuya_wifi_usart.o(i.WIFI_USART_Put_Char)
    _sys_exit                                0x08001765   Thumb Code     2  usart.o(i._sys_exit)
    all_data_update                          0x08001767   Thumb Code    30  protocol.o(i.all_data_update)
    byte_to_int                              0x08001785   Thumb Code    22  mcu_api.o(i.byte_to_int)
    data_handle                              0x0800179d   Thumb Code   142  system.o(i.data_handle)
    delay_init                               0x08001875   Thumb Code    60  delay.o(i.delay_init)
    delay_ms                                 0x080018bd   Thumb Code    52  delay.o(i.delay_ms)
    delay_us                                 0x080018f5   Thumb Code    50  delay.o(i.delay_us)
    delay_xms                                0x0800192d   Thumb Code    26  delay.o(i.delay_xms)
    dp_download_handle                       0x080019c9   Thumb Code    94  protocol.o(i.dp_download_handle)
    fputc                                    0x08001ac5   Thumb Code    18  usart.o(i.fputc)
    get_check_sum                            0x08001add   Thumb Code    28  system.o(i.get_check_sum)
    get_download_cmd_total                   0x08001b21   Thumb Code     4  protocol.o(i.get_download_cmd_total)
    main                                     0x08001b65   Thumb Code   158  main.o(i.main)
    mcu_dp_bool_update                       0x08001c2d   Thumb Code    76  mcu_api.o(i.mcu_dp_bool_update)
    mcu_dp_enum_update                       0x08001c7d   Thumb Code    64  mcu_api.o(i.mcu_dp_enum_update)
    mcu_dp_value_update                      0x08001cc1   Thumb Code    86  mcu_api.o(i.mcu_dp_value_update)
    mcu_get_dp_download_bool                 0x08001d1d   Thumb Code     4  mcu_api.o(i.mcu_get_dp_download_bool)
    mcu_get_dp_download_enum                 0x08001d21   Thumb Code     4  mcu_api.o(i.mcu_get_dp_download_enum)
    mcu_get_dp_download_value                0x08001d25   Thumb Code     4  mcu_api.o(i.mcu_get_dp_download_value)
    mcu_set_wifi_mode                        0x08001d29   Thumb Code    28  mcu_api.o(i.mcu_set_wifi_mode)
    my_memcpy                                0x08001d49   Thumb Code    70  mcu_api.o(i.my_memcpy)
    my_strlen                                0x08001d8f   Thumb Code    22  mcu_api.o(i.my_strlen)
    pvPortMalloc                             0x0800259d   Thumb Code   148  heap_4.o(i.pvPortMalloc)
    pxPortInitialiseStack                    0x08002635   Thumb Code    24  port.o(i.pxPortInitialiseStack)
    set_wifi_uart_buffer                     0x08002651   Thumb Code    24  system.o(i.set_wifi_uart_buffer)
    set_wifi_uart_byte                       0x0800266d   Thumb Code    12  system.o(i.set_wifi_uart_byte)
    take_byte_rxbuff                         0x0800267d   Thumb Code    30  system.o(i.take_byte_rxbuff)
    uart3_init                               0x080026a5   Thumb Code   160  usart.o(i.uart3_init)
    uart_receive_input                       0x0800274d   Thumb Code    48  mcu_api.o(i.uart_receive_input)
    uart_transmit_output                     0x08002789   Thumb Code     4  protocol.o(i.uart_transmit_output)
    uxListRemove                             0x0800278d   Thumb Code    36  list.o(i.uxListRemove)
    vListInitialise                          0x080027b1   Thumb Code    22  list.o(i.vListInitialise)
    vListInitialiseItem                      0x080027c7   Thumb Code     6  list.o(i.vListInitialiseItem)
    vListInsert                              0x080027cd   Thumb Code    48  list.o(i.vListInsert)
    vListInsertEnd                           0x080027fd   Thumb Code    24  list.o(i.vListInsertEnd)
    vPortEnterCritical                       0x08002851   Thumb Code    24  port.o(i.vPortEnterCritical)
    vPortExitCritical                        0x0800286d   Thumb Code    18  port.o(i.vPortExitCritical)
    vPortFree                                0x08002885   Thumb Code    58  heap_4.o(i.vPortFree)
    vPortSetupTimerInterrupt                 0x080028c5   Thumb Code    14  port.o(i.vPortSetupTimerInterrupt)
    vQueueWaitForMessageRestricted           0x080028d9   Thumb Code    70  queue.o(i.vQueueWaitForMessageRestricted)
    vTaskDelay                               0x08002921   Thumb Code    48  tasks.o(i.vTaskDelay)
    vTaskMissedYield                         0x08002955   Thumb Code     8  tasks.o(i.vTaskMissedYield)
    vTaskPlaceOnEventList                    0x08002961   Thumb Code    26  tasks.o(i.vTaskPlaceOnEventList)
    vTaskPlaceOnEventListRestricted          0x08002981   Thumb Code    34  tasks.o(i.vTaskPlaceOnEventListRestricted)
    vTaskSetTimeOutState                     0x080029a9   Thumb Code    12  tasks.o(i.vTaskSetTimeOutState)
    vTaskStartScheduler                      0x080029b9   Thumb Code    74  tasks.o(i.vTaskStartScheduler)
    vTaskSuspendAll                          0x08002a15   Thumb Code    10  tasks.o(i.vTaskSuspendAll)
    vTaskSwitchContext                       0x08002a25   Thumb Code    64  tasks.o(i.vTaskSwitchContext)
    wifi_protocol_init                       0x08002aa1   Thumb Code    24  mcu_api.o(i.wifi_protocol_init)
    wifi_uart_service                        0x08002acd   Thumb Code   180  mcu_api.o(i.wifi_uart_service)
    wifi_uart_write_frame                    0x08002ba9   Thumb Code    54  system.o(i.wifi_uart_write_frame)
    with_data_rxbuff                         0x08002be5   Thumb Code    18  system.o(i.with_data_rxbuff)
    xPortStartScheduler                      0x08002bfd   Thumb Code    38  port.o(i.xPortStartScheduler)
    xPortSysTickHandler                      0x08002c2d   Thumb Code    38  port.o(i.xPortSysTickHandler)
    xQueueGenericCreate                      0x08002c59   Thumb Code    50  queue.o(i.xQueueGenericCreate)
    xQueueGenericReceive                     0x08002c8d   Thumb Code   280  queue.o(i.xQueueGenericReceive)
    xQueueGenericReset                       0x08002da9   Thumb Code   114  queue.o(i.xQueueGenericReset)
    xQueueGenericSend                        0x08002e21   Thumb Code   244  queue.o(i.xQueueGenericSend)
    xQueueGenericSendFromISR                 0x08002f19   Thumb Code   102  queue.o(i.xQueueGenericSendFromISR)
    xTaskCheckForTimeOut                     0x08002f81   Thumb Code    74  tasks.o(i.xTaskCheckForTimeOut)
    xTaskCreate                              0x08002fd1   Thumb Code    96  tasks.o(i.xTaskCreate)
    xTaskGetSchedulerState                   0x08003031   Thumb Code    24  tasks.o(i.xTaskGetSchedulerState)
    xTaskGetTickCount                        0x0800304d   Thumb Code     6  tasks.o(i.xTaskGetTickCount)
    xTaskIncrementTick                       0x08003059   Thumb Code   174  tasks.o(i.xTaskIncrementTick)
    xTaskRemoveFromEventList                 0x08003111   Thumb Code    94  tasks.o(i.xTaskRemoveFromEventList)
    xTaskResumeAll                           0x08003179   Thumb Code   168  tasks.o(i.xTaskResumeAll)
    xTimerCreate                             0x0800322d   Thumb Code    46  timers.o(i.xTimerCreate)
    xTimerCreateTimerTask                    0x0800325d   Thumb Code    42  timers.o(i.xTimerCreateTimerTask)
    xTimerGenericCommand                     0x08003299   Thumb Code    78  timers.o(i.xTimerGenericCommand)
    download_cmd                             0x080032ec   Data          44  protocol.o(.constdata)
    Sound_Di                                 0x08003318   Data           5  buzzer.o(.constdata)
    Sound_Di_Di                              0x0800331d   Data           5  buzzer.o(.constdata)
    Sound_Di_Di_Di                           0x08003322   Data           5  buzzer.o(.constdata)
    Sound_Di_Di_Di_Di_Di                     0x08003327   Data           5  buzzer.o(.constdata)
    Sound_Di_2s                              0x0800332c   Data           3  buzzer.o(.constdata)
    Sound_Di_5s                              0x0800332f   Data           3  buzzer.o(.constdata)
    SoundMenu                                0x08003334   Data          24  buzzer.o(.constdata)
    Region$$Table$$Base                      0x0800334c   Number         0  anon$$obj.o(Region$$Table)
    Region$$Table$$Limit                     0x0800336c   Number         0  anon$$obj.o(Region$$Table)
    pxCurrentTCB                             0x20000030   Data           4  tasks.o(.data)
    SystemCoreClock                          0x20000088   Data           4  system_stm32f10x.o(.data)
    AHBPrescTable                            0x2000008c   Data          16  system_stm32f10x.o(.data)
    USART_RX_STA                             0x200000a0   Data           2  usart.o(.data)
    __stdout                                 0x200000a4   Data           4  usart.o(.data)
    reset_wifi_flag                          0x200000ad   Data           1  system.o(.data)
    set_wifimode_flag                        0x200000ae   Data           1  system.o(.data)
    wifi_work_state                          0x200000af   Data           1  system.o(.data)
    rx_buf_in                                0x200000b0   Data           4  system.o(.data)
    rx_buf_out                               0x200000b4   Data           4  system.o(.data)
    stop_update_flag                         0x200000b8   Data           1  system.o(.data)
    B_Sound_Enable                           0x200000c4   Data           1  buzzer.o(.data)
    on_time                                  0x200000c5   Data           1  buzzer.o(.data)
    off_time                                 0x200000c6   Data           1  buzzer.o(.data)
    Index                                    0x200000c7   Data           1  buzzer.o(.data)
    Sound_Page                               0x200000c8   Data           1  buzzer.o(.data)
    USART_RX_BUF                             0x200045d4   Data         200  usart.o(.bss)
    wifi_data_process_buf                    0x2000469c   Data          31  system.o(.bss)
    wifi_uart_rx_buf                         0x200046bb   Data          23  system.o(.bss)
    wifi_uart_tx_buf                         0x200046d2   Data          55  system.o(.bss)
    __libspace_start                         0x2000493c   Data          96  libspace.o(.bss)
    __temporary_stack_top$libspace           0x2000499c   Data           0  libspace.o(.bss)



==============================================================================

Memory Map of the image

  Image Entry point : 0x08000131

  Load Region LR_IROM1 (Base: 0x08000000, Size: 0x00003450, Max: 0x00010000, ABSOLUTE)

    Execution Region ER_IROM1 (Exec base: 0x08000000, Load base: 0x08000000, Size: 0x0000336c, Max: 0x00010000, ABSOLUTE)

    Exec Addr    Load Addr    Size         Type   Attr      Idx    E Section Name        Object

    0x08000000   0x08000000   0x00000130   Data   RO           19    RESET               startup_stm32f10x_hd.o
    0x08000130   0x08000130   0x00000008   Code   RO         2631  * !!!main             c_w.l(__main.o)
    0x08000138   0x08000138   0x00000034   Code   RO         2803    !!!scatter          c_w.l(__scatter.o)
    0x0800016c   0x0800016c   0x0000001a   Code   RO         2805    !!handler_copy      c_w.l(__scatter_copy.o)
    0x08000186   0x08000186   0x00000002   PAD
    0x08000188   0x08000188   0x0000001c   Code   RO         2807    !!handler_zi        c_w.l(__scatter_zi.o)
    0x080001a4   0x080001a4   0x00000000   Code   RO         2626    .ARM.Collect$$_printf_percent$$00000000  c_w.l(_printf_percent.o)
    0x080001a4   0x080001a4   0x00000006   Code   RO         2625    .ARM.Collect$$_printf_percent$$00000009  c_w.l(_printf_d.o)
    0x080001aa   0x080001aa   0x00000004   Code   RO         2640    .ARM.Collect$$_printf_percent$$00000017  c_w.l(_printf_percent_end.o)
    0x080001ae   0x080001ae   0x00000002   Code   RO         2675    .ARM.Collect$$libinit$$00000000  c_w.l(libinit.o)
    0x080001b0   0x080001b0   0x00000000   Code   RO         2682    .ARM.Collect$$libinit$$00000002  c_w.l(libinit2.o)
    0x080001b0   0x080001b0   0x00000000   Code   RO         2684    .ARM.Collect$$libinit$$00000004  c_w.l(libinit2.o)
    0x080001b0   0x080001b0   0x00000000   Code   RO         2687    .ARM.Collect$$libinit$$0000000A  c_w.l(libinit2.o)
    0x080001b0   0x080001b0   0x00000000   Code   RO         2689    .ARM.Collect$$libinit$$0000000C  c_w.l(libinit2.o)
    0x080001b0   0x080001b0   0x00000000   Code   RO         2691    .ARM.Collect$$libinit$$0000000E  c_w.l(libinit2.o)
    0x080001b0   0x080001b0   0x00000000   Code   RO         2694    .ARM.Collect$$libinit$$00000011  c_w.l(libinit2.o)
    0x080001b0   0x080001b0   0x00000000   Code   RO         2696    .ARM.Collect$$libinit$$00000013  c_w.l(libinit2.o)
    0x080001b0   0x080001b0   0x00000000   Code   RO         2698    .ARM.Collect$$libinit$$00000015  c_w.l(libinit2.o)
    0x080001b0   0x080001b0   0x00000000   Code   RO         2700    .ARM.Collect$$libinit$$00000017  c_w.l(libinit2.o)
    0x080001b0   0x080001b0   0x00000000   Code   RO         2702    .ARM.Collect$$libinit$$00000019  c_w.l(libinit2.o)
    0x080001b0   0x080001b0   0x00000000   Code   RO         2704    .ARM.Collect$$libinit$$0000001B  c_w.l(libinit2.o)
    0x080001b0   0x080001b0   0x00000000   Code   RO         2706    .ARM.Collect$$libinit$$0000001D  c_w.l(libinit2.o)
    0x080001b0   0x080001b0   0x00000000   Code   RO         2708    .ARM.Collect$$libinit$$0000001F  c_w.l(libinit2.o)
    0x080001b0   0x080001b0   0x00000000   Code   RO         2710    .ARM.Collect$$libinit$$00000021  c_w.l(libinit2.o)
    0x080001b0   0x080001b0   0x00000000   Code   RO         2712    .ARM.Collect$$libinit$$00000023  c_w.l(libinit2.o)
    0x080001b0   0x080001b0   0x00000000   Code   RO         2714    .ARM.Collect$$libinit$$00000025  c_w.l(libinit2.o)
    0x080001b0   0x080001b0   0x00000000   Code   RO         2718    .ARM.Collect$$libinit$$0000002C  c_w.l(libinit2.o)
    0x080001b0   0x080001b0   0x00000000   Code   RO         2720    .ARM.Collect$$libinit$$0000002E  c_w.l(libinit2.o)
    0x080001b0   0x080001b0   0x00000000   Code   RO         2722    .ARM.Collect$$libinit$$00000030  c_w.l(libinit2.o)
    0x080001b0   0x080001b0   0x00000000   Code   RO         2724    .ARM.Collect$$libinit$$00000032  c_w.l(libinit2.o)
    0x080001b0   0x080001b0   0x00000002   Code   RO         2725    .ARM.Collect$$libinit$$00000033  c_w.l(libinit2.o)
    0x080001b2   0x080001b2   0x00000002   Code   RO         2743    .ARM.Collect$$libshutdown$$00000000  c_w.l(libshutdown.o)
    0x080001b4   0x080001b4   0x00000000   Code   RO         2753    .ARM.Collect$$libshutdown$$00000002  c_w.l(libshutdown2.o)
    0x080001b4   0x080001b4   0x00000000   Code   RO         2755    .ARM.Collect$$libshutdown$$00000004  c_w.l(libshutdown2.o)
    0x080001b4   0x080001b4   0x00000000   Code   RO         2757    .ARM.Collect$$libshutdown$$00000006  c_w.l(libshutdown2.o)
    0x080001b4   0x080001b4   0x00000000   Code   RO         2760    .ARM.Collect$$libshutdown$$00000009  c_w.l(libshutdown2.o)
    0x080001b4   0x080001b4   0x00000000   Code   RO         2763    .ARM.Collect$$libshutdown$$0000000C  c_w.l(libshutdown2.o)
    0x080001b4   0x080001b4   0x00000000   Code   RO         2765    .ARM.Collect$$libshutdown$$0000000E  c_w.l(libshutdown2.o)
    0x080001b4   0x080001b4   0x00000000   Code   RO         2768    .ARM.Collect$$libshutdown$$00000011  c_w.l(libshutdown2.o)
    0x080001b4   0x080001b4   0x00000002   Code   RO         2769    .ARM.Collect$$libshutdown$$00000012  c_w.l(libshutdown2.o)
    0x080001b6   0x080001b6   0x00000000   Code   RO         2635    .ARM.Collect$$rtentry$$00000000  c_w.l(__rtentry.o)
    0x080001b6   0x080001b6   0x00000000   Code   RO         2644    .ARM.Collect$$rtentry$$00000002  c_w.l(__rtentry2.o)
    0x080001b6   0x080001b6   0x00000006   Code   RO         2656    .ARM.Collect$$rtentry$$00000004  c_w.l(__rtentry4.o)
    0x080001bc   0x080001bc   0x00000000   Code   RO         2646    .ARM.Collect$$rtentry$$00000009  c_w.l(__rtentry2.o)
    0x080001bc   0x080001bc   0x00000004   Code   RO         2647    .ARM.Collect$$rtentry$$0000000A  c_w.l(__rtentry2.o)
    0x080001c0   0x080001c0   0x00000000   Code   RO         2649    .ARM.Collect$$rtentry$$0000000C  c_w.l(__rtentry2.o)
    0x080001c0   0x080001c0   0x00000008   Code   RO         2650    .ARM.Collect$$rtentry$$0000000D  c_w.l(__rtentry2.o)
    0x080001c8   0x080001c8   0x00000002   Code   RO         2679    .ARM.Collect$$rtexit$$00000000  c_w.l(rtexit.o)
    0x080001ca   0x080001ca   0x00000000   Code   RO         2727    .ARM.Collect$$rtexit$$00000002  c_w.l(rtexit2.o)
    0x080001ca   0x080001ca   0x00000004   Code   RO         2728    .ARM.Collect$$rtexit$$00000003  c_w.l(rtexit2.o)
    0x080001ce   0x080001ce   0x00000006   Code   RO         2729    .ARM.Collect$$rtexit$$00000004  c_w.l(rtexit2.o)
    0x080001d4   0x080001d4   0x00000096   Code   RO          719    .emb_text           port.o
    0x0800026a   0x0800026a   0x00000002   PAD
    0x0800026c   0x0800026c   0x00000040   Code   RO           20    .text               startup_stm32f10x_hd.o
    0x080002ac   0x080002ac   0x00000002   Code   RO         2595    .text               c_w.l(use_no_semi_2.o)
    0x080002ae   0x080002ae   0x00000002   PAD
    0x080002b0   0x080002b0   0x00000018   Code   RO         2599    .text               c_w.l(noretval__2printf.o)
    0x080002c8   0x080002c8   0x00000068   Code   RO         2601    .text               c_w.l(__printf.o)
    0x08000330   0x08000330   0x00000078   Code   RO         2603    .text               c_w.l(_printf_dec.o)
    0x080003a8   0x080003a8   0x0000008a   Code   RO         2627    .text               c_w.l(rt_memcpy_v6.o)
    0x08000432   0x08000432   0x00000006   Code   RO         2629    .text               c_w.l(heapauxi.o)
    0x08000438   0x08000438   0x00000002   Code   RO         2633    .text               c_w.l(use_no_semi.o)
    0x0800043a   0x0800043a   0x000000b2   Code   RO         2636    .text               c_w.l(_printf_intcommon.o)
    0x080004ec   0x080004ec   0x00000024   Code   RO         2638    .text               c_w.l(_printf_char_file.o)
    0x08000510   0x08000510   0x00000064   Code   RO         2641    .text               c_w.l(rt_memcpy_w.o)
    0x08000574   0x08000574   0x00000030   Code   RO         2658    .text               c_w.l(_printf_char_common.o)
    0x080005a4   0x080005a4   0x00000008   Code   RO         2660    .text               c_w.l(ferror.o)
    0x080005ac   0x080005ac   0x0000004a   Code   RO         2664    .text               c_w.l(sys_stackheap_outer.o)
    0x080005f6   0x080005f6   0x00000012   Code   RO         2668    .text               c_w.l(exit.o)
    0x08000608   0x08000608   0x00000008   Code   RO         2676    .text               c_w.l(libspace.o)
    0x08000610   0x08000610   0x00000064   Code   RO         2402    i.AHT20_RD_Byte     sensor_dht20.o
    0x08000674   0x08000674   0x00000104   Code   RO         2404    i.AHT20_Read_CTdata_crc  sensor_dht20.o
    0x08000778   0x08000778   0x00000022   Code   RO         2406    i.AHT20_Read_Status  sensor_dht20.o
    0x0800079a   0x0800079a   0x00000036   Code   RO         2407    i.AHT20_SendAC      sensor_dht20.o
    0x080007d0   0x080007d0   0x00000018   Code   RO         2408    i.AHT20_Start_Init  sensor_dht20.o
    0x080007e8   0x080007e8   0x00000070   Code   RO         2409    i.AHT20_WR_Byte     sensor_dht20.o
    0x08000858   0x08000858   0x00000002   Code   RO         1559    i.BusFault_Handler  stm32f10x_it.o
    0x0800085a   0x0800085a   0x00000002   PAD
    0x0800085c   0x0800085c   0x0000006c   Code   RO         2374    i.Buzzer_Output     buzzer.o
    0x080008c8   0x080008c8   0x00000034   Code   RO         2410    i.Calc_CRC8         sensor_dht20.o
    0x080008fc   0x080008fc   0x00000030   Code   RO         2298    i.DHT20_I2C_Config  dht20_i2c.o
    0x0800092c   0x0800092c   0x0000000c   Code   RO         2411    i.DHT20_get_humidity  sensor_dht20.o
    0x08000938   0x08000938   0x0000000c   Code   RO         2412    i.DHT20_get_temperature  sensor_dht20.o
    0x08000944   0x08000944   0x00000034   Code   RO         2413    i.DHT20_update      sensor_dht20.o
    0x08000978   0x08000978   0x00000002   Code   RO         1560    i.DebugMon_Handler  stm32f10x_it.o
    0x0800097a   0x0800097a   0x00000002   PAD
    0x0800097c   0x0800097c   0x0000007c   Code   RO         2286    i.Device_GPIO_Config  device_gpio.o
    0x080009f8   0x080009f8   0x0000001a   Code   RO         2158    i.GPIO_AF_PP        config.o
    0x08000a12   0x08000a12   0x0000001a   Code   RO         2159    i.GPIO_In_FLOATING  config.o
    0x08000a2c   0x08000a2c   0x0000001a   Code   RO         2161    i.GPIO_In_PU        config.o
    0x08000a46   0x08000a46   0x000000a6   Code   RO          149    i.GPIO_Init         stm32f10x_gpio.o
    0x08000aec   0x08000aec   0x0000001a   Code   RO         2163    i.GPIO_Out_PP       config.o
    0x08000b06   0x08000b06   0x0000000e   Code   RO          153    i.GPIO_ReadInputDataBit  stm32f10x_gpio.o
    0x08000b14   0x08000b14   0x00000004   Code   RO          156    i.GPIO_ResetBits    stm32f10x_gpio.o
    0x08000b18   0x08000b18   0x00000004   Code   RO          157    i.GPIO_SetBits      stm32f10x_gpio.o
    0x08000b1c   0x08000b1c   0x0000000c   Code   RO          160    i.GPIO_WriteBit     stm32f10x_gpio.o
    0x08000b28   0x08000b28   0x00000002   Code   RO         1561    i.HardFault_Handler  stm32f10x_it.o
    0x08000b2a   0x08000b2a   0x00000002   PAD
    0x08000b2c   0x08000b2c   0x00000048   Code   RO         2414    i.I2C_Start         sensor_dht20.o
    0x08000b74   0x08000b74   0x0000003c   Code   RO         2415    i.I2C_Stop          sensor_dht20.o
    0x08000bb0   0x08000bb0   0x000000a4   Code   RO         2416    i.JH_Reset_REG      sensor_dht20.o
    0x08000c54   0x08000c54   0x00000024   Code   RO         2325    i.JW01_HW_Poweron   jw01_usart.o
    0x08000c78   0x08000c78   0x00000054   Code   RO         2326    i.JW01_USART_Config  jw01_usart.o
    0x08000ccc   0x08000ccc   0x00000010   Code   RO         2327    i.JW01_USART_Enable_Rx  jw01_usart.o
    0x08000cdc   0x08000cdc   0x0000001c   Code   RO         2521    i.JW01_read_byte    sensor_jw01.o
    0x08000cf8   0x08000cf8   0x00000034   Code   RO         2522    i.JW01_start_sampling  sensor_jw01.o
    0x08000d2c   0x08000d2c   0x00000078   Code   RO         2523    i.JW01_update       sensor_jw01.o
    0x08000da4   0x08000da4   0x00000018   Code   RO         2265    i.Key_GPIO_Config   key_gpio.o
    0x08000dbc   0x08000dbc   0x00000018   Code   RO         2266    i.Key_GPIO_Get_Key  key_gpio.o
    0x08000dd4   0x08000dd4   0x00000004   Code   RO         2349    i.Key_Init          key.o
    0x08000dd8   0x08000dd8   0x00000024   Code   RO         2350    i.Key_Scan          key.o
    0x08000dfc   0x08000dfc   0x00000050   Code   RO         2351    i.Key_Task          key.o
    0x08000e4c   0x08000e4c   0x00000014   Code   RO         1461    i.MainFunction      main.o
    0x08000e60   0x08000e60   0x00000002   Code   RO         1562    i.MemManage_Handler  stm32f10x_it.o
    0x08000e62   0x08000e62   0x00000002   Code   RO         1563    i.NMI_Handler       stm32f10x_it.o
    0x08000e64   0x08000e64   0x0000002a   Code   RO         2164    i.NVIC_Enable       config.o
    0x08000e8e   0x08000e8e   0x00000002   PAD
    0x08000e90   0x08000e90   0x00000064   Code   RO           24    i.NVIC_Init         misc.o
    0x08000ef4   0x08000ef4   0x00000014   Code   RO           25    i.NVIC_PriorityGroupConfig  misc.o
    0x08000f08   0x08000f08   0x0000001c   Code   RO          259    i.RCC_APB1PeriphClockCmd  stm32f10x_rcc.o
    0x08000f24   0x08000f24   0x0000001c   Code   RO          261    i.RCC_APB2PeriphClockCmd  stm32f10x_rcc.o
    0x08000f40   0x08000f40   0x00000008   Code   RO         2165    i.RCC_GPIOA_Enable  config.o
    0x08000f48   0x08000f48   0x00000008   Code   RO         2166    i.RCC_GPIOB_Enable  config.o
    0x08000f50   0x08000f50   0x00000008   Code   RO         2167    i.RCC_GPIOC_Enable  config.o
    0x08000f58   0x08000f58   0x000000ac   Code   RO          269    i.RCC_GetClocksFreq  stm32f10x_rcc.o
    0x08001004   0x08001004   0x00000058   Code   RO         2417    i.Receive_ACK       sensor_dht20.o
    0x0800105c   0x0800105c   0x0000000c   Code   RO         2299    i.SDA_Input         dht20_i2c.o
    0x08001068   0x08001068   0x0000000c   Code   RO         2300    i.SDA_Output        dht20_i2c.o
    0x08001074   0x08001074   0x00000054   Code   RO         2418    i.Send_ACK          sensor_dht20.o
    0x080010c8   0x080010c8   0x00000058   Code   RO         2419    i.Send_NOT_ACK      sensor_dht20.o
    0x08001120   0x08001120   0x0000008e   Code   RO         2420    i.Sensor_DHT20_Init  sensor_dht20.o
    0x080011ae   0x080011ae   0x00000002   PAD
    0x080011b0   0x080011b0   0x0000002c   Code   RO         2524    i.Sensor_JW01_Init  sensor_jw01.o
    0x080011dc   0x080011dc   0x00000004   Code   RO         1630    i.SetSysClock       system_stm32f10x.o
    0x080011e0   0x080011e0   0x000000b0   Code   RO         1631    i.SetSysClockTo72   system_stm32f10x.o
    0x08001290   0x08001290   0x0000001c   Code   RO           28    i.SysTick_CLKSourceConfig  misc.o
    0x080012ac   0x080012ac   0x00000014   Code   RO         1664    i.SysTick_Handler   delay.o
    0x080012c0   0x080012c0   0x00000050   Code   RO         1633    i.SystemInit        system_stm32f10x.o
    0x08001310   0x08001310   0x00000074   Code   RO         2116    i.USART1_IRQHandler  tuya_wifi_usart.o
    0x08001384   0x08001384   0x0000007c   Code   RO         2525    i.USART2_IRQHandler  sensor_jw01.o
    0x08001400   0x08001400   0x00000068   Code   RO         1730    i.USART3_IRQHandler  usart.o
    0x08001468   0x08001468   0x00000008   Code   RO          457    i.USART_ClearFlag   stm32f10x_usart.o
    0x08001470   0x08001470   0x00000010   Code   RO          458    i.USART_ClearITPendingBit  stm32f10x_usart.o
    0x08001480   0x08001480   0x00000018   Code   RO          461    i.USART_Cmd         stm32f10x_usart.o
    0x08001498   0x08001498   0x00000018   Code   RO         2168    i.USART_Enable      config.o
    0x080014b0   0x080014b0   0x00000040   Code   RO          465    i.USART_GetITStatus  stm32f10x_usart.o
    0x080014f0   0x080014f0   0x00000036   Code   RO          467    i.USART_ITConfig    stm32f10x_usart.o
    0x08001526   0x08001526   0x00000002   PAD
    0x08001528   0x08001528   0x000000bc   Code   RO          468    i.USART_Init        stm32f10x_usart.o
    0x080015e4   0x080015e4   0x00000008   Code   RO          475    i.USART_ReceiveData  stm32f10x_usart.o
    0x080015ec   0x080015ec   0x00000008   Code   RO          478    i.USART_SendData    stm32f10x_usart.o
    0x080015f4   0x080015f4   0x00000024   Code   RO         2169    i.USART_Setup       config.o
    0x08001618   0x08001618   0x0000000c   Code   RO         2117    i.UartBuf_Cnt       tuya_wifi_usart.o
    0x08001624   0x08001624   0x0000000c   Code   RO         2526    i.UartBuf_Cnt       sensor_jw01.o
    0x08001630   0x08001630   0x00000014   Code   RO         2118    i.UartBuf_RD        tuya_wifi_usart.o
    0x08001644   0x08001644   0x00000014   Code   RO         2527    i.UartBuf_RD        sensor_jw01.o
    0x08001658   0x08001658   0x00000012   Code   RO         2119    i.UartBuf_WD        tuya_wifi_usart.o
    0x0800166a   0x0800166a   0x00000012   Code   RO         2528    i.UartBuf_WD        sensor_jw01.o
    0x0800167c   0x0800167c   0x00000002   Code   RO         1564    i.UsageFault_Handler  stm32f10x_it.o
    0x0800167e   0x0800167e   0x00000002   PAD
    0x08001680   0x08001680   0x00000028   Code   RO         2241    i.WIFI_HW_Poweron   wifi_usart.o
    0x080016a8   0x080016a8   0x0000002c   Code   RO         2120    i.WIFI_Init         tuya_wifi_usart.o
    0x080016d4   0x080016d4   0x0000005c   Code   RO         2242    i.WIFI_USART_Config  wifi_usart.o
    0x08001730   0x08001730   0x00000010   Code   RO         2243    i.WIFI_USART_Enable_Rx  wifi_usart.o
    0x08001740   0x08001740   0x00000024   Code   RO         2121    i.WIFI_USART_Put_Char  tuya_wifi_usart.o
    0x08001764   0x08001764   0x00000002   Code   RO         1731    i._sys_exit         usart.o
    0x08001766   0x08001766   0x0000001e   Code   RO         1941    i.all_data_update   protocol.o
    0x08001784   0x08001784   0x00000016   Code   RO         1775    i.byte_to_int       mcu_api.o
    0x0800179a   0x0800179a   0x00000002   PAD
    0x0800179c   0x0800179c   0x00000098   Code   RO         2029    i.data_handle       system.o
    0x08001834   0x08001834   0x00000040   Code   RO         2030    i.data_point_handle  system.o
    0x08001874   0x08001874   0x00000048   Code   RO         1665    i.delay_init        delay.o
    0x080018bc   0x080018bc   0x00000038   Code   RO         1666    i.delay_ms          delay.o
    0x080018f4   0x080018f4   0x00000038   Code   RO         1667    i.delay_us          delay.o
    0x0800192c   0x0800192c   0x0000001a   Code   RO         1668    i.delay_xms         delay.o
    0x08001946   0x08001946   0x0000001a   Code   RO         1942    i.dp_download_alarm_beep_handle  protocol.o
    0x08001960   0x08001960   0x0000001a   Code   RO         1943    i.dp_download_auto_handle  protocol.o
    0x0800197a   0x0800197a   0x0000001a   Code   RO         1944    i.dp_download_countdown_handle  protocol.o
    0x08001994   0x08001994   0x0000001a   Code   RO         1945    i.dp_download_drying_handle  protocol.o
    0x080019ae   0x080019ae   0x0000001a   Code   RO         1946    i.dp_download_fragrance_handle  protocol.o
    0x080019c8   0x080019c8   0x0000005e   Code   RO         1947    i.dp_download_handle  protocol.o
    0x08001a26   0x08001a26   0x0000001a   Code   RO         1948    i.dp_download_mode_handle  protocol.o
    0x08001a40   0x08001a40   0x0000001a   Code   RO         1949    i.dp_download_pause_handle  protocol.o
    0x08001a5a   0x08001a5a   0x0000001a   Code   RO         1950    i.dp_download_start_handle  protocol.o
    0x08001a74   0x08001a74   0x0000001a   Code   RO         1951    i.dp_download_switch_handle  protocol.o
    0x08001a8e   0x08001a8e   0x0000001a   Code   RO         1952    i.dp_download_temp_target_handle  protocol.o
    0x08001aa8   0x08001aa8   0x0000001a   Code   RO         1953    i.dp_download_uv_handle  protocol.o
    0x08001ac2   0x08001ac2   0x00000002   PAD
    0x08001ac4   0x08001ac4   0x00000018   Code   RO         1732    i.fputc             usart.o
    0x08001adc   0x08001adc   0x0000001c   Code   RO         2031    i.get_check_sum     system.o
    0x08001af8   0x08001af8   0x00000028   Code   RO         2032    i.get_dowmload_dpid_index  system.o
    0x08001b20   0x08001b20   0x00000004   Code   RO         1954    i.get_download_cmd_total  protocol.o
    0x08001b24   0x08001b24   0x0000000a   Code   RO         2033    i.get_mcu_wifi_mode  system.o
    0x08001b2e   0x08001b2e   0x00000002   PAD
    0x08001b30   0x08001b30   0x00000034   Code   RO         2034    i.heat_beat_check   system.o
    0x08001b64   0x08001b64   0x000000c8   Code   RO         1463    i.main              main.o
    0x08001c2c   0x08001c2c   0x00000050   Code   RO         1778    i.mcu_dp_bool_update  mcu_api.o
    0x08001c7c   0x08001c7c   0x00000044   Code   RO         1779    i.mcu_dp_enum_update  mcu_api.o
    0x08001cc0   0x08001cc0   0x0000005c   Code   RO         1783    i.mcu_dp_value_update  mcu_api.o
    0x08001d1c   0x08001d1c   0x00000004   Code   RO         1784    i.mcu_get_dp_download_bool  mcu_api.o
    0x08001d20   0x08001d20   0x00000004   Code   RO         1785    i.mcu_get_dp_download_enum  mcu_api.o
    0x08001d24   0x08001d24   0x00000004   Code   RO         1786    i.mcu_get_dp_download_value  mcu_api.o
    0x08001d28   0x08001d28   0x00000020   Code   RO         1791    i.mcu_set_wifi_mode  mcu_api.o
    0x08001d48   0x08001d48   0x00000046   Code   RO         1792    i.my_memcpy         mcu_api.o
    0x08001d8e   0x08001d8e   0x00000016   Code   RO         1796    i.my_strlen         mcu_api.o
    0x08001da4   0x08001da4   0x000000cc   Code   RO         2035    i.product_info_update  system.o
    0x08001e70   0x08001e70   0x00000070   Code   RO         1057    i.prvAddCurrentTaskToDelayedList  tasks.o
    0x08001ee0   0x08001ee0   0x00000088   Code   RO         1058    i.prvAddNewTaskToReadyList  tasks.o
    0x08001f68   0x08001f68   0x00000040   Code   RO         1343    i.prvCheckForValidListAndQueue  timers.o
    0x08001fa8   0x08001fa8   0x00000054   Code   RO         1059    i.prvCheckTasksWaitingTermination  tasks.o
    0x08001ffc   0x08001ffc   0x00000028   Code   RO          924    i.prvCopyDataFromQueue  queue.o
    0x08002024   0x08002024   0x0000005c   Code   RO          925    i.prvCopyDataToQueue  queue.o
    0x08002080   0x08002080   0x00000014   Code   RO         1060    i.prvDeleteTCB      tasks.o
    0x08002094   0x08002094   0x00000024   Code   RO         1344    i.prvGetNextExpireTime  timers.o
    0x080020b8   0x080020b8   0x0000004c   Code   RO          637    i.prvHeapInit       heap_4.o
    0x08002104   0x08002104   0x00000028   Code   RO         1061    i.prvIdleTask       tasks.o
    0x0800212c   0x0800212c   0x00000018   Code   RO          926    i.prvInitialiseNewQueue  queue.o
    0x08002144   0x08002144   0x00000074   Code   RO         1062    i.prvInitialiseNewTask  tasks.o
    0x080021b8   0x080021b8   0x00000034   Code   RO         1345    i.prvInitialiseNewTimer  timers.o
    0x080021ec   0x080021ec   0x00000058   Code   RO         1063    i.prvInitialiseTaskLists  tasks.o
    0x08002244   0x08002244   0x00000054   Code   RO          638    i.prvInsertBlockIntoFreeList  heap_4.o
    0x08002298   0x08002298   0x00000040   Code   RO         1346    i.prvInsertTimerInActiveList  timers.o
    0x080022d8   0x080022d8   0x0000001a   Code   RO          927    i.prvIsQueueEmpty   queue.o
    0x080022f2   0x080022f2   0x0000001e   Code   RO          928    i.prvIsQueueFull    queue.o
    0x08002310   0x08002310   0x0000004c   Code   RO         1347    i.prvProcessExpiredTimer  timers.o
    0x0800235c   0x0800235c   0x00000098   Code   RO         1348    i.prvProcessReceivedCommands  timers.o
    0x080023f4   0x080023f4   0x0000006c   Code   RO         1349    i.prvProcessTimerOrBlockTask  timers.o
    0x08002460   0x08002460   0x00000024   Code   RO         1064    i.prvResetNextTaskUnblockTime  tasks.o
    0x08002484   0x08002484   0x0000002c   Code   RO         1350    i.prvSampleTimeNow  timers.o
    0x080024b0   0x080024b0   0x0000005c   Code   RO         1351    i.prvSwitchTimerLists  timers.o
    0x0800250c   0x0800250c   0x00000010   Code   RO          720    i.prvTaskExitError  port.o
    0x0800251c   0x0800251c   0x00000014   Code   RO         1352    i.prvTimerTask      timers.o
    0x08002530   0x08002530   0x0000006a   Code   RO          929    i.prvUnlockQueue    queue.o
    0x0800259a   0x0800259a   0x00000002   PAD
    0x0800259c   0x0800259c   0x00000098   Code   RO          639    i.pvPortMalloc      heap_4.o
    0x08002634   0x08002634   0x0000001c   Code   RO          721    i.pxPortInitialiseStack  port.o
    0x08002650   0x08002650   0x0000001c   Code   RO         2036    i.set_wifi_uart_buffer  system.o
    0x0800266c   0x0800266c   0x00000010   Code   RO         2037    i.set_wifi_uart_byte  system.o
    0x0800267c   0x0800267c   0x00000028   Code   RO         2038    i.take_byte_rxbuff  system.o
    0x080026a4   0x080026a4   0x000000a8   Code   RO         1733    i.uart3_init        usart.o
    0x0800274c   0x0800274c   0x0000003c   Code   RO         1798    i.uart_receive_input  mcu_api.o
    0x08002788   0x08002788   0x00000004   Code   RO         1955    i.uart_transmit_output  protocol.o
    0x0800278c   0x0800278c   0x00000024   Code   RO          888    i.uxListRemove      list.o
    0x080027b0   0x080027b0   0x00000016   Code   RO          889    i.vListInitialise   list.o
    0x080027c6   0x080027c6   0x00000006   Code   RO          890    i.vListInitialiseItem  list.o
    0x080027cc   0x080027cc   0x00000030   Code   RO          891    i.vListInsert       list.o
    0x080027fc   0x080027fc   0x00000018   Code   RO          892    i.vListInsertEnd    list.o
    0x08002814   0x08002814   0x0000003c   Code   RO         1464    i.vMonitorUpdateTimerFunc  main.o
    0x08002850   0x08002850   0x0000001c   Code   RO          723    i.vPortEnterCritical  port.o
    0x0800286c   0x0800286c   0x00000018   Code   RO          724    i.vPortExitCritical  port.o
    0x08002884   0x08002884   0x00000040   Code   RO          640    i.vPortFree         heap_4.o
    0x080028c4   0x080028c4   0x00000014   Code   RO          725    i.vPortSetupTimerInterrupt  port.o
    0x080028d8   0x080028d8   0x00000046   Code   RO          934    i.vQueueWaitForMessageRestricted  queue.o
    0x0800291e   0x0800291e   0x00000002   PAD
    0x08002920   0x08002920   0x00000034   Code   RO         1071    i.vTaskDelay        tasks.o
    0x08002954   0x08002954   0x0000000c   Code   RO         1075    i.vTaskMissedYield  tasks.o
    0x08002960   0x08002960   0x00000020   Code   RO         1077    i.vTaskPlaceOnEventList  tasks.o
    0x08002980   0x08002980   0x00000028   Code   RO         1078    i.vTaskPlaceOnEventListRestricted  tasks.o
    0x080029a8   0x080029a8   0x00000010   Code   RO         1082    i.vTaskSetTimeOutState  tasks.o
    0x080029b8   0x080029b8   0x0000005c   Code   RO         1083    i.vTaskStartScheduler  tasks.o
    0x08002a14   0x08002a14   0x00000010   Code   RO         1085    i.vTaskSuspendAll   tasks.o
    0x08002a24   0x08002a24   0x00000048   Code   RO         1086    i.vTaskSwitchContext  tasks.o
    0x08002a6c   0x08002a6c   0x00000034   Code   RO         1465    i.vUpdateFunc       main.o
    0x08002aa0   0x08002aa0   0x0000002c   Code   RO         1799    i.wifi_protocol_init  mcu_api.o
    0x08002acc   0x08002acc   0x000000bc   Code   RO         1800    i.wifi_uart_service  mcu_api.o
    0x08002b88   0x08002b88   0x00000020   Code   RO         2039    i.wifi_uart_write_data  system.o
    0x08002ba8   0x08002ba8   0x0000003c   Code   RO         2040    i.wifi_uart_write_frame  system.o
    0x08002be4   0x08002be4   0x00000018   Code   RO         2041    i.with_data_rxbuff  system.o
    0x08002bfc   0x08002bfc   0x00000030   Code   RO          726    i.xPortStartScheduler  port.o
    0x08002c2c   0x08002c2c   0x0000002c   Code   RO          727    i.xPortSysTickHandler  port.o
    0x08002c58   0x08002c58   0x00000032   Code   RO          935    i.xQueueGenericCreate  queue.o
    0x08002c8a   0x08002c8a   0x00000002   PAD
    0x08002c8c   0x08002c8c   0x0000011c   Code   RO          936    i.xQueueGenericReceive  queue.o
    0x08002da8   0x08002da8   0x00000078   Code   RO          937    i.xQueueGenericReset  queue.o
    0x08002e20   0x08002e20   0x000000f8   Code   RO          938    i.xQueueGenericSend  queue.o
    0x08002f18   0x08002f18   0x00000066   Code   RO          939    i.xQueueGenericSendFromISR  queue.o
    0x08002f7e   0x08002f7e   0x00000002   PAD
    0x08002f80   0x08002f80   0x00000050   Code   RO         1087    i.xTaskCheckForTimeOut  tasks.o
    0x08002fd0   0x08002fd0   0x00000060   Code   RO         1088    i.xTaskCreate       tasks.o
    0x08003030   0x08003030   0x0000001c   Code   RO         1091    i.xTaskGetSchedulerState  tasks.o
    0x0800304c   0x0800304c   0x0000000c   Code   RO         1092    i.xTaskGetTickCount  tasks.o
    0x08003058   0x08003058   0x000000b8   Code   RO         1094    i.xTaskIncrementTick  tasks.o
    0x08003110   0x08003110   0x00000068   Code   RO         1097    i.xTaskRemoveFromEventList  tasks.o
    0x08003178   0x08003178   0x000000b4   Code   RO         1099    i.xTaskResumeAll    tasks.o
    0x0800322c   0x0800322c   0x0000002e   Code   RO         1355    i.xTimerCreate      timers.o
    0x0800325a   0x0800325a   0x00000002   PAD
    0x0800325c   0x0800325c   0x0000003c   Code   RO         1356    i.xTimerCreateTimerTask  timers.o
    0x08003298   0x08003298   0x00000054   Code   RO         1357    i.xTimerGenericCommand  timers.o
    0x080032ec   0x080032ec   0x0000002c   Data   RO         1956    .constdata          protocol.o
    0x08003318   0x08003318   0x00000005   Data   RO         2376    .constdata          buzzer.o
    0x0800331d   0x0800331d   0x00000005   Data   RO         2377    .constdata          buzzer.o
    0x08003322   0x08003322   0x00000005   Data   RO         2378    .constdata          buzzer.o
    0x08003327   0x08003327   0x00000005   Data   RO         2379    .constdata          buzzer.o
    0x0800332c   0x0800332c   0x00000003   Data   RO         2380    .constdata          buzzer.o
    0x0800332f   0x0800332f   0x00000003   Data   RO         2381    .constdata          buzzer.o
    0x08003332   0x08003332   0x00000002   PAD
    0x08003334   0x08003334   0x00000018   Data   RO         2382    .constdata          buzzer.o
    0x0800334c   0x0800334c   0x00000020   Data   RO         2801    Region$$Table       anon$$obj.o


    Execution Region RW_IRAM1 (Exec base: 0x20000000, Load base: 0x0800336c, Size: 0x00004fa0, Max: 0x00005000, ABSOLUTE)

    Exec Addr    Load Addr    Size         Type   Attr      Idx    E Section Name        Object

    0x20000000   0x0800336c   0x00000014   Data   RW          289    .data               stm32f10x_rcc.o
    0x20000014   0x08003380   0x00000018   Data   RW          645    .data               heap_4.o
    0x2000002c   0x08003398   0x00000004   Data   RW          728    .data               port.o
    0x20000030   0x0800339c   0x0000003c   Data   RW         1102    .data               tasks.o
    0x2000006c   0x080033d8   0x00000014   Data   RW         1363    .data               timers.o
    0x20000080   0x080033ec   0x00000008   Data   RW         1466    .data               main.o
    0x20000088   0x080033f4   0x00000014   Data   RW         1634    .data               system_stm32f10x.o
    0x2000009c   0x08003408   0x00000004   Data   RW         1669    .data               delay.o
    0x200000a0   0x0800340c   0x00000002   Data   RW         1735    .data               usart.o
    0x200000a2   0x0800340e   0x00000002   PAD
    0x200000a4   0x08003410   0x00000004   Data   RW         1736    .data               usart.o
    0x200000a8   0x08003414   0x00000002   Data   RW         1801    .data               mcu_api.o
    0x200000aa   0x08003416   0x00000002   PAD
    0x200000ac   0x08003418   0x0000000c   Data   RW         2043    .data               system.o
    0x200000b8   0x08003424   0x00000001   Data   RW         2044    .data               system.o
    0x200000b9   0x08003425   0x00000003   PAD
    0x200000bc   0x08003428   0x00000008   Data   RW         2352    .data               key.o
    0x200000c4   0x08003430   0x00000005   Data   RW         2383    .data               buzzer.o
    0x200000c9   0x08003435   0x00000003   PAD
    0x200000cc   0x08003438   0x00000008   Data   RW         2421    .data               sensor_dht20.o
    0x200000d4   0x08003440   0x0000000e   Data   RW         2530    .data               sensor_jw01.o
    0x200000e2   0x0800344e   0x00000002   PAD
    0x200000e4        -       0x00004400   Zero   RW          644    .bss                heap_4.o
    0x200044e4        -       0x000000c8   Zero   RW         1101    .bss                tasks.o
    0x200045ac        -       0x00000028   Zero   RW         1362    .bss                timers.o
    0x200045d4        -       0x000000c8   Zero   RW         1734    .bss                usart.o
    0x2000469c        -       0x0000006d   Zero   RW         2042    .bss                system.o
    0x20004709   0x0800344e   0x00000003   PAD
    0x2000470c        -       0x00000118   Zero   RW         2122    .bss                tuya_wifi_usart.o
    0x20004824        -       0x00000118   Zero   RW         2529    .bss                sensor_jw01.o
    0x2000493c        -       0x00000060   Zero   RW         2677    .bss                c_w.l(libspace.o)
    0x2000499c   0x0800344e   0x00000004   PAD
    0x200049a0        -       0x00000200   Zero   RW           18    HEAP                startup_stm32f10x_hd.o
    0x20004ba0        -       0x00000400   Zero   RW           17    STACK               startup_stm32f10x_hd.o


==============================================================================

Image component sizes


      Code (inc. data)   RO Data    RW Data    ZI Data      Debug   Object Name

       108         14         50          5          0       1670   buzzer.o
       230          0          0          0          0       5479   config.o
         0          0          0          0          0       4556   core_cm3.o
       230         22          0          4          0       2781   delay.o
       124          8          0          0          0        541   device_gpio.o
        72         12          0          0          0       1328   dht20_i2c.o
         0          0          0          0          0      10232   event_groups.o
       376         24          0         24      17408      15255   heap_4.o
       136         16          0          0          0       1441   jw01_usart.o
       120         12          0          8          0       1633   key.o
        48         10          0          0          0        989   key_gpio.o
       136          0          0          0          0       2998   list.o
       332        102          0          8          0       5022   main.o
       690         58          0          2          0       8186   mcu_api.o
       148         14          0          0          0     228533   misc.o
       358         48          0          4          0       8736   port.o
       418          6         44          0          0       9898   protocol.o
      1192         14          0          0          0      13746   queue.o
      1410         52          0          8          0      10509   sensor_dht20.o
       418         26          0         14        280       5281   sensor_jw01.o
        64         26        304          0       1536        784   startup_stm32f10x_hd.o
       200          0          0          0          0       4248   stm32f10x_gpio.o
        12          0          0          0          0       2377   stm32f10x_it.o
       228         30          0         20          0       4542   stm32f10x_rcc.o
       370          6          0          0          0       6891   stm32f10x_usart.o
       750        130          0         13        109       9862   system.o
       260         26          0         20          0       1969   system_stm32f10x.o
      1648        160          0         60        200      25944   tasks.o
       898         86          0         20         40      10038   timers.o
       246         22          0          0        280       3746   tuya_wifi_usart.o
       298         26          0          6        200       4101   usart.o
       148         22          0          0          0       1445   wifi_usart.o

    ----------------------------------------------------------------------
     11700        972        432        228      20056     414761   Object Totals
         0          0         32          0          0          0   (incl. Generated)
        32          0          2         12          3          0   (incl. Padding)

    ----------------------------------------------------------------------

      Code (inc. data)   RO Data    RW Data    ZI Data      Debug   Library Member Name

         8          0          0          0          0         68   __main.o
       104          0          0          0          0         84   __printf.o
         0          0          0          0          0          0   __rtentry.o
        12          0          0          0          0          0   __rtentry2.o
         6          0          0          0          0          0   __rtentry4.o
        52          8          0          0          0          0   __scatter.o
        26          0          0          0          0          0   __scatter_copy.o
        28          0          0          0          0          0   __scatter_zi.o
        48          6          0          0          0         96   _printf_char_common.o
        36          4          0          0          0         80   _printf_char_file.o
         6          0          0          0          0          0   _printf_d.o
       120         16          0          0          0         92   _printf_dec.o
       178          0          0          0          0         88   _printf_intcommon.o
         0          0          0          0          0          0   _printf_percent.o
         4          0          0          0          0          0   _printf_percent_end.o
        18          0          0          0          0         80   exit.o
         8          0          0          0          0         68   ferror.o
         6          0          0          0          0        152   heapauxi.o
         2          0          0          0          0          0   libinit.o
         2          0          0          0          0          0   libinit2.o
         2          0          0          0          0          0   libshutdown.o
         2          0          0          0          0          0   libshutdown2.o
         8          4          0          0         96         68   libspace.o
        24          4          0          0          0         84   noretval__2printf.o
       138          0          0          0          0         68   rt_memcpy_v6.o
       100          0          0          0          0         80   rt_memcpy_w.o
         2          0          0          0          0          0   rtexit.o
        10          0          0          0          0          0   rtexit2.o
        74          0          0          0          0         80   sys_stackheap_outer.o
         2          0          0          0          0         68   use_no_semi.o
         2          0          0          0          0         68   use_no_semi_2.o

    ----------------------------------------------------------------------
      1032         42          0          0        100       1324   Library Totals
         4          0          0          0          4          0   (incl. Padding)

    ----------------------------------------------------------------------

      Code (inc. data)   RO Data    RW Data    ZI Data      Debug   Library Name

      1028         42          0          0         96       1324   c_w.l

    ----------------------------------------------------------------------
      1032         42          0          0        100       1324   Library Totals

    ----------------------------------------------------------------------

==============================================================================


      Code (inc. data)   RO Data    RW Data    ZI Data      Debug   

     12732       1014        432        228      20156     405109   Grand Totals
     12732       1014        432        228      20156     405109   ELF Image Totals
     12732       1014        432        228          0          0   ROM Totals

==============================================================================

    Total RO  Size (Code + RO Data)                13164 (  12.86kB)
    Total RW  Size (RW Data + ZI Data)             20384 (  19.91kB)
    Total ROM Size (Code + RO Data + RW Data)      13392 (  13.08kB)

==============================================================================

