<html>
<body>
<pre>
<h1>µVision Build Log</h1>
<h2>Tool Versions:</h2>
IDE-Version: ¦ÌVision V5.35.0.0
Copyright (C) 2021 ARM Ltd and ARM Germany GmbH. All rights reserved.
License Information: Tuimao Tuimao, Tuimao, LIC=6XJT4-FW9SZ-8YWVV-PESCY-1YVS9-DBVG7
 
Tool Versions:
Toolchain:       MDK-ARM Professional  Version: 5.35.0.2
Toolchain Path:  D:\DevelopTool\Keil\ARM\ARMCC\Bin
C Compiler:      Armcc.exe V5.06 update 7 (build 960)
Assembler:       Armasm.exe V5.06 update 7 (build 960)
Linker/Locator:  ArmLink.exe V5.06 update 7 (build 960)
Library Manager: ArmAr.exe V5.06 update 7 (build 960)
Hex Converter:   FromElf.exe V5.06 update 7 (build 960)
CPU DLL:         SARMCM3.DLL V5.35.0.2
Dialog DLL:      DARMSTM.DLL V1.68.0.0
Target DLL:      STLink\ST-LINKIII-KEIL_SWO.dll V3.0.9.0
Dialog DLL:      TARMSTM.DLL V1.66.0.0
 
<h2>Project:</h2>
D:\DesktopFile\¼æÖ°¹¤×÷\FreeRTOS-modify\Main\FreeRTOS-Base.uvprojx
Project File Date:  03/21/2023

<h2>Output:</h2>
*** Using Compiler 'V5.06 update 7 (build 960)', folder: 'D:\DevelopTool\Keil\ARM\ARMCC\Bin'
Rebuild target 'FreeRTOS-Base'
assembling startup_stm32f10x_hd.s...
compiling core_cm3.c...
compiling misc.c...
compiling stm32f10x_gpio.c...
compiling stm32f10x_rcc.c...
compiling stm32f10x_usart.c...
compiling list.c...
compiling croutine.c...
compiling heap_4.c...
compiling event_groups.c...
compiling timers.c...
compiling queue.c...
compiling stm32f10x_tim.c...
compiling tasks.c...
compiling main.c...
compiling stm32f10x_it.c...
compiling port.c...
compiling system_stm32f10x.c...
compiling mode.c...
compiling mode_task.c...
compiling mcu_api.c...
compiling system.c...
compiling AutoRun.c...
compiling TimeHeat.c...
compiling PirDetect.c...
compiling delay.c...
compiling usart.c...
compiling sys.c...
compiling timer.c...
compiling protocol.c...
compiling tuya_wifi_usart.c...
compiling config.c...
compiling wifi_usart.c...
compiling key_gpio.c...
compiling device_gpio.c...
compiling DHT20_i2c.c...
compiling JW01_usart.c...
compiling key.c...
compiling buzzer.c...
compiling sensor_JW01.c...
compiling sensor_DHT20.c...
compiling device.c...
linking...
Program Size: Code=14552 RO-data=444 RW-data=264 ZI-data=20152  
FromELF: creating hex file...
"..\OBJ\FreeRTOS_Tuya.axf" - 0 Error(s), 0 Warning(s).

<h2>Software Packages used:</h2>

Package Vendor: Keil
                http://www.keil.com/pack/Keil.STM32F1xx_DFP.2.3.0.pack
                Keil.STM32F1xx_DFP.2.3.0
                STMicroelectronics STM32F1 Series Device Support, Drivers and Examples

<h2>Collection of Component include folders:</h2>
  D:\DevelopTool\Keil\Packs\Keil\STM32F1xx_DFP\2.3.0\Device\Include

<h2>Collection of Component Files used:</h2>
Build Time Elapsed:  00:00:02
</pre>
</body>
</html>
